#! /usr/bin/vvp
:ivl_version "12.0 (stable)";
:ivl_delay_selection "TYPICAL";
:vpi_time_precision - 12;
:vpi_module "/usr/lib/x86_64-linux-gnu/ivl/system.vpi";
:vpi_module "/usr/lib/x86_64-linux-gnu/ivl/vhdl_sys.vpi";
:vpi_module "/usr/lib/x86_64-linux-gnu/ivl/vhdl_textio.vpi";
:vpi_module "/usr/lib/x86_64-linux-gnu/ivl/v2005_math.vpi";
:vpi_module "/usr/lib/x86_64-linux-gnu/ivl/va_math.vpi";
S_0x5dabd1c9fee0 .scope module, "ternary_mem_tb" "ternary_mem_tb" 2 25;
 .timescale -9 -12;
P_0x5dabd1c51af0 .param/l "BAD" 1 2 78, C4<110000000000000000000011>;
v0x5dabd1cf4230_0 .var/i "c", 31 0;
v0x5dabd1cf4310_0 .var "c7", 6 0;
v0x5dabd1cf43f0_0 .var "c8", 7 0;
v0x5dabd1cf44e0_0 .net "can_bad", 11 0, v0x5dabd1cf3e20_0;  1 drivers
v0x5dabd1cf45d0_0 .net "can_flag", 0 0, L_0x5dabd1cf8720;  1 drivers
v0x5dabd1cf46c0_0 .var "can_word", 23 0;
v0x5dabd1cf4790_0 .net "cf", 0 0, L_0x5dabd1cf85c0;  1 drivers
v0x5dabd1cf4860_0 .var "clk", 0 0;
v0x5dabd1cf4900_0 .var "ct", 1 0;
v0x5dabd1cf49d0_0 .var/i "d0", 31 0;
v0x5dabd1cf4a70_0 .var/i "d1", 31 0;
v0x5dabd1cf4b30_0 .var/i "d2", 31 0;
v0x5dabd1cf4c10_0 .var/i "d3", 31 0;
v0x5dabd1cf4cf0_0 .var/i "d4", 31 0;
v0x5dabd1cf4dd0_0 .var/i "errors", 31 0;
v0x5dabd1cf4eb0_0 .var "expect", 31 0;
v0x5dabd1cf4f90_0 .var/i "i", 31 0;
v0x5dabd1cf5070_0 .net "packed4", 6 0, v0x5dabd1ce8cb0_0;  1 drivers
v0x5dabd1cf5160_0 .net "packed5", 7 0, v0x5dabd1ce9540_0;  1 drivers
v0x5dabd1cf5230_0 .var "packed_in4", 6 0;
v0x5dabd1cf5300_0 .var "packed_in5", 7 0;
v0x5dabd1cf53d0 .array "pats", 7 0, 23 0;
v0x5dabd1cf5470_0 .var "ra", 2 0;
v0x5dabd1cf5560_0 .net "rd", 23 0, L_0x5dabd1cf8280;  1 drivers
v0x5dabd1cf5600_0 .net "rd_canary", 0 0, L_0x5dabd1cf8390;  1 drivers
v0x5dabd1cf56f0_0 .var "ref4", 7 0;
v0x5dabd1cf57d0_0 .var "ref5", 9 0;
v0x5dabd1cf58b0_0 .net "trits4", 7 0, v0x5dabd1cf2b00_0;  1 drivers
v0x5dabd1cf5970_0 .net "trits5", 9 0, v0x5dabd1cf3900_0;  1 drivers
v0x5dabd1cf5a10_0 .var "trits_in4", 7 0;
v0x5dabd1cf5ae0_0 .var "trits_in5", 9 0;
v0x5dabd1cf5bb0_0 .var "wa", 2 0;
v0x5dabd1cf5c80_0 .var "wd", 23 0;
v0x5dabd1cf5d70_0 .net "wd_canary", 0 0, L_0x5dabd1cf82f0;  1 drivers
v0x5dabd1cf5e60_0 .var "we", 0 0;
S_0x5dabd1c9acc0 .scope task, "check_eq" "check_eq" 2 81, 2 81 0, S_0x5dabd1c9fee0;
 .timescale -9 -12;
v0x5dabd1ca06c0_0 .var "actual", 31 0;
v0x5dabd1c9eb60_0 .var "expected", 31 0;
v0x5dabd1c9d000_0 .var "msg", 383 0;
TD_ternary_mem_tb.check_eq ;
    %load/vec4 v0x5dabd1c9eb60_0;
    %load/vec4 v0x5dabd1ca06c0_0;
    %cmp/ne;
    %jmp/0xz  T_0.0, 6;
    %load/vec4 v0x5dabd1cf4dd0_0;
    %addi 1, 0, 32;
    %store/vec4 v0x5dabd1cf4dd0_0, 0, 32;
    %vpi_call 2 88 "$display", "FAIL: %0s  expected=%b  got=%b", v0x5dabd1c9d000_0, v0x5dabd1c9eb60_0, v0x5dabd1ca06c0_0 {0 0 0};
    %jmp T_0.1;
T_0.0 ;
    %vpi_call 2 90 "$display", "PASS: %0s", v0x5dabd1c9d000_0 {0 0 0};
T_0.1 ;
    %end;
S_0x5dabd1ce8390 .scope task, "pulse_clk" "pulse_clk" 2 95, 2 95 0, S_0x5dabd1c9fee0;
 .timescale -9 -12;
TD_ternary_mem_tb.pulse_clk ;
    %pushi/vec4 1, 0, 1;
    %store/vec4 v0x5dabd1cf4860_0, 0, 1;
    %delay 1000, 0;
    %pushi/vec4 0, 0, 1;
    %store/vec4 v0x5dabd1cf4860_0, 0, 1;
    %delay 1000, 0;
    %end;
S_0x5dabd1ce8590 .scope function.vec4.s2, "ref_trit" "ref_trit" 2 102, 2 102 0, S_0x5dabd1c9fee0;
 .timescale -9 -12;
v0x5dabd1c9b4a0_0 .var/i "d", 31 0;
; Variable ref_trit is vec4 return value of scope S_0x5dabd1ce8590
TD_ternary_mem_tb.ref_trit ;
    %load/vec4 v0x5dabd1c9b4a0_0;
    %dup/vec4;
    %pushi/vec4 0, 0, 32;
    %cmp/u;
    %jmp/1 T_2.2, 6;
    %dup/vec4;
    %pushi/vec4 1, 0, 32;
    %cmp/u;
    %jmp/1 T_2.3, 6;
    %dup/vec4;
    %pushi/vec4 2, 0, 32;
    %cmp/u;
    %jmp/1 T_2.4, 6;
    %pushi/vec4 0, 0, 2;
    %ret/vec4 0, 0, 2;  Assign to ref_trit (store_vec4_to_lval)
    %jmp T_2.6;
T_2.2 ;
    %pushi/vec4 2, 0, 2;
    %ret/vec4 0, 0, 2;  Assign to ref_trit (store_vec4_to_lval)
    %jmp T_2.6;
T_2.3 ;
    %pushi/vec4 0, 0, 2;
    %ret/vec4 0, 0, 2;  Assign to ref_trit (store_vec4_to_lval)
    %jmp T_2.6;
T_2.4 ;
    %pushi/vec4 1, 0, 2;
    %ret/vec4 0, 0, 2;  Assign to ref_trit (store_vec4_to_lval)
    %jmp T_2.6;
T_2.6 ;
    %pop/vec4 1;
    %end;
S_0x5dabd1ce87d0 .scope module, "u_p4" "pack4_trits" 2 60, 3 136 0, S_0x5dabd1c9fee0;
 .timescale -9 -12;
    .port_info 0 /INPUT 8 "trits";
    .port_info 1 /OUTPUT 7 "packed";
v0x5dabd1ce8cb0_0 .var "packed", 6 0;
v0x5dabd1ce8db0_0 .net "trits", 7 0, v0x5dabd1cf5a10_0;  1 drivers
E_0x5dabd1c55b10 .event anyedge, v0x5dabd1ce8db0_0;
S_0x5dabd1ce8a10 .scope function.vec4.u32, "trit_to_digit" "trit_to_digit" 3 140, 3 140 0, S_0x5dabd1ce87d0;
 .timescale -9 -12;
v0x5dabd1c97de0_0 .var "t", 1 0;
; Variable trit_to_digit is vec4 return value of scope S_0x5dabd1ce8a10
TD_ternary_mem_tb.u_p4.trit_to_digit ;
    %load/vec4 v0x5dabd1c97de0_0;
    %parti/s 1, 0, 2;
    %flag_set/vec4 8;
    %jmp/0 T_3.7, 8;
    %pushi/vec4 2, 0, 32;
    %jmp/1 T_3.8, 8;
T_3.7 ; End of true expr.
    %load/vec4 v0x5dabd1c97de0_0;
    %parti/s 1, 1, 2;
    %flag_set/vec4 9;
    %jmp/0 T_3.9, 9;
    %pushi/vec4 0, 0, 32;
    %jmp/1 T_3.10, 9;
T_3.9 ; End of true expr.
    %pushi/vec4 1, 0, 32;
    %jmp/0 T_3.10, 9;
 ; End of false expr.
    %blend;
T_3.10;
    %jmp/0 T_3.8, 8;
 ; End of false expr.
    %blend;
T_3.8;
    %ret/vec4 0, 0, 32;  Assign to trit_to_digit (store_vec4_to_lval)
    %end;
S_0x5dabd1ce8ef0 .scope module, "u_p5" "pack5_trits" 2 62, 3 194 0, S_0x5dabd1c9fee0;
 .timescale -9 -12;
    .port_info 0 /INPUT 10 "trits";
    .port_info 1 /OUTPUT 8 "packed";
v0x5dabd1ce9540_0 .var "packed", 7 0;
v0x5dabd1ce9640_0 .net "trits", 9 0, v0x5dabd1cf5ae0_0;  1 drivers
E_0x5dabd1c33640 .event anyedge, v0x5dabd1ce9640_0;
S_0x5dabd1ce9160 .scope function.vec4.u32, "trit_to_digit" "trit_to_digit" 3 198, 3 198 0, S_0x5dabd1ce8ef0;
 .timescale -9 -12;
v0x5dabd1ce9360_0 .var "t", 1 0;
; Variable trit_to_digit is vec4 return value of scope S_0x5dabd1ce9160
TD_ternary_mem_tb.u_p5.trit_to_digit ;
    %load/vec4 v0x5dabd1ce9360_0;
    %parti/s 1, 0, 2;
    %flag_set/vec4 8;
    %jmp/0 T_4.11, 8;
    %pushi/vec4 2, 0, 32;
    %jmp/1 T_4.12, 8;
T_4.11 ; End of true expr.
    %load/vec4 v0x5dabd1ce9360_0;
    %parti/s 1, 1, 2;
    %flag_set/vec4 9;
    %jmp/0 T_4.13, 9;
    %pushi/vec4 0, 0, 32;
    %jmp/1 T_4.14, 9;
T_4.13 ; End of true expr.
    %pushi/vec4 1, 0, 32;
    %jmp/0 T_4.14, 9;
 ; End of false expr.
    %blend;
T_4.14;
    %jmp/0 T_4.12, 8;
 ; End of false expr.
    %blend;
T_4.12;
    %ret/vec4 0, 0, 32;  Assign to trit_to_digit (store_vec4_to_lval)
    %end;
S_0x5dabd1ce9780 .scope module, "u_rf" "tregfile" 2 35, 3 96 0, S_0x5dabd1c9fee0;
 .timescale -9 -12;
    .port_info 0 /INPUT 1 "clk";
    .port_info 1 /INPUT 1 "we";
    .port_info 2 /INPUT 3 "wa";
    .port_info 3 /INPUT 3 "ra";
    .port_info 4 /INPUT 24 "wd";
    .port_info 5 /OUTPUT 24 "rd";
    .port_info 6 /OUTPUT 1 "rd_canary";
    .port_info 7 /OUTPUT 1 "wd_canary";
P_0x5dabd1cc3d70 .param/l "AW" 1 3 108, +C4<00000000000000000000000000000011>;
P_0x5dabd1cc3db0 .param/l "DEPTH" 0 3 97, +C4<00000000000000000000000000001000>;
L_0x5dabd1cf8280 .functor BUFZ 24, L_0x5dabd1cf8050, C4<000000000000000000000000>, C4<000000000000000000000000>, C4<000000000000000000000000>;
v0x5dabd1cf0d40_0 .net *"_ivl_0", 23 0, L_0x5dabd1cf8050;  1 drivers
v0x5dabd1cf0e20_0 .net *"_ivl_2", 4 0, L_0x5dabd1cf80f0;  1 drivers
L_0x70907b2a1258 .functor BUFT 1, C4<00>, C4<0>, C4<0>, C4<0>;
v0x5dabd1cf0f00_0 .net *"_ivl_5", 1 0, L_0x70907b2a1258;  1 drivers
v0x5dabd1cf0ff0_0 .net "clk", 0 0, v0x5dabd1cf4860_0;  1 drivers
v0x5dabd1cf1090 .array "q_arr", 7 0;
v0x5dabd1cf1090_0 .net v0x5dabd1cf1090 0, 23 0, v0x5dabd1cea300_0; 1 drivers
v0x5dabd1cf1090_1 .net v0x5dabd1cf1090 1, 23 0, v0x5dabd1ceaf10_0; 1 drivers
v0x5dabd1cf1090_2 .net v0x5dabd1cf1090 2, 23 0, v0x5dabd1cebba0_0; 1 drivers
v0x5dabd1cf1090_3 .net v0x5dabd1cf1090 3, 23 0, v0x5dabd1cec7a0_0; 1 drivers
v0x5dabd1cf1090_4 .net v0x5dabd1cf1090 4, 23 0, v0x5dabd1ced4b0_0; 1 drivers
v0x5dabd1cf1090_5 .net v0x5dabd1cf1090 5, 23 0, v0x5dabd1cee060_0; 1 drivers
v0x5dabd1cf1090_6 .net v0x5dabd1cf1090 6, 23 0, v0x5dabd1ceec90_0; 1 drivers
v0x5dabd1cf1090_7 .net v0x5dabd1cf1090 7, 23 0, v0x5dabd1cef8c0_0; 1 drivers
v0x5dabd1cf1340_0 .net "ra", 2 0, v0x5dabd1cf5470_0;  1 drivers
v0x5dabd1cf13e0_0 .net "rd", 23 0, L_0x5dabd1cf8280;  alias, 1 drivers
v0x5dabd1cf14b0_0 .net "rd_canary", 0 0, L_0x5dabd1cf8390;  alias, 1 drivers
v0x5dabd1cf1580_0 .net "wa", 2 0, v0x5dabd1cf5bb0_0;  1 drivers
v0x5dabd1cf1620_0 .net "wd", 23 0, v0x5dabd1cf5c80_0;  1 drivers
v0x5dabd1cf16f0_0 .net "wd_canary", 0 0, L_0x5dabd1cf82f0;  alias, 1 drivers
v0x5dabd1cf17c0_0 .net "we", 0 0, v0x5dabd1cf5e60_0;  1 drivers
L_0x5dabd1cf8050 .array/port v0x5dabd1cf1090, L_0x5dabd1cf80f0;
L_0x5dabd1cf80f0 .concat [ 3 2 0 0], v0x5dabd1cf5470_0, L_0x70907b2a1258;
S_0x5dabd1ce9bb0 .scope generate, "regs[0]" "regs[0]" 3 115, 3 115 0, S_0x5dabd1ce9780;
 .timescale -9 -12;
P_0x5dabd1ce99b0 .param/l "ROW" 1 3 116, C4<000>;
P_0x5dabd1ce99f0 .param/l "r" 1 3 115, +C4<00>;
L_0x5dabd1ca0340 .functor AND 1, v0x5dabd1cf5e60_0, L_0x5dabd1cf6620, C4<1>, C4<1>;
L_0x70907b2a1018 .functor BUFT 1, C4<000>, C4<0>, C4<0>, C4<0>;
v0x5dabd1cea440_0 .net/2u *"_ivl_0", 2 0, L_0x70907b2a1018;  1 drivers
v0x5dabd1cea520_0 .net *"_ivl_2", 0 0, L_0x5dabd1cf6620;  1 drivers
v0x5dabd1cea5e0_0 .net *"_ivl_5", 0 0, L_0x5dabd1ca0340;  1 drivers
v0x5dabd1cea6b0_0 .net "d_mux", 23 0, L_0x5dabd1cf6830;  1 drivers
L_0x5dabd1cf6620 .cmp/eq 3, v0x5dabd1cf5bb0_0, L_0x70907b2a1018;
L_0x5dabd1cf6830 .functor MUXZ 24, v0x5dabd1cea300_0, v0x5dabd1cf5c80_0, L_0x5dabd1ca0340, C4<>;
S_0x5dabd1ce9eb0 .scope module, "u_ff" "tword_ff" 3 119, 4 79 0, S_0x5dabd1ce9bb0;
 .timescale -9 -12;
    .port_info 0 /INPUT 1 "clk";
    .port_info 1 /INPUT 24 "d";
    .port_info 2 /OUTPUT 24 "q";
v0x5dabd1cea140_0 .net "clk", 0 0, v0x5dabd1cf4860_0;  alias, 1 drivers
v0x5dabd1cea220_0 .net "d", 23 0, L_0x5dabd1cf6830;  alias, 1 drivers
v0x5dabd1cea300_0 .var "q", 23 0;
E_0x5dabd1ccf6d0 .event posedge, v0x5dabd1cea140_0;
S_0x5dabd1cea7a0 .scope generate, "regs[1]" "regs[1]" 3 115, 3 115 0, S_0x5dabd1ce9780;
 .timescale -9 -12;
P_0x5dabd1cea9a0 .param/l "ROW" 1 3 116, C4<001>;
P_0x5dabd1cea9e0 .param/l "r" 1 3 115, +C4<01>;
L_0x5dabd1c9e7e0 .functor AND 1, v0x5dabd1cf5e60_0, L_0x5dabd1cf69e0, C4<1>, C4<1>;
L_0x70907b2a1060 .functor BUFT 1, C4<001>, C4<0>, C4<0>, C4<0>;
v0x5dabd1ceb080_0 .net/2u *"_ivl_0", 2 0, L_0x70907b2a1060;  1 drivers
v0x5dabd1ceb160_0 .net *"_ivl_2", 0 0, L_0x5dabd1cf69e0;  1 drivers
v0x5dabd1ceb220_0 .net *"_ivl_5", 0 0, L_0x5dabd1c9e7e0;  1 drivers
v0x5dabd1ceb2f0_0 .net "d_mux", 23 0, L_0x5dabd1cf6b20;  1 drivers
L_0x5dabd1cf69e0 .cmp/eq 3, v0x5dabd1cf5bb0_0, L_0x70907b2a1060;
L_0x5dabd1cf6b20 .functor MUXZ 24, v0x5dabd1ceaf10_0, v0x5dabd1cf5c80_0, L_0x5dabd1c9e7e0, C4<>;
S_0x5dabd1ceab10 .scope module, "u_ff" "tword_ff" 3 119, 4 79 0, S_0x5dabd1cea7a0;
 .timescale -9 -12;
    .port_info 0 /INPUT 1 "clk";
    .port_info 1 /INPUT 24 "d";
    .port_info 2 /OUTPUT 24 "q";
v0x5dabd1cead60_0 .net "clk", 0 0, v0x5dabd1cf4860_0;  alias, 1 drivers
v0x5dabd1ceae50_0 .net "d", 23 0, L_0x5dabd1cf6b20;  alias, 1 drivers
v0x5dabd1ceaf10_0 .var "q", 23 0;
S_0x5dabd1ceb3e0 .scope generate, "regs[2]" "regs[2]" 3 115, 3 115 0, S_0x5dabd1ce9780;
 .timescale -9 -12;
P_0x5dabd1ceb5f0 .param/l "ROW" 1 3 116, C4<010>;
P_0x5dabd1ceb630 .param/l "r" 1 3 115, +C4<010>;
L_0x5dabd1c9cc80 .functor AND 1, v0x5dabd1cf5e60_0, L_0x5dabd1cf6cd0, C4<1>, C4<1>;
L_0x70907b2a10a8 .functor BUFT 1, C4<010>, C4<0>, C4<0>, C4<0>;
v0x5dabd1cebce0_0 .net/2u *"_ivl_0", 2 0, L_0x70907b2a10a8;  1 drivers
v0x5dabd1cebdc0_0 .net *"_ivl_2", 0 0, L_0x5dabd1cf6cd0;  1 drivers
v0x5dabd1cebe80_0 .net *"_ivl_5", 0 0, L_0x5dabd1c9cc80;  1 drivers
v0x5dabd1cebf50_0 .net "d_mux", 23 0, L_0x5dabd1cf6e90;  1 drivers
L_0x5dabd1cf6cd0 .cmp/eq 3, v0x5dabd1cf5bb0_0, L_0x70907b2a10a8;
L_0x5dabd1cf6e90 .functor MUXZ 24, v0x5dabd1cebba0_0, v0x5dabd1cf5c80_0, L_0x5dabd1c9cc80, C4<>;
S_0x5dabd1ceb760 .scope module, "u_ff" "tword_ff" 3 119, 4 79 0, S_0x5dabd1ceb3e0;
 .timescale -9 -12;
    .port_info 0 /INPUT 1 "clk";
    .port_info 1 /INPUT 24 "d";
    .port_info 2 /OUTPUT 24 "q";
v0x5dabd1ceb9b0_0 .net "clk", 0 0, v0x5dabd1cf4860_0;  alias, 1 drivers
v0x5dabd1cebac0_0 .net "d", 23 0, L_0x5dabd1cf6e90;  alias, 1 drivers
v0x5dabd1cebba0_0 .var "q", 23 0;
S_0x5dabd1cec040 .scope generate, "regs[3]" "regs[3]" 3 115, 3 115 0, S_0x5dabd1ce9780;
 .timescale -9 -12;
P_0x5dabd1cec220 .param/l "ROW" 1 3 116, C4<011>;
P_0x5dabd1cec260 .param/l "r" 1 3 115, +C4<011>;
L_0x5dabd1c9b120 .functor AND 1, v0x5dabd1cf5e60_0, L_0x5dabd1cf6fd0, C4<1>, C4<1>;
L_0x70907b2a10f0 .functor BUFT 1, C4<011>, C4<0>, C4<0>, C4<0>;
v0x5dabd1cec910_0 .net/2u *"_ivl_0", 2 0, L_0x70907b2a10f0;  1 drivers
v0x5dabd1cec9f0_0 .net *"_ivl_2", 0 0, L_0x5dabd1cf6fd0;  1 drivers
v0x5dabd1cecab0_0 .net *"_ivl_5", 0 0, L_0x5dabd1c9b120;  1 drivers
v0x5dabd1cecb80_0 .net "d_mux", 23 0, L_0x5dabd1cf7110;  1 drivers
L_0x5dabd1cf6fd0 .cmp/eq 3, v0x5dabd1cf5bb0_0, L_0x70907b2a10f0;
L_0x5dabd1cf7110 .functor MUXZ 24, v0x5dabd1cec7a0_0, v0x5dabd1cf5c80_0, L_0x5dabd1c9b120, C4<>;
S_0x5dabd1cec3b0 .scope module, "u_ff" "tword_ff" 3 119, 4 79 0, S_0x5dabd1cec040;
 .timescale -9 -12;
    .port_info 0 /INPUT 1 "clk";
    .port_info 1 /INPUT 24 "d";
    .port_info 2 /OUTPUT 24 "q";
v0x5dabd1cec600_0 .net "clk", 0 0, v0x5dabd1cf4860_0;  alias, 1 drivers
v0x5dabd1cec6c0_0 .net "d", 23 0, L_0x5dabd1cf7110;  alias, 1 drivers
v0x5dabd1cec7a0_0 .var "q", 23 0;
S_0x5dabd1cecc70 .scope generate, "regs[4]" "regs[4]" 3 115, 3 115 0, S_0x5dabd1ce9780;
 .timescale -9 -12;
P_0x5dabd1cecea0 .param/l "ROW" 1 3 116, C4<100>;
P_0x5dabd1cecee0 .param/l "r" 1 3 115, +C4<0100>;
L_0x5dabd1c995c0 .functor AND 1, v0x5dabd1cf5e60_0, L_0x5dabd1cf7310, C4<1>, C4<1>;
L_0x70907b2a1138 .functor BUFT 1, C4<100>, C4<0>, C4<0>, C4<0>;
v0x5dabd1ced5f0_0 .net/2u *"_ivl_0", 2 0, L_0x70907b2a1138;  1 drivers
v0x5dabd1ced6d0_0 .net *"_ivl_2", 0 0, L_0x5dabd1cf7310;  1 drivers
v0x5dabd1ced790_0 .net *"_ivl_5", 0 0, L_0x5dabd1c995c0;  1 drivers
v0x5dabd1ced860_0 .net "d_mux", 23 0, L_0x5dabd1cf7450;  1 drivers
L_0x5dabd1cf7310 .cmp/eq 3, v0x5dabd1cf5bb0_0, L_0x70907b2a1138;
L_0x5dabd1cf7450 .functor MUXZ 24, v0x5dabd1ced4b0_0, v0x5dabd1cf5c80_0, L_0x5dabd1c995c0, C4<>;
S_0x5dabd1ced030 .scope module, "u_ff" "tword_ff" 3 119, 4 79 0, S_0x5dabd1cecc70;
 .timescale -9 -12;
    .port_info 0 /INPUT 1 "clk";
    .port_info 1 /INPUT 24 "d";
    .port_info 2 /OUTPUT 24 "q";
v0x5dabd1ced280_0 .net "clk", 0 0, v0x5dabd1cf4860_0;  alias, 1 drivers
v0x5dabd1ced3d0_0 .net "d", 23 0, L_0x5dabd1cf7450;  alias, 1 drivers
v0x5dabd1ced4b0_0 .var "q", 23 0;
S_0x5dabd1ced950 .scope generate, "regs[5]" "regs[5]" 3 115, 3 115 0, S_0x5dabd1ce9780;
 .timescale -9 -12;
P_0x5dabd1cedae0 .param/l "ROW" 1 3 116, C4<101>;
P_0x5dabd1cedb20 .param/l "r" 1 3 115, +C4<0101>;
L_0x5dabd1c97a60 .functor AND 1, v0x5dabd1cf5e60_0, L_0x5dabd1cf7600, C4<1>, C4<1>;
L_0x70907b2a1180 .functor BUFT 1, C4<101>, C4<0>, C4<0>, C4<0>;
v0x5dabd1cee1d0_0 .net/2u *"_ivl_0", 2 0, L_0x70907b2a1180;  1 drivers
v0x5dabd1cee2b0_0 .net *"_ivl_2", 0 0, L_0x5dabd1cf7600;  1 drivers
v0x5dabd1cee370_0 .net *"_ivl_5", 0 0, L_0x5dabd1c97a60;  1 drivers
v0x5dabd1cee440_0 .net "d_mux", 23 0, L_0x5dabd1cf7740;  1 drivers
L_0x5dabd1cf7600 .cmp/eq 3, v0x5dabd1cf5bb0_0, L_0x70907b2a1180;
L_0x5dabd1cf7740 .functor MUXZ 24, v0x5dabd1cee060_0, v0x5dabd1cf5c80_0, L_0x5dabd1c97a60, C4<>;
S_0x5dabd1cedc70 .scope module, "u_ff" "tword_ff" 3 119, 4 79 0, S_0x5dabd1ced950;
 .timescale -9 -12;
    .port_info 0 /INPUT 1 "clk";
    .port_info 1 /INPUT 24 "d";
    .port_info 2 /OUTPUT 24 "q";
v0x5dabd1cedec0_0 .net "clk", 0 0, v0x5dabd1cf4860_0;  alias, 1 drivers
v0x5dabd1cedf80_0 .net "d", 23 0, L_0x5dabd1cf7740;  alias, 1 drivers
v0x5dabd1cee060_0 .var "q", 23 0;
S_0x5dabd1cee530 .scope generate, "regs[6]" "regs[6]" 3 115, 3 115 0, S_0x5dabd1ce9780;
 .timescale -9 -12;
P_0x5dabd1cee710 .param/l "ROW" 1 3 116, C4<110>;
P_0x5dabd1cee750 .param/l "r" 1 3 115, +C4<0110>;
L_0x5dabd1c95f00 .functor AND 1, v0x5dabd1cf5e60_0, L_0x5dabd1cf78f0, C4<1>, C4<1>;
L_0x70907b2a11c8 .functor BUFT 1, C4<110>, C4<0>, C4<0>, C4<0>;
v0x5dabd1ceee00_0 .net/2u *"_ivl_0", 2 0, L_0x70907b2a11c8;  1 drivers
v0x5dabd1ceeee0_0 .net *"_ivl_2", 0 0, L_0x5dabd1cf78f0;  1 drivers
v0x5dabd1ceefa0_0 .net *"_ivl_5", 0 0, L_0x5dabd1c95f00;  1 drivers
v0x5dabd1cef070_0 .net "d_mux", 23 0, L_0x5dabd1cf7c50;  1 drivers
L_0x5dabd1cf78f0 .cmp/eq 3, v0x5dabd1cf5bb0_0, L_0x70907b2a11c8;
L_0x5dabd1cf7c50 .functor MUXZ 24, v0x5dabd1ceec90_0, v0x5dabd1cf5c80_0, L_0x5dabd1c95f00, C4<>;
S_0x5dabd1cee8a0 .scope module, "u_ff" "tword_ff" 3 119, 4 79 0, S_0x5dabd1cee530;
 .timescale -9 -12;
    .port_info 0 /INPUT 1 "clk";
    .port_info 1 /INPUT 24 "d";
    .port_info 2 /OUTPUT 24 "q";
v0x5dabd1ceeaf0_0 .net "clk", 0 0, v0x5dabd1cf4860_0;  alias, 1 drivers
v0x5dabd1ceebb0_0 .net "d", 23 0, L_0x5dabd1cf7c50;  alias, 1 drivers
v0x5dabd1ceec90_0 .var "q", 23 0;
S_0x5dabd1cef160 .scope generate, "regs[7]" "regs[7]" 3 115, 3 115 0, S_0x5dabd1ce9780;
 .timescale -9 -12;
P_0x5dabd1cef340 .param/l "ROW" 1 3 116, C4<111>;
P_0x5dabd1cef380 .param/l "r" 1 3 115, +C4<0111>;
L_0x5dabd1cf7ef0 .functor AND 1, v0x5dabd1cf5e60_0, L_0x5dabd1cf7e00, C4<1>, C4<1>;
L_0x70907b2a1210 .functor BUFT 1, C4<111>, C4<0>, C4<0>, C4<0>;
v0x5dabd1cefa30_0 .net/2u *"_ivl_0", 2 0, L_0x70907b2a1210;  1 drivers
v0x5dabd1cefb10_0 .net *"_ivl_2", 0 0, L_0x5dabd1cf7e00;  1 drivers
v0x5dabd1cefbd0_0 .net *"_ivl_5", 0 0, L_0x5dabd1cf7ef0;  1 drivers
v0x5dabd1cefca0_0 .net "d_mux", 23 0, L_0x5dabd1cf11f0;  1 drivers
L_0x5dabd1cf7e00 .cmp/eq 3, v0x5dabd1cf5bb0_0, L_0x70907b2a1210;
L_0x5dabd1cf11f0 .functor MUXZ 24, v0x5dabd1cef8c0_0, v0x5dabd1cf5c80_0, L_0x5dabd1cf7ef0, C4<>;
S_0x5dabd1cef4d0 .scope module, "u_ff" "tword_ff" 3 119, 4 79 0, S_0x5dabd1cef160;
 .timescale -9 -12;
    .port_info 0 /INPUT 1 "clk";
    .port_info 1 /INPUT 24 "d";
    .port_info 2 /OUTPUT 24 "q";
v0x5dabd1cef720_0 .net "clk", 0 0, v0x5dabd1cf4860_0;  alias, 1 drivers
v0x5dabd1cef7e0_0 .net "d", 23 0, L_0x5dabd1cf11f0;  alias, 1 drivers
v0x5dabd1cef8c0_0 .var "q", 23 0;
S_0x5dabd1cefd90 .scope module, "u_rd_can" "tword_canary" 3 127, 3 65 0, S_0x5dabd1ce9780;
 .timescale -9 -12;
    .port_info 0 /INPUT 24 "word";
    .port_info 1 /OUTPUT 12 "bad";
    .port_info 2 /OUTPUT 1 "flag";
P_0x5dabd1cece50 .param/l "NTRITS" 0 3 66, +C4<00000000000000000000000000001100>;
v0x5dabd1cf01a0_0 .var "bad", 11 0;
v0x5dabd1cf02a0_0 .net "flag", 0 0, L_0x5dabd1cf8390;  alias, 1 drivers
v0x5dabd1cf0360_0 .var/i "i", 31 0;
v0x5dabd1cf0450_0 .net "word", 23 0, L_0x5dabd1cf8280;  alias, 1 drivers
E_0x5dabd1cce300 .event anyedge, v0x5dabd1cf0450_0;
L_0x5dabd1cf8390 .reduce/or v0x5dabd1cf01a0_0;
S_0x5dabd1cf05b0 .scope module, "u_wd_can" "tword_canary" 3 126, 3 65 0, S_0x5dabd1ce9780;
 .timescale -9 -12;
    .port_info 0 /INPUT 24 "word";
    .port_info 1 /OUTPUT 12 "bad";
    .port_info 2 /OUTPUT 1 "flag";
P_0x5dabd1cf0790 .param/l "NTRITS" 0 3 66, +C4<00000000000000000000000000001100>;
v0x5dabd1cf0930_0 .var "bad", 11 0;
v0x5dabd1cf0a30_0 .net "flag", 0 0, L_0x5dabd1cf82f0;  alias, 1 drivers
v0x5dabd1cf0af0_0 .var/i "i", 31 0;
v0x5dabd1cf0be0_0 .net "word", 23 0, v0x5dabd1cf5c80_0;  alias, 1 drivers
E_0x5dabd1cf08b0 .event anyedge, v0x5dabd1cf0be0_0;
L_0x5dabd1cf82f0 .reduce/or v0x5dabd1cf0930_0;
S_0x5dabd1cf18c0 .scope module, "u_tc" "trit_canary" 2 43, 3 53 0, S_0x5dabd1c9fee0;
 .timescale -9 -12;
    .port_info 0 /INPUT 2 "t";
    .port_info 1 /OUTPUT 1 "flag";
L_0x5dabd1cf85c0 .functor AND 1, L_0x5dabd1cf8430, L_0x5dabd1cf8520, C4<1>, C4<1>;
v0x5dabd1cf1ab0_0 .net *"_ivl_1", 0 0, L_0x5dabd1cf8430;  1 drivers
v0x5dabd1cf1bb0_0 .net *"_ivl_3", 0 0, L_0x5dabd1cf8520;  1 drivers
v0x5dabd1cf1c90_0 .net "flag", 0 0, L_0x5dabd1cf85c0;  alias, 1 drivers
v0x5dabd1cf1d60_0 .net "t", 1 0, v0x5dabd1cf4900_0;  1 drivers
L_0x5dabd1cf8430 .part v0x5dabd1cf4900_0, 1, 1;
L_0x5dabd1cf8520 .part v0x5dabd1cf4900_0, 0, 1;
S_0x5dabd1cf1ea0 .scope module, "u_u4" "unpack4_trits" 2 61, 3 162 0, S_0x5dabd1c9fee0;
 .timescale -9 -12;
    .port_info 0 /INPUT 7 "packed";
    .port_info 1 /OUTPUT 8 "trits";
v0x5dabd1cf2540_0 .var/i "p", 31 0;
v0x5dabd1cf2640_0 .net "packed", 6 0, v0x5dabd1cf5230_0;  1 drivers
v0x5dabd1cf2720_0 .var "t0", 1 0;
v0x5dabd1cf2810_0 .var "t1", 1 0;
v0x5dabd1cf28f0_0 .var "t2", 1 0;
v0x5dabd1cf2a20_0 .var "t3", 1 0;
v0x5dabd1cf2b00_0 .var "trits", 7 0;
E_0x5dabd1cf20c0/0 .event anyedge, v0x5dabd1cf2640_0, v0x5dabd1cf2540_0, v0x5dabd1cf2a20_0, v0x5dabd1cf28f0_0;
E_0x5dabd1cf20c0/1 .event anyedge, v0x5dabd1cf2810_0, v0x5dabd1cf2720_0;
E_0x5dabd1cf20c0 .event/or E_0x5dabd1cf20c0/0, E_0x5dabd1cf20c0/1;
S_0x5dabd1cf2160 .scope function.vec4.s2, "digit_to_trit" "digit_to_trit" 3 166, 3 166 0, S_0x5dabd1cf1ea0;
 .timescale -9 -12;
v0x5dabd1cf2360_0 .var/i "d", 31 0;
; Variable digit_to_trit is vec4 return value of scope S_0x5dabd1cf2160
TD_ternary_mem_tb.u_u4.digit_to_trit ;
    %load/vec4 v0x5dabd1cf2360_0;
    %dup/vec4;
    %pushi/vec4 0, 0, 32;
    %cmp/u;
    %jmp/1 T_5.15, 6;
    %dup/vec4;
    %pushi/vec4 1, 0, 32;
    %cmp/u;
    %jmp/1 T_5.16, 6;
    %dup/vec4;
    %pushi/vec4 2, 0, 32;
    %cmp/u;
    %jmp/1 T_5.17, 6;
    %pushi/vec4 0, 0, 2;
    %ret/vec4 0, 0, 2;  Assign to digit_to_trit (store_vec4_to_lval)
    %jmp T_5.19;
T_5.15 ;
    %pushi/vec4 2, 0, 2;
    %ret/vec4 0, 0, 2;  Assign to digit_to_trit (store_vec4_to_lval)
    %jmp T_5.19;
T_5.16 ;
    %pushi/vec4 0, 0, 2;
    %ret/vec4 0, 0, 2;  Assign to digit_to_trit (store_vec4_to_lval)
    %jmp T_5.19;
T_5.17 ;
    %pushi/vec4 1, 0, 2;
    %ret/vec4 0, 0, 2;  Assign to digit_to_trit (store_vec4_to_lval)
    %jmp T_5.19;
T_5.19 ;
    %pop/vec4 1;
    %end;
S_0x5dabd1cf2c40 .scope module, "u_u5" "unpack5_trits" 2 63, 3 218 0, S_0x5dabd1c9fee0;
 .timescale -9 -12;
    .port_info 0 /INPUT 8 "packed";
    .port_info 1 /OUTPUT 10 "trits";
v0x5dabd1cf3290_0 .var/i "p", 31 0;
v0x5dabd1cf3390_0 .net "packed", 7 0, v0x5dabd1cf5300_0;  1 drivers
v0x5dabd1cf3470_0 .var "t0", 1 0;
v0x5dabd1cf3530_0 .var "t1", 1 0;
v0x5dabd1cf3610_0 .var "t2", 1 0;
v0x5dabd1cf3740_0 .var "t3", 1 0;
v0x5dabd1cf3820_0 .var "t4", 1 0;
v0x5dabd1cf3900_0 .var "trits", 9 0;
E_0x5dabd1cf2e60/0 .event anyedge, v0x5dabd1cf3390_0, v0x5dabd1cf3290_0, v0x5dabd1cf3820_0, v0x5dabd1cf3740_0;
E_0x5dabd1cf2e60/1 .event anyedge, v0x5dabd1cf3610_0, v0x5dabd1cf3530_0, v0x5dabd1cf3470_0;
E_0x5dabd1cf2e60 .event/or E_0x5dabd1cf2e60/0, E_0x5dabd1cf2e60/1;
S_0x5dabd1cf2f00 .scope function.vec4.s2, "digit_to_trit" "digit_to_trit" 3 222, 3 222 0, S_0x5dabd1cf2c40;
 .timescale -9 -12;
v0x5dabd1cf30b0_0 .var/i "d", 31 0;
; Variable digit_to_trit is vec4 return value of scope S_0x5dabd1cf2f00
TD_ternary_mem_tb.u_u5.digit_to_trit ;
    %load/vec4 v0x5dabd1cf30b0_0;
    %dup/vec4;
    %pushi/vec4 0, 0, 32;
    %cmp/u;
    %jmp/1 T_6.20, 6;
    %dup/vec4;
    %pushi/vec4 1, 0, 32;
    %cmp/u;
    %jmp/1 T_6.21, 6;
    %dup/vec4;
    %pushi/vec4 2, 0, 32;
    %cmp/u;
    %jmp/1 T_6.22, 6;
    %pushi/vec4 0, 0, 2;
    %ret/vec4 0, 0, 2;  Assign to digit_to_trit (store_vec4_to_lval)
    %jmp T_6.24;
T_6.20 ;
    %pushi/vec4 2, 0, 2;
    %ret/vec4 0, 0, 2;  Assign to digit_to_trit (store_vec4_to_lval)
    %jmp T_6.24;
T_6.21 ;
    %pushi/vec4 0, 0, 2;
    %ret/vec4 0, 0, 2;  Assign to digit_to_trit (store_vec4_to_lval)
    %jmp T_6.24;
T_6.22 ;
    %pushi/vec4 1, 0, 2;
    %ret/vec4 0, 0, 2;  Assign to digit_to_trit (store_vec4_to_lval)
    %jmp T_6.24;
T_6.24 ;
    %pop/vec4 1;
    %end;
S_0x5dabd1cf3a40 .scope module, "u_wc" "tword_canary" 2 48, 3 65 0, S_0x5dabd1c9fee0;
 .timescale -9 -12;
    .port_info 0 /INPUT 24 "word";
    .port_info 1 /OUTPUT 12 "bad";
    .port_info 2 /OUTPUT 1 "flag";
P_0x5dabd1cf3c20 .param/l "NTRITS" 0 3 66, +C4<00000000000000000000000000001100>;
v0x5dabd1cf3e20_0 .var "bad", 11 0;
v0x5dabd1cf3f20_0 .net "flag", 0 0, L_0x5dabd1cf8720;  alias, 1 drivers
v0x5dabd1cf3fe0_0 .var/i "i", 31 0;
v0x5dabd1cf40d0_0 .net "word", 23 0, v0x5dabd1cf46c0_0;  1 drivers
E_0x5dabd1cf3da0 .event anyedge, v0x5dabd1cf40d0_0;
L_0x5dabd1cf8720 .reduce/or v0x5dabd1cf3e20_0;
S_0x5dabd1c9e380 .scope module, "tff_edge" "tff_edge" 4 61;
 .timescale -9 -12;
    .port_info 0 /INPUT 1 "clk";
    .port_info 1 /INPUT 2 "d";
    .port_info 2 /OUTPUT 2 "q";
o0x70907b2ebde8 .functor BUFZ 1, C4<z>; HiZ drive
v0x5dabd1cf5f60_0 .net "clk", 0 0, o0x70907b2ebde8;  0 drivers
o0x70907b2ebe18 .functor BUFZ 2, C4<zz>; HiZ drive
v0x5dabd1cf6040_0 .net "d", 1 0, o0x70907b2ebe18;  0 drivers
v0x5dabd1cf6120_0 .var "q", 1 0;
E_0x5dabd1cf5f00 .event posedge, v0x5dabd1cf5f60_0;
S_0x5dabd1c9c820 .scope module, "tff_latch" "tff_latch" 4 42;
 .timescale -9 -12;
    .port_info 0 /INPUT 2 "d";
    .port_info 1 /INPUT 1 "en";
    .port_info 2 /OUTPUT 2 "q";
o0x70907b2ebf08 .functor BUFZ 2, C4<zz>; HiZ drive
v0x5dabd1cf62c0_0 .net "d", 1 0, o0x70907b2ebf08;  0 drivers
o0x70907b2ebf38 .functor BUFZ 1, C4<z>; HiZ drive
v0x5dabd1cf63c0_0 .net "en", 0 0, o0x70907b2ebf38;  0 drivers
v0x5dabd1cf6480_0 .var "q", 1 0;
E_0x5dabd1cf6260 .event anyedge, v0x5dabd1cf62c0_0, v0x5dabd1cf63c0_0;
    .scope S_0x5dabd1ce9eb0;
T_7 ;
    %pushi/vec4 0, 0, 24;
    %store/vec4 v0x5dabd1cea300_0, 0, 24;
    %end;
    .thread T_7;
    .scope S_0x5dabd1ce9eb0;
T_8 ;
    %wait E_0x5dabd1ccf6d0;
    %load/vec4 v0x5dabd1cea220_0;
    %assign/vec4 v0x5dabd1cea300_0, 0;
    %jmp T_8;
    .thread T_8;
    .scope S_0x5dabd1ceab10;
T_9 ;
    %pushi/vec4 0, 0, 24;
    %store/vec4 v0x5dabd1ceaf10_0, 0, 24;
    %end;
    .thread T_9;
    .scope S_0x5dabd1ceab10;
T_10 ;
    %wait E_0x5dabd1ccf6d0;
    %load/vec4 v0x5dabd1ceae50_0;
    %assign/vec4 v0x5dabd1ceaf10_0, 0;
    %jmp T_10;
    .thread T_10;
    .scope S_0x5dabd1ceb760;
T_11 ;
    %pushi/vec4 0, 0, 24;
    %store/vec4 v0x5dabd1cebba0_0, 0, 24;
    %end;
    .thread T_11;
    .scope S_0x5dabd1ceb760;
T_12 ;
    %wait E_0x5dabd1ccf6d0;
    %load/vec4 v0x5dabd1cebac0_0;
    %assign/vec4 v0x5dabd1cebba0_0, 0;
    %jmp T_12;
    .thread T_12;
    .scope S_0x5dabd1cec3b0;
T_13 ;
    %pushi/vec4 0, 0, 24;
    %store/vec4 v0x5dabd1cec7a0_0, 0, 24;
    %end;
    .thread T_13;
    .scope S_0x5dabd1cec3b0;
T_14 ;
    %wait E_0x5dabd1ccf6d0;
    %load/vec4 v0x5dabd1cec6c0_0;
    %assign/vec4 v0x5dabd1cec7a0_0, 0;
    %jmp T_14;
    .thread T_14;
    .scope S_0x5dabd1ced030;
T_15 ;
    %pushi/vec4 0, 0, 24;
    %store/vec4 v0x5dabd1ced4b0_0, 0, 24;
    %end;
    .thread T_15;
    .scope S_0x5dabd1ced030;
T_16 ;
    %wait E_0x5dabd1ccf6d0;
    %load/vec4 v0x5dabd1ced3d0_0;
    %assign/vec4 v0x5dabd1ced4b0_0, 0;
    %jmp T_16;
    .thread T_16;
    .scope S_0x5dabd1cedc70;
T_17 ;
    %pushi/vec4 0, 0, 24;
    %store/vec4 v0x5dabd1cee060_0, 0, 24;
    %end;
    .thread T_17;
    .scope S_0x5dabd1cedc70;
T_18 ;
    %wait E_0x5dabd1ccf6d0;
    %load/vec4 v0x5dabd1cedf80_0;
    %assign/vec4 v0x5dabd1cee060_0, 0;
    %jmp T_18;
    .thread T_18;
    .scope S_0x5dabd1cee8a0;
T_19 ;
    %pushi/vec4 0, 0, 24;
    %store/vec4 v0x5dabd1ceec90_0, 0, 24;
    %end;
    .thread T_19;
    .scope S_0x5dabd1cee8a0;
T_20 ;
    %wait E_0x5dabd1ccf6d0;
    %load/vec4 v0x5dabd1ceebb0_0;
    %assign/vec4 v0x5dabd1ceec90_0, 0;
    %jmp T_20;
    .thread T_20;
    .scope S_0x5dabd1cef4d0;
T_21 ;
    %pushi/vec4 0, 0, 24;
    %store/vec4 v0x5dabd1cef8c0_0, 0, 24;
    %end;
    .thread T_21;
    .scope S_0x5dabd1cef4d0;
T_22 ;
    %wait E_0x5dabd1ccf6d0;
    %load/vec4 v0x5dabd1cef7e0_0;
    %assign/vec4 v0x5dabd1cef8c0_0, 0;
    %jmp T_22;
    .thread T_22;
    .scope S_0x5dabd1cf05b0;
T_23 ;
    %wait E_0x5dabd1cf08b0;
    %pushi/vec4 0, 0, 12;
    %store/vec4 v0x5dabd1cf0930_0, 0, 12;
    %pushi/vec4 0, 0, 32;
    %store/vec4 v0x5dabd1cf0af0_0, 0, 32;
T_23.0 ;
    %load/vec4 v0x5dabd1cf0af0_0;
    %cmpi/s 12, 0, 32;
    %jmp/0xz T_23.1, 5;
    %load/vec4 v0x5dabd1cf0be0_0;
    %load/vec4 v0x5dabd1cf0af0_0;
    %muli 2, 0, 32;
    %addi 1, 0, 32;
    %part/s 1;
    %load/vec4 v0x5dabd1cf0be0_0;
    %load/vec4 v0x5dabd1cf0af0_0;
    %muli 2, 0, 32;
    %part/s 1;
    %and;
    %ix/getv/s 4, v0x5dabd1cf0af0_0;
    %store/vec4 v0x5dabd1cf0930_0, 4, 1;
    %load/vec4 v0x5dabd1cf0af0_0;
    %addi 1, 0, 32;
    %store/vec4 v0x5dabd1cf0af0_0, 0, 32;
    %jmp T_23.0;
T_23.1 ;
    %jmp T_23;
    .thread T_23, $push;
    .scope S_0x5dabd1cefd90;
T_24 ;
    %wait E_0x5dabd1cce300;
    %pushi/vec4 0, 0, 12;
    %store/vec4 v0x5dabd1cf01a0_0, 0, 12;
    %pushi/vec4 0, 0, 32;
    %store/vec4 v0x5dabd1cf0360_0, 0, 32;
T_24.0 ;
    %load/vec4 v0x5dabd1cf0360_0;
    %cmpi/s 12, 0, 32;
    %jmp/0xz T_24.1, 5;
    %load/vec4 v0x5dabd1cf0450_0;
    %load/vec4 v0x5dabd1cf0360_0;
    %muli 2, 0, 32;
    %addi 1, 0, 32;
    %part/s 1;
    %load/vec4 v0x5dabd1cf0450_0;
    %load/vec4 v0x5dabd1cf0360_0;
    %muli 2, 0, 32;
    %part/s 1;
    %and;
    %ix/getv/s 4, v0x5dabd1cf0360_0;
    %store/vec4 v0x5dabd1cf01a0_0, 4, 1;
    %load/vec4 v0x5dabd1cf0360_0;
    %addi 1, 0, 32;
    %store/vec4 v0x5dabd1cf0360_0, 0, 32;
    %jmp T_24.0;
T_24.1 ;
    %jmp T_24;
    .thread T_24, $push;
    .scope S_0x5dabd1cf3a40;
T_25 ;
    %wait E_0x5dabd1cf3da0;
    %pushi/vec4 0, 0, 12;
    %store/vec4 v0x5dabd1cf3e20_0, 0, 12;
    %pushi/vec4 0, 0, 32;
    %store/vec4 v0x5dabd1cf3fe0_0, 0, 32;
T_25.0 ;
    %load/vec4 v0x5dabd1cf3fe0_0;
    %cmpi/s 12, 0, 32;
    %jmp/0xz T_25.1, 5;
    %load/vec4 v0x5dabd1cf40d0_0;
    %load/vec4 v0x5dabd1cf3fe0_0;
    %muli 2, 0, 32;
    %addi 1, 0, 32;
    %part/s 1;
    %load/vec4 v0x5dabd1cf40d0_0;
    %load/vec4 v0x5dabd1cf3fe0_0;
    %muli 2, 0, 32;
    %part/s 1;
    %and;
    %ix/getv/s 4, v0x5dabd1cf3fe0_0;
    %store/vec4 v0x5dabd1cf3e20_0, 4, 1;
    %load/vec4 v0x5dabd1cf3fe0_0;
    %addi 1, 0, 32;
    %store/vec4 v0x5dabd1cf3fe0_0, 0, 32;
    %jmp T_25.0;
T_25.1 ;
    %jmp T_25;
    .thread T_25, $push;
    .scope S_0x5dabd1ce87d0;
T_26 ;
    %wait E_0x5dabd1c55b10;
    %load/vec4 v0x5dabd1ce8db0_0;
    %parti/s 2, 0, 2;
    %store/vec4 v0x5dabd1c97de0_0, 0, 2;
    %callf/vec4 TD_ternary_mem_tb.u_p4.trit_to_digit, S_0x5dabd1ce8a10;
    %load/vec4 v0x5dabd1ce8db0_0;
    %parti/s 2, 2, 3;
    %store/vec4 v0x5dabd1c97de0_0, 0, 2;
    %callf/vec4 TD_ternary_mem_tb.u_p4.trit_to_digit, S_0x5dabd1ce8a10;
    %muli 3, 0, 32;
    %add;
    %load/vec4 v0x5dabd1ce8db0_0;
    %parti/s 2, 4, 4;
    %store/vec4 v0x5dabd1c97de0_0, 0, 2;
    %callf/vec4 TD_ternary_mem_tb.u_p4.trit_to_digit, S_0x5dabd1ce8a10;
    %muli 9, 0, 32;
    %add;
    %load/vec4 v0x5dabd1ce8db0_0;
    %parti/s 2, 6, 4;
    %store/vec4 v0x5dabd1c97de0_0, 0, 2;
    %callf/vec4 TD_ternary_mem_tb.u_p4.trit_to_digit, S_0x5dabd1ce8a10;
    %muli 27, 0, 32;
    %add;
    %pad/s 7;
    %store/vec4 v0x5dabd1ce8cb0_0, 0, 7;
    %jmp T_26;
    .thread T_26, $push;
    .scope S_0x5dabd1cf1ea0;
T_27 ;
    %wait E_0x5dabd1cf20c0;
    %load/vec4 v0x5dabd1cf2640_0;
    %pad/u 32;
    %store/vec4 v0x5dabd1cf2540_0, 0, 32;
    %load/vec4 v0x5dabd1cf2540_0;
    %pushi/vec4 3, 0, 32;
    %mod/s;
    %store/vec4 v0x5dabd1cf2360_0, 0, 32;
    %callf/vec4 TD_ternary_mem_tb.u_u4.digit_to_trit, S_0x5dabd1cf2160;
    %store/vec4 v0x5dabd1cf2720_0, 0, 2;
    %load/vec4 v0x5dabd1cf2540_0;
    %pushi/vec4 3, 0, 32;
    %div/s;
    %store/vec4 v0x5dabd1cf2540_0, 0, 32;
    %load/vec4 v0x5dabd1cf2540_0;
    %pushi/vec4 3, 0, 32;
    %mod/s;
    %store/vec4 v0x5dabd1cf2360_0, 0, 32;
    %callf/vec4 TD_ternary_mem_tb.u_u4.digit_to_trit, S_0x5dabd1cf2160;
    %store/vec4 v0x5dabd1cf2810_0, 0, 2;
    %load/vec4 v0x5dabd1cf2540_0;
    %pushi/vec4 3, 0, 32;
    %div/s;
    %store/vec4 v0x5dabd1cf2540_0, 0, 32;
    %load/vec4 v0x5dabd1cf2540_0;
    %pushi/vec4 3, 0, 32;
    %mod/s;
    %store/vec4 v0x5dabd1cf2360_0, 0, 32;
    %callf/vec4 TD_ternary_mem_tb.u_u4.digit_to_trit, S_0x5dabd1cf2160;
    %store/vec4 v0x5dabd1cf28f0_0, 0, 2;
    %load/vec4 v0x5dabd1cf2540_0;
    %pushi/vec4 3, 0, 32;
    %div/s;
    %store/vec4 v0x5dabd1cf2540_0, 0, 32;
    %load/vec4 v0x5dabd1cf2540_0;
    %pushi/vec4 3, 0, 32;
    %mod/s;
    %store/vec4 v0x5dabd1cf2360_0, 0, 32;
    %callf/vec4 TD_ternary_mem_tb.u_u4.digit_to_trit, S_0x5dabd1cf2160;
    %store/vec4 v0x5dabd1cf2a20_0, 0, 2;
    %load/vec4 v0x5dabd1cf2a20_0;
    %load/vec4 v0x5dabd1cf28f0_0;
    %concat/vec4; draw_concat_vec4
    %load/vec4 v0x5dabd1cf2810_0;
    %concat/vec4; draw_concat_vec4
    %load/vec4 v0x5dabd1cf2720_0;
    %concat/vec4; draw_concat_vec4
    %store/vec4 v0x5dabd1cf2b00_0, 0, 8;
    %jmp T_27;
    .thread T_27, $push;
    .scope S_0x5dabd1ce8ef0;
T_28 ;
    %wait E_0x5dabd1c33640;
    %load/vec4 v0x5dabd1ce9640_0;
    %parti/s 2, 0, 2;
    %store/vec4 v0x5dabd1ce9360_0, 0, 2;
    %callf/vec4 TD_ternary_mem_tb.u_p5.trit_to_digit, S_0x5dabd1ce9160;
    %load/vec4 v0x5dabd1ce9640_0;
    %parti/s 2, 2, 3;
    %store/vec4 v0x5dabd1ce9360_0, 0, 2;
    %callf/vec4 TD_ternary_mem_tb.u_p5.trit_to_digit, S_0x5dabd1ce9160;
    %muli 3, 0, 32;
    %add;
    %load/vec4 v0x5dabd1ce9640_0;
    %parti/s 2, 4, 4;
    %store/vec4 v0x5dabd1ce9360_0, 0, 2;
    %callf/vec4 TD_ternary_mem_tb.u_p5.trit_to_digit, S_0x5dabd1ce9160;
    %muli 9, 0, 32;
    %add;
    %load/vec4 v0x5dabd1ce9640_0;
    %parti/s 2, 6, 4;
    %store/vec4 v0x5dabd1ce9360_0, 0, 2;
    %callf/vec4 TD_ternary_mem_tb.u_p5.trit_to_digit, S_0x5dabd1ce9160;
    %muli 27, 0, 32;
    %add;
    %load/vec4 v0x5dabd1ce9640_0;
    %parti/s 2, 8, 5;
    %store/vec4 v0x5dabd1ce9360_0, 0, 2;
    %callf/vec4 TD_ternary_mem_tb.u_p5.trit_to_digit, S_0x5dabd1ce9160;
    %muli 81, 0, 32;
    %add;
    %pad/s 8;
    %store/vec4 v0x5dabd1ce9540_0, 0, 8;
    %jmp T_28;
    .thread T_28, $push;
    .scope S_0x5dabd1cf2c40;
T_29 ;
    %wait E_0x5dabd1cf2e60;
    %load/vec4 v0x5dabd1cf3390_0;
    %pad/u 32;
    %store/vec4 v0x5dabd1cf3290_0, 0, 32;
    %load/vec4 v0x5dabd1cf3290_0;
    %pushi/vec4 3, 0, 32;
    %mod/s;
    %store/vec4 v0x5dabd1cf30b0_0, 0, 32;
    %callf/vec4 TD_ternary_mem_tb.u_u5.digit_to_trit, S_0x5dabd1cf2f00;
    %store/vec4 v0x5dabd1cf3470_0, 0, 2;
    %load/vec4 v0x5dabd1cf3290_0;
    %pushi/vec4 3, 0, 32;
    %div/s;
    %store/vec4 v0x5dabd1cf3290_0, 0, 32;
    %load/vec4 v0x5dabd1cf3290_0;
    %pushi/vec4 3, 0, 32;
    %mod/s;
    %store/vec4 v0x5dabd1cf30b0_0, 0, 32;
    %callf/vec4 TD_ternary_mem_tb.u_u5.digit_to_trit, S_0x5dabd1cf2f00;
    %store/vec4 v0x5dabd1cf3530_0, 0, 2;
    %load/vec4 v0x5dabd1cf3290_0;
    %pushi/vec4 3, 0, 32;
    %div/s;
    %store/vec4 v0x5dabd1cf3290_0, 0, 32;
    %load/vec4 v0x5dabd1cf3290_0;
    %pushi/vec4 3, 0, 32;
    %mod/s;
    %store/vec4 v0x5dabd1cf30b0_0, 0, 32;
    %callf/vec4 TD_ternary_mem_tb.u_u5.digit_to_trit, S_0x5dabd1cf2f00;
    %store/vec4 v0x5dabd1cf3610_0, 0, 2;
    %load/vec4 v0x5dabd1cf3290_0;
    %pushi/vec4 3, 0, 32;
    %div/s;
    %store/vec4 v0x5dabd1cf3290_0, 0, 32;
    %load/vec4 v0x5dabd1cf3290_0;
    %pushi/vec4 3, 0, 32;
    %mod/s;
    %store/vec4 v0x5dabd1cf30b0_0, 0, 32;
    %callf/vec4 TD_ternary_mem_tb.u_u5.digit_to_trit, S_0x5dabd1cf2f00;
    %store/vec4 v0x5dabd1cf3740_0, 0, 2;
    %load/vec4 v0x5dabd1cf3290_0;
    %pushi/vec4 3, 0, 32;
    %div/s;
    %store/vec4 v0x5dabd1cf3290_0, 0, 32;
    %load/vec4 v0x5dabd1cf3290_0;
    %pushi/vec4 3, 0, 32;
    %mod/s;
    %store/vec4 v0x5dabd1cf30b0_0, 0, 32;
    %callf/vec4 TD_ternary_mem_tb.u_u5.digit_to_trit, S_0x5dabd1cf2f00;
    %store/vec4 v0x5dabd1cf3820_0, 0, 2;
    %load/vec4 v0x5dabd1cf3820_0;
    %load/vec4 v0x5dabd1cf3740_0;
    %concat/vec4; draw_concat_vec4
    %load/vec4 v0x5dabd1cf3610_0;
    %concat/vec4; draw_concat_vec4
    %load/vec4 v0x5dabd1cf3530_0;
    %concat/vec4; draw_concat_vec4
    %load/vec4 v0x5dabd1cf3470_0;
    %concat/vec4; draw_concat_vec4
    %store/vec4 v0x5dabd1cf3900_0, 0, 10;
    %jmp T_29;
    .thread T_29, $push;
    .scope S_0x5dabd1c9fee0;
T_30 ;
    %pushi/vec4 0, 0, 1;
    %store/vec4 v0x5dabd1cf4860_0, 0, 1;
    %pushi/vec4 0, 0, 1;
    %store/vec4 v0x5dabd1cf5e60_0, 0, 1;
    %pushi/vec4 0, 0, 3;
    %store/vec4 v0x5dabd1cf5bb0_0, 0, 3;
    %pushi/vec4 0, 0, 3;
    %store/vec4 v0x5dabd1cf5470_0, 0, 3;
    %pushi/vec4 0, 0, 24;
    %store/vec4 v0x5dabd1cf5c80_0, 0, 24;
    %pushi/vec4 0, 0, 2;
    %store/vec4 v0x5dabd1cf4900_0, 0, 2;
    %pushi/vec4 0, 0, 24;
    %store/vec4 v0x5dabd1cf46c0_0, 0, 24;
    %pushi/vec4 0, 0, 8;
    %store/vec4 v0x5dabd1cf5a10_0, 0, 8;
    %pushi/vec4 0, 0, 7;
    %store/vec4 v0x5dabd1cf5230_0, 0, 7;
    %pushi/vec4 0, 0, 10;
    %store/vec4 v0x5dabd1cf5ae0_0, 0, 10;
    %pushi/vec4 0, 0, 8;
    %store/vec4 v0x5dabd1cf5300_0, 0, 8;
    %pushi/vec4 0, 0, 32;
    %store/vec4 v0x5dabd1cf4dd0_0, 0, 32;
    %pushi/vec4 0, 0, 24;
    %ix/load 4, 0, 0;
    %flag_set/imm 4, 0;
    %store/vec4a v0x5dabd1cf53d0, 4, 0;
    %pushi/vec4 5592405, 0, 24;
    %ix/load 4, 1, 0;
    %flag_set/imm 4, 0;
    %store/vec4a v0x5dabd1cf53d0, 4, 0;
    %pushi/vec4 11184810, 0, 24;
    %ix/load 4, 2, 0;
    %flag_set/imm 4, 0;
    %store/vec4a v0x5dabd1cf53d0, 4, 0;
    %pushi/vec4 6710886, 0, 24;
    %ix/load 4, 3, 0;
    %flag_set/imm 4, 0;
    %store/vec4a v0x5dabd1cf53d0, 4, 0;
    %pushi/vec4 10066329, 0, 24;
    %ix/load 4, 4, 0;
    %flag_set/imm 4, 0;
    %store/vec4a v0x5dabd1cf53d0, 4, 0;
    %pushi/vec4 4793490, 0, 24;
    %ix/load 4, 5, 0;
    %flag_set/imm 4, 0;
    %store/vec4a v0x5dabd1cf53d0, 4, 0;
    %pushi/vec4 2396745, 0, 24;
    %ix/load 4, 6, 0;
    %flag_set/imm 4, 0;
    %store/vec4a v0x5dabd1cf53d0, 4, 0;
    %pushi/vec4 9586980, 0, 24;
    %ix/load 4, 7, 0;
    %flag_set/imm 4, 0;
    %store/vec4a v0x5dabd1cf53d0, 4, 0;
    %vpi_call 2 130 "$display", "======================================================" {0 0 0};
    %vpi_call 2 131 "$display", "ternary memory testbench  (trit: 01=+1 00=0 10=-1 11=NEVER)" {0 0 0};
    %vpi_call 2 132 "$display", "======================================================" {0 0 0};
    %pushi/vec4 0, 0, 32;
    %store/vec4 v0x5dabd1cf4f90_0, 0, 32;
T_30.0 ;
    %load/vec4 v0x5dabd1cf4f90_0;
    %cmpi/s 8, 0, 32;
    %jmp/0xz T_30.1, 5;
    %load/vec4 v0x5dabd1cf4f90_0;
    %parti/s 3, 0, 2;
    %store/vec4 v0x5dabd1cf5470_0, 0, 3;
    %delay 1000, 0;
    %pushi/vec4 0, 0, 32; draw_string_vec4
    %pushi/vec4 0, 0, 32; draw_string_vec4
    %concat/vec4; draw_string_vec4
    %pushi/vec4 0, 0, 32; draw_string_vec4
    %concat/vec4; draw_string_vec4
    %pushi/vec4 0, 0, 32; draw_string_vec4
    %concat/vec4; draw_string_vec4
    %pushi/vec4 0, 0, 32; draw_string_vec4
    %concat/vec4; draw_string_vec4
    %pushi/vec4 29285, 0, 32; draw_string_vec4
    %concat/vec4; draw_string_vec4
    %pushi/vec4 1734764908, 0, 32; draw_string_vec4
    %concat/vec4; draw_string_vec4
    %pushi/vec4 1696624751, 0, 32; draw_string_vec4
    %concat/vec4; draw_string_vec4
    %pushi/vec4 2003137139, 0, 32; draw_string_vec4
    %concat/vec4; draw_string_vec4
    %pushi/vec4 544173600, 0, 32; draw_string_vec4
    %concat/vec4; draw_string_vec4
    %pushi/vec4 1634495533, 0, 32; draw_string_vec4
    %concat/vec4; draw_string_vec4
    %pushi/vec4 1853189228, 0, 32; draw_string_vec4
    %concat/vec4; draw_string_vec4
    %store/vec4 v0x5dabd1c9d000_0, 0, 384;
    %pushi/vec4 0, 0, 32;
    %store/vec4 v0x5dabd1c9eb60_0, 0, 32;
    %load/vec4 v0x5dabd1cf5560_0;
    %pad/u 32;
    %store/vec4 v0x5dabd1ca06c0_0, 0, 32;
    %fork TD_ternary_mem_tb.check_eq, S_0x5dabd1c9acc0;
    %join;
    %pushi/vec4 0, 0, 32; draw_string_vec4
    %pushi/vec4 0, 0, 32; draw_string_vec4
    %concat/vec4; draw_string_vec4
    %pushi/vec4 0, 0, 32; draw_string_vec4
    %concat/vec4; draw_string_vec4
    %pushi/vec4 0, 0, 32; draw_string_vec4
    %concat/vec4; draw_string_vec4
    %pushi/vec4 0, 0, 32; draw_string_vec4
    %concat/vec4; draw_string_vec4
    %pushi/vec4 28783, 0, 32; draw_string_vec4
    %concat/vec4; draw_string_vec4
    %pushi/vec4 2003137069, 0, 32; draw_string_vec4
    %concat/vec4; draw_string_vec4
    %pushi/vec4 1869488242, 0, 32; draw_string_vec4
    %concat/vec4; draw_string_vec4
    %pushi/vec4 1700881440, 0, 32; draw_string_vec4
    %concat/vec4; draw_string_vec4
    %pushi/vec4 1667329633, 0, 32; draw_string_vec4
    %concat/vec4; draw_string_vec4
    %pushi/vec4 1920540785, 0, 32; draw_string_vec4
    %concat/vec4; draw_string_vec4
    %pushi/vec4 1969841524, 0, 32; draw_string_vec4
    %concat/vec4; draw_string_vec4
    %store/vec4 v0x5dabd1c9d000_0, 0, 384;
    %pushi/vec4 0, 0, 32;
    %store/vec4 v0x5dabd1c9eb60_0, 0, 32;
    %load/vec4 v0x5dabd1cf5600_0;
    %pad/u 32;
    %store/vec4 v0x5dabd1ca06c0_0, 0, 32;
    %fork TD_ternary_mem_tb.check_eq, S_0x5dabd1c9acc0;
    %join;
    %load/vec4 v0x5dabd1cf4f90_0;
    %addi 1, 0, 32;
    %store/vec4 v0x5dabd1cf4f90_0, 0, 32;
    %jmp T_30.0;
T_30.1 ;
    %pushi/vec4 1, 0, 1;
    %store/vec4 v0x5dabd1cf5e60_0, 0, 1;
    %pushi/vec4 0, 0, 32;
    %store/vec4 v0x5dabd1cf4f90_0, 0, 32;
T_30.2 ;
    %load/vec4 v0x5dabd1cf4f90_0;
    %cmpi/s 8, 0, 32;
    %jmp/0xz T_30.3, 5;
    %load/vec4 v0x5dabd1cf4f90_0;
    %parti/s 3, 0, 2;
    %store/vec4 v0x5dabd1cf5bb0_0, 0, 3;
    %ix/getv/s 4, v0x5dabd1cf4f90_0;
    %load/vec4a v0x5dabd1cf53d0, 4;
    %store/vec4 v0x5dabd1cf5c80_0, 0, 24;
    %delay 1000, 0;
    %pushi/vec4 0, 0, 32; draw_string_vec4
    %pushi/vec4 0, 0, 32; draw_string_vec4
    %concat/vec4; draw_string_vec4
    %pushi/vec4 0, 0, 32; draw_string_vec4
    %concat/vec4; draw_string_vec4
    %pushi/vec4 2003986804, 0, 32; draw_string_vec4
    %concat/vec4; draw_string_vec4
    %pushi/vec4 1696621665, 0, 32; draw_string_vec4
    %concat/vec4; draw_string_vec4
    %pushi/vec4 1952522339, 0, 32; draw_string_vec4
    %concat/vec4; draw_string_vec4
    %pushi/vec4 1634623858, 0, 32; draw_string_vec4
    %concat/vec4; draw_string_vec4
    %pushi/vec4 2032169333, 0, 32; draw_string_vec4
    %concat/vec4; draw_string_vec4
    %pushi/vec4 1768256544, 0, 32; draw_string_vec4
    %concat/vec4; draw_string_vec4
    %pushi/vec4 678846828, 0, 32; draw_string_vec4
    %concat/vec4; draw_string_vec4
    %pushi/vec4 1768169591, 0, 32; draw_string_vec4
    %concat/vec4; draw_string_vec4
    %pushi/vec4 1869767721, 0, 32; draw_string_vec4
    %concat/vec4; draw_string_vec4
    %store/vec4 v0x5dabd1c9d000_0, 0, 384;
    %pushi/vec4 0, 0, 32;
    %store/vec4 v0x5dabd1c9eb60_0, 0, 32;
    %load/vec4 v0x5dabd1cf5d70_0;
    %pad/u 32;
    %store/vec4 v0x5dabd1ca06c0_0, 0, 32;
    %fork TD_ternary_mem_tb.check_eq, S_0x5dabd1c9acc0;
    %join;
    %fork TD_ternary_mem_tb.pulse_clk, S_0x5dabd1ce8390;
    %join;
    %load/vec4 v0x5dabd1cf4f90_0;
    %addi 1, 0, 32;
    %store/vec4 v0x5dabd1cf4f90_0, 0, 32;
    %jmp T_30.2;
T_30.3 ;
    %pushi/vec4 0, 0, 1;
    %store/vec4 v0x5dabd1cf5e60_0, 0, 1;
    %pushi/vec4 0, 0, 32;
    %store/vec4 v0x5dabd1cf4f90_0, 0, 32;
T_30.4 ;
    %load/vec4 v0x5dabd1cf4f90_0;
    %cmpi/s 8, 0, 32;
    %jmp/0xz T_30.5, 5;
    %load/vec4 v0x5dabd1cf4f90_0;
    %parti/s 3, 0, 2;
    %store/vec4 v0x5dabd1cf5470_0, 0, 3;
    %delay 1000, 0;
    %pushi/vec4 0, 0, 32; draw_string_vec4
    %pushi/vec4 0, 0, 32; draw_string_vec4
    %concat/vec4; draw_string_vec4
    %pushi/vec4 0, 0, 32; draw_string_vec4
    %concat/vec4; draw_string_vec4
    %pushi/vec4 0, 0, 32; draw_string_vec4
    %concat/vec4; draw_string_vec4
    %pushi/vec4 0, 0, 32; draw_string_vec4
    %concat/vec4; draw_string_vec4
    %pushi/vec4 1919248230, 0, 32; draw_string_vec4
    %concat/vec4; draw_string_vec4
    %pushi/vec4 1768711456, 0, 32; draw_string_vec4
    %concat/vec4; draw_string_vec4
    %pushi/vec4 1919246692, 0, 32; draw_string_vec4
    %concat/vec4; draw_string_vec4
    %pushi/vec4 761422179, 0, 32; draw_string_vec4
    %concat/vec4; draw_string_vec4
    %pushi/vec4 1797288559, 0, 32; draw_string_vec4
    %concat/vec4; draw_string_vec4
    %pushi/vec4 1970168877, 0, 32; draw_string_vec4
    %concat/vec4; draw_string_vec4
    %pushi/vec4 1953655152, 0, 32; draw_string_vec4
    %concat/vec4; draw_string_vec4
    %store/vec4 v0x5dabd1c9d000_0, 0, 384;
    %ix/getv/s 4, v0x5dabd1cf4f90_0;
    %load/vec4a v0x5dabd1cf53d0, 4;
    %pad/u 32;
    %store/vec4 v0x5dabd1c9eb60_0, 0, 32;
    %load/vec4 v0x5dabd1cf5560_0;
    %pad/u 32;
    %store/vec4 v0x5dabd1ca06c0_0, 0, 32;
    %fork TD_ternary_mem_tb.check_eq, S_0x5dabd1c9acc0;
    %join;
    %pushi/vec4 0, 0, 32; draw_string_vec4
    %pushi/vec4 0, 0, 32; draw_string_vec4
    %concat/vec4; draw_string_vec4
    %pushi/vec4 0, 0, 32; draw_string_vec4
    %concat/vec4; draw_string_vec4
    %pushi/vec4 0, 0, 32; draw_string_vec4
    %concat/vec4; draw_string_vec4
    %pushi/vec4 7497057, 0, 32; draw_string_vec4
    %concat/vec4; draw_string_vec4
    %pushi/vec4 1679844193, 0, 32; draw_string_vec4
    %concat/vec4; draw_string_vec4
    %pushi/vec4 1851880057, 0, 32; draw_string_vec4
    %concat/vec4; draw_string_vec4
    %pushi/vec4 544306537, 0, 32; draw_string_vec4
    %concat/vec4; draw_string_vec4
    %pushi/vec4 1702109295, 0, 32; draw_string_vec4
    %concat/vec4; draw_string_vec4
    %pushi/vec4 1847621217, 0, 32; draw_string_vec4
    %concat/vec4; draw_string_vec4
    %pushi/vec4 1818846240, 0, 32; draw_string_vec4
    %concat/vec4; draw_string_vec4
    %pushi/vec4 2003792484, 0, 32; draw_string_vec4
    %concat/vec4; draw_string_vec4
    %store/vec4 v0x5dabd1c9d000_0, 0, 384;
    %pushi/vec4 0, 0, 32;
    %store/vec4 v0x5dabd1c9eb60_0, 0, 32;
    %load/vec4 v0x5dabd1cf5600_0;
    %pad/u 32;
    %store/vec4 v0x5dabd1ca06c0_0, 0, 32;
    %fork TD_ternary_mem_tb.check_eq, S_0x5dabd1c9acc0;
    %join;
    %load/vec4 v0x5dabd1cf4f90_0;
    %addi 1, 0, 32;
    %store/vec4 v0x5dabd1cf4f90_0, 0, 32;
    %jmp T_30.4;
T_30.5 ;
    %pushi/vec4 1, 0, 1;
    %store/vec4 v0x5dabd1cf5e60_0, 0, 1;
    %pushi/vec4 0, 0, 3;
    %store/vec4 v0x5dabd1cf5bb0_0, 0, 3;
    %ix/load 4, 1, 0;
    %flag_set/imm 4, 0;
    %load/vec4a v0x5dabd1cf53d0, 4;
    %store/vec4 v0x5dabd1cf5c80_0, 0, 24;
    %delay 1000, 0;
    %fork TD_ternary_mem_tb.pulse_clk, S_0x5dabd1ce8390;
    %join;
    %pushi/vec4 0, 0, 1;
    %store/vec4 v0x5dabd1cf5e60_0, 0, 1;
    %pushi/vec4 0, 0, 3;
    %store/vec4 v0x5dabd1cf5470_0, 0, 3;
    %delay 1000, 0;
    %pushi/vec4 0, 0, 32; draw_string_vec4
    %pushi/vec4 0, 0, 32; draw_string_vec4
    %concat/vec4; draw_string_vec4
    %pushi/vec4 0, 0, 32; draw_string_vec4
    %concat/vec4; draw_string_vec4
    %pushi/vec4 0, 0, 32; draw_string_vec4
    %concat/vec4; draw_string_vec4
    %pushi/vec4 0, 0, 32; draw_string_vec4
    %concat/vec4; draw_string_vec4
    %pushi/vec4 0, 0, 32; draw_string_vec4
    %concat/vec4; draw_string_vec4
    %pushi/vec4 0, 0, 32; draw_string_vec4
    %concat/vec4; draw_string_vec4
    %pushi/vec4 0, 0, 32; draw_string_vec4
    %concat/vec4; draw_string_vec4
    %pushi/vec4 1919248176, 0, 32; draw_string_vec4
    %concat/vec4; draw_string_vec4
    %pushi/vec4 544175717, 0, 32; draw_string_vec4
    %concat/vec4; draw_string_vec4
    %pushi/vec4 1920430697, 0, 32; draw_string_vec4
    %concat/vec4; draw_string_vec4
    %pushi/vec4 1953785198, 0, 32; draw_string_vec4
    %concat/vec4; draw_string_vec4
    %store/vec4 v0x5dabd1c9d000_0, 0, 384;
    %ix/load 4, 1, 0;
    %flag_set/imm 4, 0;
    %load/vec4a v0x5dabd1cf53d0, 4;
    %pad/u 32;
    %store/vec4 v0x5dabd1c9eb60_0, 0, 32;
    %load/vec4 v0x5dabd1cf5560_0;
    %pad/u 32;
    %store/vec4 v0x5dabd1ca06c0_0, 0, 32;
    %fork TD_ternary_mem_tb.check_eq, S_0x5dabd1c9acc0;
    %join;
    %pushi/vec4 1, 0, 3;
    %store/vec4 v0x5dabd1cf5470_0, 0, 3;
    %delay 1000, 0;
    %pushi/vec4 0, 0, 32; draw_string_vec4
    %pushi/vec4 0, 0, 32; draw_string_vec4
    %concat/vec4; draw_string_vec4
    %pushi/vec4 0, 0, 32; draw_string_vec4
    %concat/vec4; draw_string_vec4
    %pushi/vec4 0, 0, 32; draw_string_vec4
    %concat/vec4; draw_string_vec4
    %pushi/vec4 0, 0, 32; draw_string_vec4
    %concat/vec4; draw_string_vec4
    %pushi/vec4 7497063, 0, 32; draw_string_vec4
    %concat/vec4; draw_string_vec4
    %pushi/vec4 824210798, 0, 32; draw_string_vec4
    %concat/vec4; draw_string_vec4
    %pushi/vec4 1953461603, 0, 32; draw_string_vec4
    %concat/vec4; draw_string_vec4
    %pushi/vec4 1751475232, 0, 32; draw_string_vec4
    %concat/vec4; draw_string_vec4
    %pushi/vec4 678326048, 0, 32; draw_string_vec4
    %concat/vec4; draw_string_vec4
    %pushi/vec4 1668050786, 0, 32; draw_string_vec4
    %concat/vec4; draw_string_vec4
    %pushi/vec4 1650815529, 0, 32; draw_string_vec4
    %concat/vec4; draw_string_vec4
    %store/vec4 v0x5dabd1c9d000_0, 0, 384;
    %ix/load 4, 1, 0;
    %flag_set/imm 4, 0;
    %load/vec4a v0x5dabd1cf53d0, 4;
    %pad/u 32;
    %store/vec4 v0x5dabd1c9eb60_0, 0, 32;
    %load/vec4 v0x5dabd1cf5560_0;
    %pad/u 32;
    %store/vec4 v0x5dabd1ca06c0_0, 0, 32;
    %fork TD_ternary_mem_tb.check_eq, S_0x5dabd1c9acc0;
    %join;
    %pushi/vec4 2, 0, 3;
    %store/vec4 v0x5dabd1cf5470_0, 0, 3;
    %delay 1000, 0;
    %pushi/vec4 0, 0, 32; draw_string_vec4
    %pushi/vec4 0, 0, 32; draw_string_vec4
    %concat/vec4; draw_string_vec4
    %pushi/vec4 0, 0, 32; draw_string_vec4
    %concat/vec4; draw_string_vec4
    %pushi/vec4 0, 0, 32; draw_string_vec4
    %concat/vec4; draw_string_vec4
    %pushi/vec4 0, 0, 32; draw_string_vec4
    %concat/vec4; draw_string_vec4
    %pushi/vec4 7497063, 0, 32; draw_string_vec4
    %concat/vec4; draw_string_vec4
    %pushi/vec4 840988014, 0, 32; draw_string_vec4
    %concat/vec4; draw_string_vec4
    %pushi/vec4 1953461603, 0, 32; draw_string_vec4
    %concat/vec4; draw_string_vec4
    %pushi/vec4 1751475232, 0, 32; draw_string_vec4
    %concat/vec4; draw_string_vec4
    %pushi/vec4 678326048, 0, 32; draw_string_vec4
    %concat/vec4; draw_string_vec4
    %pushi/vec4 1668050786, 0, 32; draw_string_vec4
    %concat/vec4; draw_string_vec4
    %pushi/vec4 1650815529, 0, 32; draw_string_vec4
    %concat/vec4; draw_string_vec4
    %store/vec4 v0x5dabd1c9d000_0, 0, 384;
    %ix/load 4, 2, 0;
    %flag_set/imm 4, 0;
    %load/vec4a v0x5dabd1cf53d0, 4;
    %pad/u 32;
    %store/vec4 v0x5dabd1c9eb60_0, 0, 32;
    %load/vec4 v0x5dabd1cf5560_0;
    %pad/u 32;
    %store/vec4 v0x5dabd1ca06c0_0, 0, 32;
    %fork TD_ternary_mem_tb.check_eq, S_0x5dabd1c9acc0;
    %join;
    %pushi/vec4 0, 0, 1;
    %store/vec4 v0x5dabd1cf5e60_0, 0, 1;
    %pushi/vec4 3, 0, 3;
    %store/vec4 v0x5dabd1cf5bb0_0, 0, 3;
    %ix/load 4, 4, 0;
    %flag_set/imm 4, 0;
    %load/vec4a v0x5dabd1cf53d0, 4;
    %store/vec4 v0x5dabd1cf5c80_0, 0, 24;
    %fork TD_ternary_mem_tb.pulse_clk, S_0x5dabd1ce8390;
    %join;
    %pushi/vec4 0, 0, 3;
    %store/vec4 v0x5dabd1cf5470_0, 0, 3;
    %delay 1000, 0;
    %pushi/vec4 0, 0, 32; draw_string_vec4
    %pushi/vec4 0, 0, 32; draw_string_vec4
    %concat/vec4; draw_string_vec4
    %pushi/vec4 0, 0, 32; draw_string_vec4
    %concat/vec4; draw_string_vec4
    %pushi/vec4 0, 0, 32; draw_string_vec4
    %concat/vec4; draw_string_vec4
    %pushi/vec4 0, 0, 32; draw_string_vec4
    %concat/vec4; draw_string_vec4
    %pushi/vec4 0, 0, 32; draw_string_vec4
    %concat/vec4; draw_string_vec4
    %pushi/vec4 0, 0, 32; draw_string_vec4
    %concat/vec4; draw_string_vec4
    %pushi/vec4 0, 0, 32; draw_string_vec4
    %concat/vec4; draw_string_vec4
    %pushi/vec4 1919248176, 0, 32; draw_string_vec4
    %concat/vec4; draw_string_vec4
    %pushi/vec4 543712620, 0, 32; draw_string_vec4
    %concat/vec4; draw_string_vec4
    %pushi/vec4 1679829111, 0, 32; draw_string_vec4
    %concat/vec4; draw_string_vec4
    %pushi/vec4 1698508841, 0, 32; draw_string_vec4
    %concat/vec4; draw_string_vec4
    %store/vec4 v0x5dabd1c9d000_0, 0, 384;
    %ix/load 4, 1, 0;
    %flag_set/imm 4, 0;
    %load/vec4a v0x5dabd1cf53d0, 4;
    %pad/u 32;
    %store/vec4 v0x5dabd1c9eb60_0, 0, 32;
    %load/vec4 v0x5dabd1cf5560_0;
    %pad/u 32;
    %store/vec4 v0x5dabd1ca06c0_0, 0, 32;
    %fork TD_ternary_mem_tb.check_eq, S_0x5dabd1c9acc0;
    %join;
    %pushi/vec4 3, 0, 3;
    %store/vec4 v0x5dabd1cf5470_0, 0, 3;
    %delay 1000, 0;
    %pushi/vec4 0, 0, 32; draw_string_vec4
    %pushi/vec4 0, 0, 32; draw_string_vec4
    %concat/vec4; draw_string_vec4
    %pushi/vec4 0, 0, 32; draw_string_vec4
    %concat/vec4; draw_string_vec4
    %pushi/vec4 0, 0, 32; draw_string_vec4
    %concat/vec4; draw_string_vec4
    %pushi/vec4 0, 0, 32; draw_string_vec4
    %concat/vec4; draw_string_vec4
    %pushi/vec4 0, 0, 32; draw_string_vec4
    %concat/vec4; draw_string_vec4
    %pushi/vec4 0, 0, 32; draw_string_vec4
    %concat/vec4; draw_string_vec4
    %pushi/vec4 0, 0, 32; draw_string_vec4
    %concat/vec4; draw_string_vec4
    %pushi/vec4 1919248179, 0, 32; draw_string_vec4
    %concat/vec4; draw_string_vec4
    %pushi/vec4 543712620, 0, 32; draw_string_vec4
    %concat/vec4; draw_string_vec4
    %pushi/vec4 1679829111, 0, 32; draw_string_vec4
    %concat/vec4; draw_string_vec4
    %pushi/vec4 1698508841, 0, 32; draw_string_vec4
    %concat/vec4; draw_string_vec4
    %store/vec4 v0x5dabd1c9d000_0, 0, 384;
    %ix/load 4, 3, 0;
    %flag_set/imm 4, 0;
    %load/vec4a v0x5dabd1cf53d0, 4;
    %pad/u 32;
    %store/vec4 v0x5dabd1c9eb60_0, 0, 32;
    %load/vec4 v0x5dabd1cf5560_0;
    %pad/u 32;
    %store/vec4 v0x5dabd1ca06c0_0, 0, 32;
    %fork TD_ternary_mem_tb.check_eq, S_0x5dabd1c9acc0;
    %join;
    %ix/load 4, 0, 0;
    %flag_set/imm 4, 0;
    %load/vec4a v0x5dabd1cf53d0, 4;
    %store/vec4 v0x5dabd1cf5c80_0, 0, 24;
    %delay 1000, 0;
    %pushi/vec4 0, 0, 32; draw_string_vec4
    %pushi/vec4 0, 0, 32; draw_string_vec4
    %concat/vec4; draw_string_vec4
    %pushi/vec4 0, 0, 32; draw_string_vec4
    %concat/vec4; draw_string_vec4
    %pushi/vec4 0, 0, 32; draw_string_vec4
    %concat/vec4; draw_string_vec4
    %pushi/vec4 0, 0, 32; draw_string_vec4
    %concat/vec4; draw_string_vec4
    %pushi/vec4 2003066723, 0, 32; draw_string_vec4
    %concat/vec4; draw_string_vec4
    %pushi/vec4 1634623858, 0, 32; draw_string_vec4
    %concat/vec4; draw_string_vec4
    %pushi/vec4 2032169333, 0, 32; draw_string_vec4
    %concat/vec4; draw_string_vec4
    %pushi/vec4 1768256544, 0, 32; draw_string_vec4
    %concat/vec4; draw_string_vec4
    %pushi/vec4 1869488238, 0, 32; draw_string_vec4
    %concat/vec4; draw_string_vec4
    %pushi/vec4 1970039840, 0, 32; draw_string_vec4
    %concat/vec4; draw_string_vec4
    %pushi/vec4 2003792484, 0, 32; draw_string_vec4
    %concat/vec4; draw_string_vec4
    %store/vec4 v0x5dabd1c9d000_0, 0, 384;
    %pushi/vec4 0, 0, 32;
    %store/vec4 v0x5dabd1c9eb60_0, 0, 32;
    %load/vec4 v0x5dabd1cf5d70_0;
    %pad/u 32;
    %store/vec4 v0x5dabd1ca06c0_0, 0, 32;
    %fork TD_ternary_mem_tb.check_eq, S_0x5dabd1c9acc0;
    %join;
    %pushi/vec4 12582915, 0, 24;
    %store/vec4 v0x5dabd1cf5c80_0, 0, 24;
    %delay 1000, 0;
    %pushi/vec4 0, 0, 32; draw_string_vec4
    %pushi/vec4 119, 0, 32; draw_string_vec4
    %concat/vec4; draw_string_vec4
    %pushi/vec4 1683972961, 0, 32; draw_string_vec4
    %concat/vec4; draw_string_vec4
    %pushi/vec4 1851880057, 0, 32; draw_string_vec4
    %concat/vec4; draw_string_vec4
    %pushi/vec4 541477202, 0, 32; draw_string_vec4
    %concat/vec4; draw_string_vec4
    %pushi/vec4 1163075695, 0, 32; draw_string_vec4
    %concat/vec4; draw_string_vec4
    %pushi/vec4 1847617135, 0, 32; draw_string_vec4
    %concat/vec4; draw_string_vec4
    %pushi/vec4 1919116644, 0, 32; draw_string_vec4
    %concat/vec4; draw_string_vec4
    %pushi/vec4 540094752, 0, 32; draw_string_vec4
    %concat/vec4; draw_string_vec4
    %pushi/vec4 678916713, 0, 32; draw_string_vec4
    %concat/vec4; draw_string_vec4
    %pushi/vec4 1952784496, 0, 32; draw_string_vec4
    %concat/vec4; draw_string_vec4
    %pushi/vec4 1635018793, 0, 32; draw_string_vec4
    %concat/vec4; draw_string_vec4
    %store/vec4 v0x5dabd1c9d000_0, 0, 384;
    %pushi/vec4 1, 0, 32;
    %store/vec4 v0x5dabd1c9eb60_0, 0, 32;
    %load/vec4 v0x5dabd1cf5d70_0;
    %pad/u 32;
    %store/vec4 v0x5dabd1ca06c0_0, 0, 32;
    %fork TD_ternary_mem_tb.check_eq, S_0x5dabd1c9acc0;
    %join;
    %pushi/vec4 1, 0, 1;
    %store/vec4 v0x5dabd1cf5e60_0, 0, 1;
    %pushi/vec4 7, 0, 3;
    %store/vec4 v0x5dabd1cf5bb0_0, 0, 3;
    %delay 1000, 0;
    %fork TD_ternary_mem_tb.pulse_clk, S_0x5dabd1ce8390;
    %join;
    %pushi/vec4 0, 0, 1;
    %store/vec4 v0x5dabd1cf5e60_0, 0, 1;
    %pushi/vec4 0, 0, 24;
    %store/vec4 v0x5dabd1cf5c80_0, 0, 24;
    %pushi/vec4 7, 0, 3;
    %store/vec4 v0x5dabd1cf5470_0, 0, 3;
    %delay 1000, 0;
    %pushi/vec4 0, 0, 32; draw_string_vec4
    %pushi/vec4 0, 0, 32; draw_string_vec4
    %concat/vec4; draw_string_vec4
    %pushi/vec4 0, 0, 32; draw_string_vec4
    %concat/vec4; draw_string_vec4
    %pushi/vec4 0, 0, 32; draw_string_vec4
    %concat/vec4; draw_string_vec4
    %pushi/vec4 1668248178, 0, 32; draw_string_vec4
    %concat/vec4; draw_string_vec4
    %pushi/vec4 1970304101, 0, 32; draw_string_vec4
    %concat/vec4; draw_string_vec4
    %pushi/vec4 1679849327, 0, 32; draw_string_vec4
    %concat/vec4; draw_string_vec4
    %pushi/vec4 1919164531, 0, 32; draw_string_vec4
    %concat/vec4; draw_string_vec4
    %pushi/vec4 1953460837, 0, 32; draw_string_vec4
    %concat/vec4; draw_string_vec4
    %pushi/vec4 1679843699, 0, 32; draw_string_vec4
    %concat/vec4; draw_string_vec4
    %pushi/vec4 544698985, 0, 32; draw_string_vec4
    %concat/vec4; draw_string_vec4
    %pushi/vec4 1953785198, 0, 32; draw_string_vec4
    %concat/vec4; draw_string_vec4
    %store/vec4 v0x5dabd1c9d000_0, 0, 384;
    %pushi/vec4 12582915, 0, 32;
    %store/vec4 v0x5dabd1c9eb60_0, 0, 32;
    %load/vec4 v0x5dabd1cf5560_0;
    %pad/u 32;
    %store/vec4 v0x5dabd1ca06c0_0, 0, 32;
    %fork TD_ternary_mem_tb.check_eq, S_0x5dabd1c9acc0;
    %join;
    %pushi/vec4 0, 0, 32; draw_string_vec4
    %pushi/vec4 0, 0, 32; draw_string_vec4
    %concat/vec4; draw_string_vec4
    %pushi/vec4 1919180643, 0, 32; draw_string_vec4
    %concat/vec4; draw_string_vec4
    %pushi/vec4 1634623858, 0, 32; draw_string_vec4
    %concat/vec4; draw_string_vec4
    %pushi/vec4 2032158281, 0, 32; draw_string_vec4
    %concat/vec4; draw_string_vec4
    %pushi/vec4 1380274976, 0, 32; draw_string_vec4
    %concat/vec4; draw_string_vec4
    %pushi/vec4 1869488230, 0, 32; draw_string_vec4
    %concat/vec4; draw_string_vec4
    %pushi/vec4 1869767525, 0, 32; draw_string_vec4
    %concat/vec4; draw_string_vec4
    %pushi/vec4 1679831345, 0, 32; draw_string_vec4
    %concat/vec4; draw_string_vec4
    %pushi/vec4 539521637, 0, 32; draw_string_vec4
    %concat/vec4; draw_string_vec4
    %pushi/vec4 1633951856, 0, 32; draw_string_vec4
    %concat/vec4; draw_string_vec4
    %pushi/vec4 1635018793, 0, 32; draw_string_vec4
    %concat/vec4; draw_string_vec4
    %store/vec4 v0x5dabd1c9d000_0, 0, 384;
    %pushi/vec4 1, 0, 32;
    %store/vec4 v0x5dabd1c9eb60_0, 0, 32;
    %load/vec4 v0x5dabd1cf5600_0;
    %pad/u 32;
    %store/vec4 v0x5dabd1ca06c0_0, 0, 32;
    %fork TD_ternary_mem_tb.check_eq, S_0x5dabd1c9acc0;
    %join;
    %pushi/vec4 0, 0, 3;
    %store/vec4 v0x5dabd1cf5470_0, 0, 3;
    %delay 1000, 0;
    %pushi/vec4 0, 0, 32; draw_string_vec4
    %pushi/vec4 0, 0, 32; draw_string_vec4
    %concat/vec4; draw_string_vec4
    %pushi/vec4 1668048225, 0, 32; draw_string_vec4
    %concat/vec4; draw_string_vec4
    %pushi/vec4 1847620197, 0, 32; draw_string_vec4
    %concat/vec4; draw_string_vec4
    %pushi/vec4 1633951843, 0, 32; draw_string_vec4
    %concat/vec4; draw_string_vec4
    %pushi/vec4 1634623858, 0, 32; draw_string_vec4
    %concat/vec4; draw_string_vec4
    %pushi/vec4 2032169333, 0, 32; draw_string_vec4
    %concat/vec4; draw_string_vec4
    %pushi/vec4 1768256544, 0, 32; draw_string_vec4
    %concat/vec4; draw_string_vec4
    %pushi/vec4 1634104421, 0, 32; draw_string_vec4
    %concat/vec4; draw_string_vec4
    %pushi/vec4 1914725231, 0, 32; draw_string_vec4
    %concat/vec4; draw_string_vec4
    %pushi/vec4 1920103792, 0, 32; draw_string_vec4
    %concat/vec4; draw_string_vec4
    %pushi/vec4 1953066862, 0, 32; draw_string_vec4
    %concat/vec4; draw_string_vec4
    %store/vec4 v0x5dabd1c9d000_0, 0, 384;
    %pushi/vec4 0, 0, 32;
    %store/vec4 v0x5dabd1c9eb60_0, 0, 32;
    %load/vec4 v0x5dabd1cf5600_0;
    %pad/u 32;
    %store/vec4 v0x5dabd1ca06c0_0, 0, 32;
    %fork TD_ternary_mem_tb.check_eq, S_0x5dabd1c9acc0;
    %join;
    %pushi/vec4 0, 0, 2;
    %store/vec4 v0x5dabd1cf4900_0, 0, 2;
    %delay 1000, 0;
    %pushi/vec4 0, 0, 32; draw_string_vec4
    %pushi/vec4 0, 0, 32; draw_string_vec4
    %concat/vec4; draw_string_vec4
    %pushi/vec4 0, 0, 32; draw_string_vec4
    %concat/vec4; draw_string_vec4
    %pushi/vec4 0, 0, 32; draw_string_vec4
    %concat/vec4; draw_string_vec4
    %pushi/vec4 0, 0, 32; draw_string_vec4
    %concat/vec4; draw_string_vec4
    %pushi/vec4 0, 0, 32; draw_string_vec4
    %concat/vec4; draw_string_vec4
    %pushi/vec4 0, 0, 32; draw_string_vec4
    %concat/vec4; draw_string_vec4
    %pushi/vec4 116, 0, 32; draw_string_vec4
    %concat/vec4; draw_string_vec4
    %pushi/vec4 1919513695, 0, 32; draw_string_vec4
    %concat/vec4; draw_string_vec4
    %pushi/vec4 1667329633, 0, 32; draw_string_vec4
    %concat/vec4; draw_string_vec4
    %pushi/vec4 1920542768, 0, 32; draw_string_vec4
    %concat/vec4; draw_string_vec4
    %pushi/vec4 808009008, 0, 32; draw_string_vec4
    %concat/vec4; draw_string_vec4
    %store/vec4 v0x5dabd1c9d000_0, 0, 384;
    %pushi/vec4 0, 0, 32;
    %store/vec4 v0x5dabd1c9eb60_0, 0, 32;
    %load/vec4 v0x5dabd1cf4790_0;
    %pad/u 32;
    %store/vec4 v0x5dabd1ca06c0_0, 0, 32;
    %fork TD_ternary_mem_tb.check_eq, S_0x5dabd1c9acc0;
    %join;
    %pushi/vec4 1, 0, 2;
    %store/vec4 v0x5dabd1cf4900_0, 0, 2;
    %delay 1000, 0;
    %pushi/vec4 0, 0, 32; draw_string_vec4
    %pushi/vec4 0, 0, 32; draw_string_vec4
    %concat/vec4; draw_string_vec4
    %pushi/vec4 0, 0, 32; draw_string_vec4
    %concat/vec4; draw_string_vec4
    %pushi/vec4 0, 0, 32; draw_string_vec4
    %concat/vec4; draw_string_vec4
    %pushi/vec4 0, 0, 32; draw_string_vec4
    %concat/vec4; draw_string_vec4
    %pushi/vec4 0, 0, 32; draw_string_vec4
    %concat/vec4; draw_string_vec4
    %pushi/vec4 0, 0, 32; draw_string_vec4
    %concat/vec4; draw_string_vec4
    %pushi/vec4 116, 0, 32; draw_string_vec4
    %concat/vec4; draw_string_vec4
    %pushi/vec4 1919513695, 0, 32; draw_string_vec4
    %concat/vec4; draw_string_vec4
    %pushi/vec4 1667329633, 0, 32; draw_string_vec4
    %concat/vec4; draw_string_vec4
    %pushi/vec4 1920542768, 0, 32; draw_string_vec4
    %concat/vec4; draw_string_vec4
    %pushi/vec4 824786224, 0, 32; draw_string_vec4
    %concat/vec4; draw_string_vec4
    %store/vec4 v0x5dabd1c9d000_0, 0, 384;
    %pushi/vec4 0, 0, 32;
    %store/vec4 v0x5dabd1c9eb60_0, 0, 32;
    %load/vec4 v0x5dabd1cf4790_0;
    %pad/u 32;
    %store/vec4 v0x5dabd1ca06c0_0, 0, 32;
    %fork TD_ternary_mem_tb.check_eq, S_0x5dabd1c9acc0;
    %join;
    %pushi/vec4 2, 0, 2;
    %store/vec4 v0x5dabd1cf4900_0, 0, 2;
    %delay 1000, 0;
    %pushi/vec4 0, 0, 32; draw_string_vec4
    %pushi/vec4 0, 0, 32; draw_string_vec4
    %concat/vec4; draw_string_vec4
    %pushi/vec4 0, 0, 32; draw_string_vec4
    %concat/vec4; draw_string_vec4
    %pushi/vec4 0, 0, 32; draw_string_vec4
    %concat/vec4; draw_string_vec4
    %pushi/vec4 0, 0, 32; draw_string_vec4
    %concat/vec4; draw_string_vec4
    %pushi/vec4 0, 0, 32; draw_string_vec4
    %concat/vec4; draw_string_vec4
    %pushi/vec4 0, 0, 32; draw_string_vec4
    %concat/vec4; draw_string_vec4
    %pushi/vec4 116, 0, 32; draw_string_vec4
    %concat/vec4; draw_string_vec4
    %pushi/vec4 1919513695, 0, 32; draw_string_vec4
    %concat/vec4; draw_string_vec4
    %pushi/vec4 1667329633, 0, 32; draw_string_vec4
    %concat/vec4; draw_string_vec4
    %pushi/vec4 1920542769, 0, 32; draw_string_vec4
    %concat/vec4; draw_string_vec4
    %pushi/vec4 808009008, 0, 32; draw_string_vec4
    %concat/vec4; draw_string_vec4
    %store/vec4 v0x5dabd1c9d000_0, 0, 384;
    %pushi/vec4 0, 0, 32;
    %store/vec4 v0x5dabd1c9eb60_0, 0, 32;
    %load/vec4 v0x5dabd1cf4790_0;
    %pad/u 32;
    %store/vec4 v0x5dabd1ca06c0_0, 0, 32;
    %fork TD_ternary_mem_tb.check_eq, S_0x5dabd1c9acc0;
    %join;
    %pushi/vec4 3, 0, 2;
    %store/vec4 v0x5dabd1cf4900_0, 0, 2;
    %delay 1000, 0;
    %pushi/vec4 0, 0, 32; draw_string_vec4
    %pushi/vec4 0, 0, 32; draw_string_vec4
    %concat/vec4; draw_string_vec4
    %pushi/vec4 0, 0, 32; draw_string_vec4
    %concat/vec4; draw_string_vec4
    %pushi/vec4 0, 0, 32; draw_string_vec4
    %concat/vec4; draw_string_vec4
    %pushi/vec4 0, 0, 32; draw_string_vec4
    %concat/vec4; draw_string_vec4
    %pushi/vec4 0, 0, 32; draw_string_vec4
    %concat/vec4; draw_string_vec4
    %pushi/vec4 0, 0, 32; draw_string_vec4
    %concat/vec4; draw_string_vec4
    %pushi/vec4 116, 0, 32; draw_string_vec4
    %concat/vec4; draw_string_vec4
    %pushi/vec4 1919513695, 0, 32; draw_string_vec4
    %concat/vec4; draw_string_vec4
    %pushi/vec4 1667329633, 0, 32; draw_string_vec4
    %concat/vec4; draw_string_vec4
    %pushi/vec4 1920542769, 0, 32; draw_string_vec4
    %concat/vec4; draw_string_vec4
    %pushi/vec4 824786225, 0, 32; draw_string_vec4
    %concat/vec4; draw_string_vec4
    %store/vec4 v0x5dabd1c9d000_0, 0, 384;
    %pushi/vec4 1, 0, 32;
    %store/vec4 v0x5dabd1c9eb60_0, 0, 32;
    %load/vec4 v0x5dabd1cf4790_0;
    %pad/u 32;
    %store/vec4 v0x5dabd1ca06c0_0, 0, 32;
    %fork TD_ternary_mem_tb.check_eq, S_0x5dabd1c9acc0;
    %join;
    %pushi/vec4 0, 0, 32;
    %store/vec4 v0x5dabd1cf4f90_0, 0, 32;
T_30.6 ;
    %load/vec4 v0x5dabd1cf4f90_0;
    %cmpi/s 12, 0, 32;
    %jmp/0xz T_30.7, 5;
    %pushi/vec4 0, 0, 24;
    %store/vec4 v0x5dabd1cf46c0_0, 0, 24;
    %pushi/vec4 3, 0, 2;
    %load/vec4 v0x5dabd1cf4f90_0;
    %muli 2, 0, 32;
    %ix/vec4/s 4;
    %store/vec4 v0x5dabd1cf46c0_0, 4, 2;
    %delay 1000, 0;
    %pushi/vec4 0, 0, 32;
    %store/vec4 v0x5dabd1cf4eb0_0, 0, 32;
    %load/vec4 v0x5dabd1cf45d0_0;
    %cmpi/ne 1, 0, 1;
    %jmp/0xz  T_30.8, 6;
    %load/vec4 v0x5dabd1cf4dd0_0;
    %addi 1, 0, 32;
    %store/vec4 v0x5dabd1cf4dd0_0, 0, 32;
    %vpi_call 2 195 "$display", "FAIL: tword_canary flag at trit %0d", v0x5dabd1cf4f90_0 {0 0 0};
T_30.8 ;
    %load/vec4 v0x5dabd1cf44e0_0;
    %load/vec4 v0x5dabd1cf4f90_0;
    %part/s 1;
    %cmpi/ne 1, 0, 1;
    %jmp/0xz  T_30.10, 6;
    %load/vec4 v0x5dabd1cf4dd0_0;
    %addi 1, 0, 32;
    %store/vec4 v0x5dabd1cf4dd0_0, 0, 32;
    %vpi_call 2 199 "$display", "FAIL: tword_canary bad[%0d] not set", v0x5dabd1cf4f90_0 {0 0 0};
T_30.10 ;
    %load/vec4 v0x5dabd1cf4f90_0;
    %addi 1, 0, 32;
    %store/vec4 v0x5dabd1cf4f90_0, 0, 32;
    %jmp T_30.6;
T_30.7 ;
    %pushi/vec4 0, 0, 24;
    %store/vec4 v0x5dabd1cf46c0_0, 0, 24;
    %delay 1000, 0;
    %pushi/vec4 0, 0, 32; draw_string_vec4
    %pushi/vec4 0, 0, 32; draw_string_vec4
    %concat/vec4; draw_string_vec4
    %pushi/vec4 0, 0, 32; draw_string_vec4
    %concat/vec4; draw_string_vec4
    %pushi/vec4 7632751, 0, 32; draw_string_vec4
    %concat/vec4; draw_string_vec4
    %pushi/vec4 1919180643, 0, 32; draw_string_vec4
    %concat/vec4; draw_string_vec4
    %pushi/vec4 1634623858, 0, 32; draw_string_vec4
    %concat/vec4; draw_string_vec4
    %pushi/vec4 2032169333, 0, 32; draw_string_vec4
    %concat/vec4; draw_string_vec4
    %pushi/vec4 1768256544, 0, 32; draw_string_vec4
    %concat/vec4; draw_string_vec4
    %pushi/vec4 1869488225, 0, 32; draw_string_vec4
    %concat/vec4; draw_string_vec4
    %pushi/vec4 1819028846, 0, 32; draw_string_vec4
    %concat/vec4; draw_string_vec4
    %pushi/vec4 1970039840, 0, 32; draw_string_vec4
    %concat/vec4; draw_string_vec4
    %pushi/vec4 2003792484, 0, 32; draw_string_vec4
    %concat/vec4; draw_string_vec4
    %store/vec4 v0x5dabd1c9d000_0, 0, 384;
    %pushi/vec4 0, 0, 32;
    %store/vec4 v0x5dabd1c9eb60_0, 0, 32;
    %load/vec4 v0x5dabd1cf45d0_0;
    %pad/u 32;
    %store/vec4 v0x5dabd1ca06c0_0, 0, 32;
    %fork TD_ternary_mem_tb.check_eq, S_0x5dabd1c9acc0;
    %join;
    %pushi/vec4 0, 0, 32;
    %store/vec4 v0x5dabd1cf4230_0, 0, 32;
T_30.12 ;
    %load/vec4 v0x5dabd1cf4230_0;
    %cmpi/s 81, 0, 32;
    %jmp/0xz T_30.13, 5;
    %load/vec4 v0x5dabd1cf4230_0;
    %pushi/vec4 3, 0, 32;
    %mod/s;
    %store/vec4 v0x5dabd1cf49d0_0, 0, 32;
    %load/vec4 v0x5dabd1cf4230_0;
    %pushi/vec4 3, 0, 32;
    %div/s;
    %pushi/vec4 3, 0, 32;
    %mod/s;
    %store/vec4 v0x5dabd1cf4a70_0, 0, 32;
    %load/vec4 v0x5dabd1cf4230_0;
    %pushi/vec4 9, 0, 32;
    %div/s;
    %pushi/vec4 3, 0, 32;
    %mod/s;
    %store/vec4 v0x5dabd1cf4b30_0, 0, 32;
    %load/vec4 v0x5dabd1cf4230_0;
    %pushi/vec4 27, 0, 32;
    %div/s;
    %pushi/vec4 3, 0, 32;
    %mod/s;
    %store/vec4 v0x5dabd1cf4c10_0, 0, 32;
    %load/vec4 v0x5dabd1cf4c10_0;
    %store/vec4 v0x5dabd1c9b4a0_0, 0, 32;
    %callf/vec4 TD_ternary_mem_tb.ref_trit, S_0x5dabd1ce8590;
    %load/vec4 v0x5dabd1cf4b30_0;
    %store/vec4 v0x5dabd1c9b4a0_0, 0, 32;
    %callf/vec4 TD_ternary_mem_tb.ref_trit, S_0x5dabd1ce8590;
    %concat/vec4; draw_concat_vec4
    %load/vec4 v0x5dabd1cf4a70_0;
    %store/vec4 v0x5dabd1c9b4a0_0, 0, 32;
    %callf/vec4 TD_ternary_mem_tb.ref_trit, S_0x5dabd1ce8590;
    %concat/vec4; draw_concat_vec4
    %load/vec4 v0x5dabd1cf49d0_0;
    %store/vec4 v0x5dabd1c9b4a0_0, 0, 32;
    %callf/vec4 TD_ternary_mem_tb.ref_trit, S_0x5dabd1ce8590;
    %concat/vec4; draw_concat_vec4
    %store/vec4 v0x5dabd1cf56f0_0, 0, 8;
    %load/vec4 v0x5dabd1cf56f0_0;
    %store/vec4 v0x5dabd1cf5a10_0, 0, 8;
    %delay 1000, 0;
    %load/vec4 v0x5dabd1cf4230_0;
    %pad/s 7;
    %store/vec4 v0x5dabd1cf4310_0, 0, 7;
    %load/vec4 v0x5dabd1cf5070_0;
    %load/vec4 v0x5dabd1cf4310_0;
    %cmp/ne;
    %jmp/0xz  T_30.14, 6;
    %load/vec4 v0x5dabd1cf4dd0_0;
    %addi 1, 0, 32;
    %store/vec4 v0x5dabd1cf4dd0_0, 0, 32;
    %vpi_call 2 215 "$display", "FAIL: pack4 encode c=%0d ref=%b got=%b", v0x5dabd1cf4230_0, v0x5dabd1cf56f0_0, v0x5dabd1cf5070_0 {0 0 0};
T_30.14 ;
    %load/vec4 v0x5dabd1cf5070_0;
    %store/vec4 v0x5dabd1cf5230_0, 0, 7;
    %delay 1000, 0;
    %load/vec4 v0x5dabd1cf58b0_0;
    %load/vec4 v0x5dabd1cf56f0_0;
    %cmp/ne;
    %jmp/0xz  T_30.16, 6;
    %load/vec4 v0x5dabd1cf4dd0_0;
    %addi 1, 0, 32;
    %store/vec4 v0x5dabd1cf4dd0_0, 0, 32;
    %vpi_call 2 221 "$display", "FAIL: unpack4 decode c=%0d ref=%b got=%b", v0x5dabd1cf4230_0, v0x5dabd1cf56f0_0, v0x5dabd1cf58b0_0 {0 0 0};
T_30.16 ;
    %load/vec4 v0x5dabd1cf4230_0;
    %addi 1, 0, 32;
    %store/vec4 v0x5dabd1cf4230_0, 0, 32;
    %jmp T_30.12;
T_30.13 ;
    %vpi_call 2 224 "$display", "PASS: pack4/unpack4 all 81 states round-trip" {0 0 0};
    %pushi/vec4 0, 0, 32;
    %store/vec4 v0x5dabd1cf4230_0, 0, 32;
T_30.18 ;
    %load/vec4 v0x5dabd1cf4230_0;
    %cmpi/s 243, 0, 32;
    %jmp/0xz T_30.19, 5;
    %load/vec4 v0x5dabd1cf4230_0;
    %pushi/vec4 3, 0, 32;
    %mod/s;
    %store/vec4 v0x5dabd1cf49d0_0, 0, 32;
    %load/vec4 v0x5dabd1cf4230_0;
    %pushi/vec4 3, 0, 32;
    %div/s;
    %pushi/vec4 3, 0, 32;
    %mod/s;
    %store/vec4 v0x5dabd1cf4a70_0, 0, 32;
    %load/vec4 v0x5dabd1cf4230_0;
    %pushi/vec4 9, 0, 32;
    %div/s;
    %pushi/vec4 3, 0, 32;
    %mod/s;
    %store/vec4 v0x5dabd1cf4b30_0, 0, 32;
    %load/vec4 v0x5dabd1cf4230_0;
    %pushi/vec4 27, 0, 32;
    %div/s;
    %pushi/vec4 3, 0, 32;
    %mod/s;
    %store/vec4 v0x5dabd1cf4c10_0, 0, 32;
    %load/vec4 v0x5dabd1cf4230_0;
    %pushi/vec4 81, 0, 32;
    %div/s;
    %pushi/vec4 3, 0, 32;
    %mod/s;
    %store/vec4 v0x5dabd1cf4cf0_0, 0, 32;
    %load/vec4 v0x5dabd1cf4cf0_0;
    %store/vec4 v0x5dabd1c9b4a0_0, 0, 32;
    %callf/vec4 TD_ternary_mem_tb.ref_trit, S_0x5dabd1ce8590;
    %load/vec4 v0x5dabd1cf4c10_0;
    %store/vec4 v0x5dabd1c9b4a0_0, 0, 32;
    %callf/vec4 TD_ternary_mem_tb.ref_trit, S_0x5dabd1ce8590;
    %concat/vec4; draw_concat_vec4
    %load/vec4 v0x5dabd1cf4b30_0;
    %store/vec4 v0x5dabd1c9b4a0_0, 0, 32;
    %callf/vec4 TD_ternary_mem_tb.ref_trit, S_0x5dabd1ce8590;
    %concat/vec4; draw_concat_vec4
    %load/vec4 v0x5dabd1cf4a70_0;
    %store/vec4 v0x5dabd1c9b4a0_0, 0, 32;
    %callf/vec4 TD_ternary_mem_tb.ref_trit, S_0x5dabd1ce8590;
    %concat/vec4; draw_concat_vec4
    %load/vec4 v0x5dabd1cf49d0_0;
    %store/vec4 v0x5dabd1c9b4a0_0, 0, 32;
    %callf/vec4 TD_ternary_mem_tb.ref_trit, S_0x5dabd1ce8590;
    %concat/vec4; draw_concat_vec4
    %store/vec4 v0x5dabd1cf57d0_0, 0, 10;
    %load/vec4 v0x5dabd1cf57d0_0;
    %store/vec4 v0x5dabd1cf5ae0_0, 0, 10;
    %delay 1000, 0;
    %load/vec4 v0x5dabd1cf4230_0;
    %pad/s 8;
    %store/vec4 v0x5dabd1cf43f0_0, 0, 8;
    %load/vec4 v0x5dabd1cf5160_0;
    %load/vec4 v0x5dabd1cf43f0_0;
    %cmp/ne;
    %jmp/0xz  T_30.20, 6;
    %load/vec4 v0x5dabd1cf4dd0_0;
    %addi 1, 0, 32;
    %store/vec4 v0x5dabd1cf4dd0_0, 0, 32;
    %vpi_call 2 236 "$display", "FAIL: pack5 encode c=%0d ref=%b got=%b", v0x5dabd1cf4230_0, v0x5dabd1cf57d0_0, v0x5dabd1cf5160_0 {0 0 0};
T_30.20 ;
    %load/vec4 v0x5dabd1cf5160_0;
    %store/vec4 v0x5dabd1cf5300_0, 0, 8;
    %delay 1000, 0;
    %load/vec4 v0x5dabd1cf5970_0;
    %load/vec4 v0x5dabd1cf57d0_0;
    %cmp/ne;
    %jmp/0xz  T_30.22, 6;
    %load/vec4 v0x5dabd1cf4dd0_0;
    %addi 1, 0, 32;
    %store/vec4 v0x5dabd1cf4dd0_0, 0, 32;
    %vpi_call 2 242 "$display", "FAIL: unpack5 decode c=%0d ref=%b got=%b", v0x5dabd1cf4230_0, v0x5dabd1cf57d0_0, v0x5dabd1cf5970_0 {0 0 0};
T_30.22 ;
    %load/vec4 v0x5dabd1cf4230_0;
    %addi 1, 0, 32;
    %store/vec4 v0x5dabd1cf4230_0, 0, 32;
    %jmp T_30.18;
T_30.19 ;
    %vpi_call 2 245 "$display", "PASS: pack5/unpack5 all 243 states round-trip" {0 0 0};
    %vpi_call 2 248 "$display", "======================================================" {0 0 0};
    %load/vec4 v0x5dabd1cf4dd0_0;
    %cmpi/e 0, 0, 32;
    %jmp/0xz  T_30.24, 4;
    %vpi_call 2 250 "$display", "ALL ASSERTIONS PASSED \342\200\224 ternary memory verified." {0 0 0};
    %jmp T_30.25;
T_30.24 ;
    %vpi_call 2 252 "$display", "FAILURES: %0d", v0x5dabd1cf4dd0_0 {0 0 0};
    %vpi_call 2 253 "$display", "SIMULATION FAILED" {0 0 0};
T_30.25 ;
    %vpi_call 2 255 "$display", "======================================================" {0 0 0};
    %vpi_call 2 256 "$finish" {0 0 0};
    %end;
    .thread T_30;
    .scope S_0x5dabd1c9e380;
T_31 ;
    %pushi/vec4 0, 0, 2;
    %store/vec4 v0x5dabd1cf6120_0, 0, 2;
    %end;
    .thread T_31;
    .scope S_0x5dabd1c9e380;
T_32 ;
    %wait E_0x5dabd1cf5f00;
    %load/vec4 v0x5dabd1cf6040_0;
    %assign/vec4 v0x5dabd1cf6120_0, 0;
    %jmp T_32;
    .thread T_32;
    .scope S_0x5dabd1c9c820;
T_33 ;
    %pushi/vec4 0, 0, 2;
    %store/vec4 v0x5dabd1cf6480_0, 0, 2;
    %end;
    .thread T_33;
    .scope S_0x5dabd1c9c820;
T_34 ;
    %wait E_0x5dabd1cf6260;
    %load/vec4 v0x5dabd1cf63c0_0;
    %flag_set/vec4 8;
    %jmp/0xz  T_34.0, 8;
    %load/vec4 v0x5dabd1cf62c0_0;
    %store/vec4 v0x5dabd1cf6480_0, 0, 2;
T_34.0 ;
    %jmp T_34;
    .thread T_34, $push;
# The file index is used to find the file name in the following table.
:file_names 5;
    "N/A";
    "<interactive>";
    "ternary_mem_tb.v";
    "ternary_mem.v";
    "ternary_ff.v";
