
Note: No compatibility mode selected!


Circuit: * =====================================================================

Doing analysis at TEMP = 27.000000 and TNOM = 27.000000

Using SPARSE 1.3 as Direct Linear Solver

Initial Transient Solution
--------------------------

Node                                   Voltage
----                                   -------
vdd                                          1
in                                           0
out                                          1
load                                         1
pwr                                  -1.01e-12
bpwr#branch                                  0
vsup#branch                          -1.01e-12
vin#branch                                   0


No. of Data Rows : 626

  Measurements for Transient Analysis

ecycle              =   -1.49604e-12 from=  5.00000e-09 to=  3.50000e-08
erise               =   -1.35606e-16 from=  5.00000e-09 to=  2.00000e-08
efall               =   -1.49591e-12 from=  2.00000e-08 to=  3.50000e-08
vout_hi             =  4.805345e-02
vout_lo             =  9.872195e-01
tr_rise             =  4.840535e-09 targ=  2.609547e-08 trig=  2.125493e-08
tf_fall             =  4.840538e-09 targ=  1.059721e-08 trig=  5.756668e-09

    * =====================================================================
    Transient Analysis  Fri Aug 28 22:21:52  2026
--------------------------------------------------------------------------------
Index   time            v(in)           v(out)          v(load)         
--------------------------------------------------------------------------------
0	0.000000e+00	0.000000e+00	1.000000e+00	1.000000e+00	
1	1.000000e-12	0.000000e+00	1.000000e+00	1.000000e+00	
2	2.000000e-12	0.000000e+00	1.000000e+00	1.000000e+00	
3	4.000000e-12	0.000000e+00	1.000000e+00	1.000000e+00	
4	8.000000e-12	0.000000e+00	1.000000e+00	1.000000e+00	
5	1.600000e-11	0.000000e+00	1.000000e+00	1.000000e+00	
6	3.200000e-11	0.000000e+00	1.000000e+00	1.000000e+00	
7	6.400000e-11	0.000000e+00	1.000000e+00	1.000000e+00	
8	1.280000e-10	0.000000e+00	1.000000e+00	1.000000e+00	
9	2.280000e-10	0.000000e+00	1.000000e+00	1.000000e+00	
10	3.280000e-10	0.000000e+00	1.000000e+00	1.000000e+00	
11	4.280000e-10	0.000000e+00	1.000000e+00	1.000000e+00	
12	5.280000e-10	0.000000e+00	1.000000e+00	1.000000e+00	
13	6.280000e-10	0.000000e+00	1.000000e+00	1.000000e+00	
14	7.280000e-10	0.000000e+00	1.000000e+00	1.000000e+00	
15	8.280000e-10	0.000000e+00	1.000000e+00	1.000000e+00	
16	9.280000e-10	0.000000e+00	1.000000e+00	1.000000e+00	
17	1.028000e-09	0.000000e+00	1.000000e+00	1.000000e+00	
18	1.128000e-09	0.000000e+00	1.000000e+00	1.000000e+00	
19	1.228000e-09	0.000000e+00	1.000000e+00	1.000000e+00	
20	1.328000e-09	0.000000e+00	1.000000e+00	1.000000e+00	
21	1.428000e-09	0.000000e+00	1.000000e+00	1.000000e+00	
22	1.528000e-09	0.000000e+00	1.000000e+00	1.000000e+00	
23	1.628000e-09	0.000000e+00	1.000000e+00	1.000000e+00	
24	1.728000e-09	0.000000e+00	1.000000e+00	1.000000e+00	
25	1.828000e-09	0.000000e+00	1.000000e+00	1.000000e+00	
26	1.928000e-09	0.000000e+00	1.000000e+00	1.000000e+00	
27	2.028000e-09	0.000000e+00	1.000000e+00	1.000000e+00	
28	2.128000e-09	0.000000e+00	1.000000e+00	1.000000e+00	
29	2.228000e-09	0.000000e+00	1.000000e+00	1.000000e+00	
30	2.328000e-09	0.000000e+00	1.000000e+00	1.000000e+00	
31	2.428000e-09	0.000000e+00	1.000000e+00	1.000000e+00	
32	2.528000e-09	0.000000e+00	1.000000e+00	1.000000e+00	
33	2.628000e-09	0.000000e+00	1.000000e+00	1.000000e+00	
34	2.728000e-09	0.000000e+00	1.000000e+00	1.000000e+00	
35	2.828000e-09	0.000000e+00	1.000000e+00	1.000000e+00	
36	2.928000e-09	0.000000e+00	1.000000e+00	1.000000e+00	
37	3.028000e-09	0.000000e+00	1.000000e+00	1.000000e+00	
38	3.128000e-09	0.000000e+00	1.000000e+00	1.000000e+00	
39	3.228000e-09	0.000000e+00	1.000000e+00	1.000000e+00	
40	3.328000e-09	0.000000e+00	1.000000e+00	1.000000e+00	
41	3.428000e-09	0.000000e+00	1.000000e+00	1.000000e+00	
42	3.528000e-09	0.000000e+00	1.000000e+00	1.000000e+00	
43	3.628000e-09	0.000000e+00	1.000000e+00	1.000000e+00	
44	3.728000e-09	0.000000e+00	1.000000e+00	1.000000e+00	
45	3.828000e-09	0.000000e+00	1.000000e+00	1.000000e+00	
46	3.928000e-09	0.000000e+00	1.000000e+00	1.000000e+00	
47	4.028000e-09	0.000000e+00	1.000000e+00	1.000000e+00	
48	4.128000e-09	0.000000e+00	1.000000e+00	1.000000e+00	
49	4.228000e-09	0.000000e+00	1.000000e+00	1.000000e+00	
50	4.328000e-09	0.000000e+00	1.000000e+00	1.000000e+00	
51	4.428000e-09	0.000000e+00	1.000000e+00	1.000000e+00	
52	4.528000e-09	0.000000e+00	1.000000e+00	1.000000e+00	
53	4.628000e-09	0.000000e+00	1.000000e+00	1.000000e+00	
54	4.728000e-09	0.000000e+00	1.000000e+00	1.000000e+00	

Index   time            v(in)           v(out)          v(load)         
--------------------------------------------------------------------------------
55	4.828000e-09	0.000000e+00	1.000000e+00	1.000000e+00	
56	4.928000e-09	0.000000e+00	1.000000e+00	1.000000e+00	
57	5.000000e-09	0.000000e+00	1.000000e+00	1.000000e+00	
58	5.010000e-09	2.000000e-02	1.000000e+00	1.000000e+00	
59	5.030000e-09	6.000000e-02	1.000000e+00	1.000000e+00	
60	5.070000e-09	1.400000e-01	1.000000e+00	1.000000e+00	
61	5.150000e-09	3.000000e-01	1.000000e+00	1.000000e+00	
62	5.250000e-09	5.000000e-01	9.944222e-01	9.996514e-01	
63	5.350000e-09	7.000000e-01	9.434536e-01	9.958122e-01	
64	5.450000e-09	9.000000e-01	8.379663e-01	9.826744e-01	
65	5.500000e-09	1.000000e+00	7.632968e-01	9.709297e-01	
66	5.510000e-09	1.000000e+00	7.607789e-01	9.681646e-01	
67	5.530000e-09	1.000000e+00	7.550813e-01	9.626321e-01	
68	5.570000e-09	1.000000e+00	7.441244e-01	9.515656e-01	
69	5.650000e-09	1.000000e+00	7.222280e-01	9.294502e-01	
70	5.750000e-09	1.000000e+00	6.948899e-01	9.018388e-01	
71	5.850000e-09	1.000000e+00	6.675880e-01	8.742639e-01	
72	5.950000e-09	1.000000e+00	6.403220e-01	8.467252e-01	
73	6.050000e-09	1.000000e+00	6.130920e-01	8.192230e-01	
74	6.150000e-09	1.000000e+00	5.860160e-01	7.917644e-01	
75	6.250000e-09	1.000000e+00	5.597314e-01	7.644030e-01	
76	6.350000e-09	1.000000e+00	5.343472e-01	7.372326e-01	
77	6.450000e-09	1.000000e+00	5.098709e-01	7.103421e-01	
78	6.550000e-09	1.000000e+00	4.863030e-01	6.838102e-01	
79	6.650000e-09	1.000000e+00	4.636382e-01	6.577053e-01	
80	6.750000e-09	1.000000e+00	4.418663e-01	6.320862e-01	
81	6.850000e-09	1.000000e+00	4.209733e-01	6.070029e-01	
82	6.950000e-09	1.000000e+00	4.009421e-01	5.824972e-01	
83	7.050000e-09	1.000000e+00	3.817528e-01	5.586035e-01	
84	7.150000e-09	1.000000e+00	3.633840e-01	5.353491e-01	
85	7.250000e-09	1.000000e+00	3.458126e-01	5.127553e-01	
86	7.350000e-09	1.000000e+00	3.290144e-01	4.908375e-01	
87	7.450000e-09	1.000000e+00	3.129647e-01	4.696065e-01	
88	7.550000e-09	1.000000e+00	2.976380e-01	4.490684e-01	
89	7.650000e-09	1.000000e+00	2.830089e-01	4.292253e-01	
90	7.750000e-09	1.000000e+00	2.690519e-01	4.100759e-01	
91	7.850000e-09	1.000000e+00	2.557414e-01	3.916160e-01	
92	7.950000e-09	1.000000e+00	2.430523e-01	3.738386e-01	
93	8.050000e-09	1.000000e+00	2.309599e-01	3.567345e-01	
94	8.150000e-09	1.000000e+00	2.194398e-01	3.402927e-01	
95	8.250000e-09	1.000000e+00	2.084683e-01	3.245004e-01	
96	8.350000e-09	1.000000e+00	1.980221e-01	3.093435e-01	
97	8.450000e-09	1.000000e+00	1.880786e-01	2.948068e-01	
98	8.550000e-09	1.000000e+00	1.786160e-01	2.808744e-01	
99	8.650000e-09	1.000000e+00	1.696131e-01	2.675294e-01	
100	8.750000e-09	1.000000e+00	1.610492e-01	2.547546e-01	
101	8.850000e-09	1.000000e+00	1.529047e-01	2.425324e-01	
102	8.950000e-09	1.000000e+00	1.451603e-01	2.308449e-01	
103	9.050000e-09	1.000000e+00	1.377977e-01	2.196742e-01	
104	9.150000e-09	1.000000e+00	1.307992e-01	2.090022e-01	
105	9.250000e-09	1.000000e+00	1.241478e-01	1.988111e-01	
106	9.350000e-09	1.000000e+00	1.178272e-01	1.890832e-01	
107	9.450000e-09	1.000000e+00	1.118217e-01	1.798008e-01	
108	9.550000e-09	1.000000e+00	1.061164e-01	1.709469e-01	
109	9.650000e-09	1.000000e+00	1.006967e-01	1.625043e-01	
110	9.750000e-09	1.000000e+00	9.554913e-02	1.544567e-01	
111	9.850000e-09	1.000000e+00	9.066038e-02	1.467877e-01	
112	9.950000e-09	1.000000e+00	8.601793e-02	1.394816e-01	

Index   time            v(in)           v(out)          v(load)         
--------------------------------------------------------------------------------
113	1.005000e-08	1.000000e+00	8.160977e-02	1.325231e-01	
114	1.015000e-08	1.000000e+00	7.742444e-02	1.258974e-01	
115	1.025000e-08	1.000000e+00	7.345099e-02	1.195899e-01	
116	1.035000e-08	1.000000e+00	6.967900e-02	1.135868e-01	
117	1.045000e-08	1.000000e+00	6.609849e-02	1.078746e-01	
118	1.055000e-08	1.000000e+00	6.269998e-02	1.024401e-01	
119	1.065000e-08	1.000000e+00	5.947443e-02	9.727102e-02	
120	1.075000e-08	1.000000e+00	5.641323e-02	9.235512e-02	
121	1.085000e-08	1.000000e+00	5.350815e-02	8.768082e-02	
122	1.095000e-08	1.000000e+00	5.075139e-02	8.323694e-02	
123	1.105000e-08	1.000000e+00	4.813550e-02	7.901275e-02	
124	1.115000e-08	1.000000e+00	4.565342e-02	7.499796e-02	
125	1.125000e-08	1.000000e+00	4.329839e-02	7.118271e-02	
126	1.135000e-08	1.000000e+00	4.106402e-02	6.755752e-02	
127	1.145000e-08	1.000000e+00	3.894420e-02	6.411334e-02	
128	1.155000e-08	1.000000e+00	3.693315e-02	6.084151e-02	
129	1.165000e-08	1.000000e+00	3.502534e-02	5.773373e-02	
130	1.175000e-08	1.000000e+00	3.321554e-02	5.478207e-02	
131	1.185000e-08	1.000000e+00	3.149877e-02	5.197895e-02	
132	1.195000e-08	1.000000e+00	2.987030e-02	4.931715e-02	
133	1.205000e-08	1.000000e+00	2.832563e-02	4.678975e-02	
134	1.215000e-08	1.000000e+00	2.686049e-02	4.439016e-02	
135	1.225000e-08	1.000000e+00	2.547081e-02	4.211210e-02	
136	1.235000e-08	1.000000e+00	2.415275e-02	3.994956e-02	
137	1.245000e-08	1.000000e+00	2.290265e-02	3.789683e-02	
138	1.255000e-08	1.000000e+00	2.171702e-02	3.594845e-02	
139	1.265000e-08	1.000000e+00	2.059256e-02	3.409925e-02	
140	1.275000e-08	1.000000e+00	1.952614e-02	3.234426e-02	
141	1.285000e-08	1.000000e+00	1.851479e-02	3.067879e-02	
142	1.295000e-08	1.000000e+00	1.755566e-02	2.909834e-02	
143	1.305000e-08	1.000000e+00	1.664609e-02	2.759866e-02	
144	1.315000e-08	1.000000e+00	1.578353e-02	2.617568e-02	
145	1.325000e-08	1.000000e+00	1.496555e-02	2.482553e-02	
146	1.335000e-08	1.000000e+00	1.418987e-02	2.354456e-02	
147	1.345000e-08	1.000000e+00	1.345431e-02	2.232925e-02	
148	1.355000e-08	1.000000e+00	1.275680e-02	2.117629e-02	
149	1.365000e-08	1.000000e+00	1.209538e-02	2.008251e-02	
150	1.375000e-08	1.000000e+00	1.146819e-02	1.904492e-02	
151	1.385000e-08	1.000000e+00	1.087346e-02	1.806066e-02	
152	1.395000e-08	1.000000e+00	1.030953e-02	1.712701e-02	
153	1.405000e-08	1.000000e+00	9.774798e-03	1.624141e-02	
154	1.415000e-08	1.000000e+00	9.267760e-03	1.540139e-02	
155	1.425000e-08	1.000000e+00	8.786987e-03	1.460464e-02	
156	1.435000e-08	1.000000e+00	8.331122e-03	1.384894e-02	
157	1.445000e-08	1.000000e+00	7.898877e-03	1.313220e-02	
158	1.455000e-08	1.000000e+00	7.489031e-03	1.245242e-02	
159	1.465000e-08	1.000000e+00	7.100427e-03	1.180771e-02	
160	1.475000e-08	1.000000e+00	6.731966e-03	1.119627e-02	
161	1.485000e-08	1.000000e+00	6.382606e-03	1.061639e-02	
162	1.495000e-08	1.000000e+00	6.051359e-03	1.006647e-02	
163	1.505000e-08	1.000000e+00	5.737287e-03	9.544950e-03	
164	1.515000e-08	1.000000e+00	5.439502e-03	9.050381e-03	
165	1.525000e-08	1.000000e+00	5.157161e-03	8.581375e-03	
166	1.535000e-08	1.000000e+00	4.889463e-03	8.136617e-03	
167	1.545000e-08	1.000000e+00	4.635651e-03	7.714859e-03	
168	1.555000e-08	1.000000e+00	4.395005e-03	7.314918e-03	
169	1.565000e-08	1.000000e+00	4.166843e-03	6.935669e-03	
170	1.575000e-08	1.000000e+00	3.950518e-03	6.576045e-03	

Index   time            v(in)           v(out)          v(load)         
--------------------------------------------------------------------------------
171	1.585000e-08	1.000000e+00	3.745418e-03	6.235036e-03	
172	1.595000e-08	1.000000e+00	3.550960e-03	5.911680e-03	
173	1.605000e-08	1.000000e+00	3.366592e-03	5.605067e-03	
174	1.615000e-08	1.000000e+00	3.191792e-03	5.314332e-03	
175	1.625000e-08	1.000000e+00	3.026064e-03	5.038657e-03	
176	1.635000e-08	1.000000e+00	2.868937e-03	4.777262e-03	
177	1.645000e-08	1.000000e+00	2.719965e-03	4.529411e-03	
178	1.655000e-08	1.000000e+00	2.578726e-03	4.294403e-03	
179	1.665000e-08	1.000000e+00	2.444818e-03	4.071574e-03	
180	1.675000e-08	1.000000e+00	2.317861e-03	3.860295e-03	
181	1.685000e-08	1.000000e+00	2.197494e-03	3.659967e-03	
182	1.695000e-08	1.000000e+00	2.083376e-03	3.470026e-03	
183	1.705000e-08	1.000000e+00	1.975182e-03	3.289933e-03	
184	1.715000e-08	1.000000e+00	1.872606e-03	3.119178e-03	
185	1.725000e-08	1.000000e+00	1.775355e-03	2.957278e-03	
186	1.735000e-08	1.000000e+00	1.683153e-03	2.803775e-03	
187	1.745000e-08	1.000000e+00	1.595739e-03	2.658234e-03	
188	1.755000e-08	1.000000e+00	1.512863e-03	2.520242e-03	
189	1.765000e-08	1.000000e+00	1.434290e-03	2.389409e-03	
190	1.775000e-08	1.000000e+00	1.359798e-03	2.265363e-03	
191	1.785000e-08	1.000000e+00	1.289173e-03	2.147754e-03	
192	1.795000e-08	1.000000e+00	1.222216e-03	2.036246e-03	
193	1.805000e-08	1.000000e+00	1.158736e-03	1.930525e-03	
194	1.815000e-08	1.000000e+00	1.098552e-03	1.830290e-03	
195	1.825000e-08	1.000000e+00	1.041494e-03	1.735257e-03	
196	1.835000e-08	1.000000e+00	9.873990e-04	1.645155e-03	
197	1.845000e-08	1.000000e+00	9.361131e-04	1.559730e-03	
198	1.855000e-08	1.000000e+00	8.874907e-04	1.478739e-03	
199	1.865000e-08	1.000000e+00	8.413935e-04	1.401952e-03	
200	1.875000e-08	1.000000e+00	7.976902e-04	1.329151e-03	
201	1.885000e-08	1.000000e+00	7.562568e-04	1.260129e-03	
202	1.895000e-08	1.000000e+00	7.169752e-04	1.194690e-03	
203	1.905000e-08	1.000000e+00	6.797337e-04	1.132648e-03	
204	1.915000e-08	1.000000e+00	6.444265e-04	1.073827e-03	
205	1.925000e-08	1.000000e+00	6.109531e-04	1.018060e-03	
206	1.935000e-08	1.000000e+00	5.792182e-04	9.651879e-04	
207	1.945000e-08	1.000000e+00	5.491316e-04	9.150613e-04	
208	1.955000e-08	1.000000e+00	5.206076e-04	8.675373e-04	
209	1.965000e-08	1.000000e+00	4.935652e-04	8.224809e-04	
210	1.975000e-08	1.000000e+00	4.679274e-04	7.797641e-04	
211	1.985000e-08	1.000000e+00	4.436212e-04	7.392654e-04	
212	1.995000e-08	1.000000e+00	4.205775e-04	7.008696e-04	
213	2.005000e-08	1.000000e+00	3.987307e-04	6.644677e-04	
214	2.015000e-08	1.000000e+00	3.780187e-04	6.299561e-04	
215	2.025000e-08	1.000000e+00	3.583825e-04	5.972366e-04	
216	2.035000e-08	1.000000e+00	3.397663e-04	5.662164e-04	
217	2.045000e-08	1.000000e+00	3.221170e-04	5.368070e-04	
218	2.050000e-08	1.000000e+00	3.136407e-04	5.226826e-04	
219	2.051000e-08	9.800000e-01	3.161702e-04	5.199654e-04	
220	2.053000e-08	9.400000e-01	3.217063e-04	5.146752e-04	
221	2.057000e-08	8.600000e-01	3.342146e-04	5.049757e-04	
222	2.065000e-08	7.000000e-01	3.670649e-04	4.893467e-04	
223	2.075000e-08	5.000000e-01	6.010483e-03	8.267752e-04	
224	2.085000e-08	3.000000e-01	5.702030e-02	4.662852e-03	
225	2.095000e-08	1.000000e-01	1.625052e-01	1.780034e-02	
226	2.100000e-08	0.000000e+00	2.371730e-01	2.954477e-02	
227	2.101000e-08	0.000000e+00	2.399136e-01	3.231279e-02	
228	2.103000e-08	0.000000e+00	2.453941e-01	3.784808e-02	

Index   time            v(in)           v(out)          v(load)         
--------------------------------------------------------------------------------
229	2.107000e-08	0.000000e+00	2.563508e-01	4.891428e-02	
230	2.115000e-08	0.000000e+00	2.782467e-01	7.102916e-02	
231	2.125000e-08	0.000000e+00	3.055841e-01	9.863994e-02	
232	2.135000e-08	0.000000e+00	3.328854e-01	1.262143e-01	
233	2.145000e-08	0.000000e+00	3.601508e-01	1.537523e-01	
234	2.155000e-08	0.000000e+00	3.873801e-01	1.812539e-01	
235	2.165000e-08	0.000000e+00	4.144476e-01	2.087114e-01	
236	2.175000e-08	0.000000e+00	4.407167e-01	2.360702e-01	
237	2.185000e-08	0.000000e+00	4.660852e-01	2.632366e-01	
238	2.195000e-08	0.000000e+00	4.905457e-01	2.901214e-01	
239	2.205000e-08	0.000000e+00	5.140979e-01	3.166465e-01	
240	2.215000e-08	0.000000e+00	5.367471e-01	3.427435e-01	
241	2.225000e-08	0.000000e+00	5.585036e-01	3.683537e-01	
242	2.235000e-08	0.000000e+00	5.793815e-01	3.934273e-01	
243	2.245000e-08	0.000000e+00	5.993980e-01	4.179226e-01	
244	2.255000e-08	0.000000e+00	6.185728e-01	4.418055e-01	
245	2.265000e-08	0.000000e+00	6.369276e-01	4.650485e-01	
246	2.275000e-08	0.000000e+00	6.544854e-01	4.876308e-01	
247	2.285000e-08	0.000000e+00	6.712703e-01	5.095367e-01	
248	2.295000e-08	0.000000e+00	6.873073e-01	5.307557e-01	
249	2.305000e-08	0.000000e+00	7.026217e-01	5.512818e-01	
250	2.315000e-08	0.000000e+00	7.172389e-01	5.711129e-01	
251	2.325000e-08	0.000000e+00	7.311845e-01	5.902502e-01	
252	2.335000e-08	0.000000e+00	7.444840e-01	6.086982e-01	
253	2.345000e-08	0.000000e+00	7.571625e-01	6.264638e-01	
254	2.355000e-08	0.000000e+00	7.692447e-01	6.435563e-01	
255	2.365000e-08	0.000000e+00	7.807551e-01	6.599868e-01	
256	2.375000e-08	0.000000e+00	7.917173e-01	6.757679e-01	
257	2.385000e-08	0.000000e+00	8.021547e-01	6.909140e-01	
258	2.395000e-08	0.000000e+00	8.120896e-01	7.054400e-01	
259	2.405000e-08	0.000000e+00	8.215440e-01	7.193621e-01	
260	2.415000e-08	0.000000e+00	8.305392e-01	7.326970e-01	
261	2.425000e-08	0.000000e+00	8.390956e-01	7.454621e-01	
262	2.435000e-08	0.000000e+00	8.472331e-01	7.576748e-01	
263	2.445000e-08	0.000000e+00	8.549706e-01	7.693532e-01	
264	2.455000e-08	0.000000e+00	8.623268e-01	7.805152e-01	
265	2.465000e-08	0.000000e+00	8.693191e-01	7.911786e-01	
266	2.475000e-08	0.000000e+00	8.759646e-01	8.013615e-01	
267	2.485000e-08	0.000000e+00	8.822796e-01	8.110816e-01	
268	2.495000e-08	0.000000e+00	8.882798e-01	8.203564e-01	
269	2.505000e-08	0.000000e+00	8.939801e-01	8.292030e-01	
270	2.515000e-08	0.000000e+00	8.993948e-01	8.376386e-01	
271	2.525000e-08	0.000000e+00	9.045379e-01	8.456796e-01	
272	2.535000e-08	0.000000e+00	9.094222e-01	8.533421e-01	
273	2.545000e-08	0.000000e+00	9.140605e-01	8.606420e-01	
274	2.555000e-08	0.000000e+00	9.184647e-01	8.675946e-01	
275	2.565000e-08	0.000000e+00	9.226463e-01	8.742147e-01	
276	2.575000e-08	0.000000e+00	9.266161e-01	8.805168e-01	
277	2.585000e-08	0.000000e+00	9.303847e-01	8.865147e-01	
278	2.595000e-08	0.000000e+00	9.339620e-01	8.922221e-01	
279	2.605000e-08	0.000000e+00	9.373574e-01	8.976518e-01	
280	2.615000e-08	0.000000e+00	9.405800e-01	9.028164e-01	
281	2.625000e-08	0.000000e+00	9.436385e-01	9.077280e-01	
282	2.635000e-08	0.000000e+00	9.465409e-01	9.123982e-01	
283	2.645000e-08	0.000000e+00	9.492952e-01	9.168382e-01	
284	2.655000e-08	0.000000e+00	9.519087e-01	9.210587e-01	
285	2.665000e-08	0.000000e+00	9.543885e-01	9.250699e-01	
286	2.675000e-08	0.000000e+00	9.567414e-01	9.288818e-01	

Index   time            v(in)           v(out)          v(load)         
--------------------------------------------------------------------------------
287	2.685000e-08	0.000000e+00	9.589737e-01	9.325037e-01	
288	2.695000e-08	0.000000e+00	9.610916e-01	9.359449e-01	
289	2.705000e-08	0.000000e+00	9.631008e-01	9.392138e-01	
290	2.715000e-08	0.000000e+00	9.650069e-01	9.423188e-01	
291	2.725000e-08	0.000000e+00	9.668150e-01	9.452678e-01	
292	2.735000e-08	0.000000e+00	9.685302e-01	9.480684e-01	
293	2.745000e-08	0.000000e+00	9.701572e-01	9.507278e-01	
294	2.755000e-08	0.000000e+00	9.717005e-01	9.532529e-01	
295	2.765000e-08	0.000000e+00	9.731643e-01	9.556504e-01	
296	2.775000e-08	0.000000e+00	9.745527e-01	9.579264e-01	
297	2.785000e-08	0.000000e+00	9.758695e-01	9.600870e-01	
298	2.795000e-08	0.000000e+00	9.771185e-01	9.621378e-01	
299	2.805000e-08	0.000000e+00	9.783030e-01	9.640845e-01	
300	2.815000e-08	0.000000e+00	9.794264e-01	9.659320e-01	
301	2.825000e-08	0.000000e+00	9.804919e-01	9.676854e-01	
302	2.835000e-08	0.000000e+00	9.815023e-01	9.693493e-01	
303	2.845000e-08	0.000000e+00	9.824605e-01	9.709284e-01	
304	2.855000e-08	0.000000e+00	9.833693e-01	9.724267e-01	
305	2.865000e-08	0.000000e+00	9.842310e-01	9.738484e-01	
306	2.875000e-08	0.000000e+00	9.850483e-01	9.751973e-01	
307	2.885000e-08	0.000000e+00	9.858232e-01	9.764771e-01	
308	2.895000e-08	0.000000e+00	9.865581e-01	9.776913e-01	
309	2.905000e-08	0.000000e+00	9.872550e-01	9.788432e-01	
310	2.915000e-08	0.000000e+00	9.879158e-01	9.799360e-01	
311	2.925000e-08	0.000000e+00	9.885424e-01	9.809726e-01	
312	2.935000e-08	0.000000e+00	9.891366e-01	9.819560e-01	
313	2.945000e-08	0.000000e+00	9.897000e-01	9.828888e-01	
314	2.955000e-08	0.000000e+00	9.902342e-01	9.837735e-01	
315	2.965000e-08	0.000000e+00	9.907408e-01	9.846128e-01	
316	2.975000e-08	0.000000e+00	9.912211e-01	9.854088e-01	
317	2.985000e-08	0.000000e+00	9.916766e-01	9.861638e-01	
318	2.995000e-08	0.000000e+00	9.921084e-01	9.868799e-01	
319	3.005000e-08	0.000000e+00	9.925179e-01	9.875591e-01	
320	3.015000e-08	0.000000e+00	9.929061e-01	9.882032e-01	
321	3.025000e-08	0.000000e+00	9.932743e-01	9.888141e-01	
322	3.035000e-08	0.000000e+00	9.936233e-01	9.893934e-01	
323	3.045000e-08	0.000000e+00	9.939542e-01	9.899428e-01	
324	3.055000e-08	0.000000e+00	9.942680e-01	9.904639e-01	
325	3.065000e-08	0.000000e+00	9.945655e-01	9.909580e-01	
326	3.075000e-08	0.000000e+00	9.948476e-01	9.914265e-01	
327	3.085000e-08	0.000000e+00	9.951151e-01	9.918709e-01	
328	3.095000e-08	0.000000e+00	9.953686e-01	9.922923e-01	
329	3.105000e-08	0.000000e+00	9.956091e-01	9.926918e-01	
330	3.115000e-08	0.000000e+00	9.958370e-01	9.930707e-01	
331	3.125000e-08	0.000000e+00	9.960531e-01	9.934300e-01	
332	3.135000e-08	0.000000e+00	9.962580e-01	9.937707e-01	
333	3.145000e-08	0.000000e+00	9.964523e-01	9.940938e-01	
334	3.155000e-08	0.000000e+00	9.966365e-01	9.944001e-01	
335	3.165000e-08	0.000000e+00	9.968112e-01	9.946906e-01	
336	3.175000e-08	0.000000e+00	9.969767e-01	9.949660e-01	
337	3.185000e-08	0.000000e+00	9.971337e-01	9.952272e-01	
338	3.195000e-08	0.000000e+00	9.972825e-01	9.954748e-01	
339	3.205000e-08	0.000000e+00	9.974237e-01	9.957096e-01	
340	3.215000e-08	0.000000e+00	9.975574e-01	9.959322e-01	
341	3.225000e-08	0.000000e+00	9.976843e-01	9.961433e-01	
342	3.235000e-08	0.000000e+00	9.978045e-01	9.963434e-01	
343	3.245000e-08	0.000000e+00	9.979186e-01	9.965332e-01	
344	3.255000e-08	0.000000e+00	9.980266e-01	9.967131e-01	

Index   time            v(in)           v(out)          v(load)         
--------------------------------------------------------------------------------
345	3.265000e-08	0.000000e+00	9.981291e-01	9.968837e-01	
346	3.275000e-08	0.000000e+00	9.982263e-01	9.970455e-01	
347	3.285000e-08	0.000000e+00	9.983184e-01	9.971988e-01	
348	3.295000e-08	0.000000e+00	9.984057e-01	9.973442e-01	
349	3.305000e-08	0.000000e+00	9.984885e-01	9.974821e-01	
350	3.315000e-08	0.000000e+00	9.985670e-01	9.976128e-01	
351	3.325000e-08	0.000000e+00	9.986415e-01	9.977367e-01	
352	3.335000e-08	0.000000e+00	9.987120e-01	9.978542e-01	
353	3.345000e-08	0.000000e+00	9.987789e-01	9.979656e-01	
354	3.355000e-08	0.000000e+00	9.988423e-01	9.980713e-01	
355	3.365000e-08	0.000000e+00	9.989025e-01	9.981714e-01	
356	3.375000e-08	0.000000e+00	9.989595e-01	9.982663e-01	
357	3.385000e-08	0.000000e+00	9.990135e-01	9.983564e-01	
358	3.395000e-08	0.000000e+00	9.990648e-01	9.984417e-01	
359	3.405000e-08	0.000000e+00	9.991133e-01	9.985226e-01	
360	3.415000e-08	0.000000e+00	9.991594e-01	9.985993e-01	
361	3.425000e-08	0.000000e+00	9.992030e-01	9.986721e-01	
362	3.435000e-08	0.000000e+00	9.992444e-01	9.987410e-01	
363	3.445000e-08	0.000000e+00	9.992837e-01	9.988064e-01	
364	3.455000e-08	0.000000e+00	9.993209e-01	9.988684e-01	
365	3.465000e-08	0.000000e+00	9.993562e-01	9.989272e-01	
366	3.475000e-08	0.000000e+00	9.993896e-01	9.989829e-01	
367	3.485000e-08	0.000000e+00	9.994213e-01	9.990357e-01	
368	3.495000e-08	0.000000e+00	9.994514e-01	9.990858e-01	
369	3.505000e-08	0.000000e+00	9.994799e-01	9.991333e-01	
370	3.515000e-08	0.000000e+00	9.995069e-01	9.991783e-01	
371	3.525000e-08	0.000000e+00	9.995325e-01	9.992210e-01	
372	3.535000e-08	0.000000e+00	9.995568e-01	9.992614e-01	
373	3.545000e-08	0.000000e+00	9.995798e-01	9.992998e-01	
374	3.555000e-08	0.000000e+00	9.996016e-01	9.993361e-01	
375	3.565000e-08	0.000000e+00	9.996223e-01	9.993706e-01	
376	3.575000e-08	0.000000e+00	9.996419e-01	9.994033e-01	
377	3.585000e-08	0.000000e+00	9.996605e-01	9.994343e-01	
378	3.595000e-08	0.000000e+00	9.996782e-01	9.994637e-01	
379	3.605000e-08	0.000000e+00	9.996949e-01	9.994915e-01	
380	3.615000e-08	0.000000e+00	9.997107e-01	9.995180e-01	
381	3.625000e-08	0.000000e+00	9.997258e-01	9.995430e-01	
382	3.635000e-08	0.000000e+00	9.997400e-01	9.995667e-01	
383	3.645000e-08	0.000000e+00	9.997535e-01	9.995892e-01	
384	3.655000e-08	0.000000e+00	9.997663e-01	9.996106e-01	
385	3.665000e-08	0.000000e+00	9.997785e-01	9.996308e-01	
386	3.675000e-08	0.000000e+00	9.997900e-01	9.996500e-01	
387	3.685000e-08	0.000000e+00	9.998009e-01	9.996682e-01	
388	3.695000e-08	0.000000e+00	9.998112e-01	9.996854e-01	
389	3.705000e-08	0.000000e+00	9.998210e-01	9.997017e-01	
390	3.715000e-08	0.000000e+00	9.998303e-01	9.997172e-01	
391	3.725000e-08	0.000000e+00	9.998391e-01	9.997319e-01	
392	3.735000e-08	0.000000e+00	9.998475e-01	9.997458e-01	
393	3.745000e-08	0.000000e+00	9.998554e-01	9.997590e-01	
394	3.755000e-08	0.000000e+00	9.998629e-01	9.997716e-01	
395	3.765000e-08	0.000000e+00	9.998701e-01	9.997834e-01	
396	3.775000e-08	0.000000e+00	9.998768e-01	9.997947e-01	
397	3.785000e-08	0.000000e+00	9.998832e-01	9.998053e-01	
398	3.795000e-08	0.000000e+00	9.998893e-01	9.998155e-01	
399	3.805000e-08	0.000000e+00	9.998950e-01	9.998250e-01	
400	3.815000e-08	0.000000e+00	9.999005e-01	9.998341e-01	
401	3.825000e-08	0.000000e+00	9.999056e-01	9.998427e-01	
402	3.835000e-08	0.000000e+00	9.999105e-01	9.998509e-01	

Index   time            v(in)           v(out)          v(load)         
--------------------------------------------------------------------------------
403	3.845000e-08	0.000000e+00	9.999152e-01	9.998587e-01	
404	3.855000e-08	0.000000e+00	9.999196e-01	9.998660e-01	
405	3.865000e-08	0.000000e+00	9.999238e-01	9.998730e-01	
406	3.875000e-08	0.000000e+00	9.999277e-01	9.998796e-01	
407	3.885000e-08	0.000000e+00	9.999315e-01	9.998858e-01	
408	3.895000e-08	0.000000e+00	9.999350e-01	9.998917e-01	
409	3.905000e-08	0.000000e+00	9.999384e-01	9.998974e-01	
410	3.915000e-08	0.000000e+00	9.999416e-01	9.999027e-01	
411	3.925000e-08	0.000000e+00	9.999447e-01	9.999078e-01	
412	3.935000e-08	0.000000e+00	9.999475e-01	9.999125e-01	
413	3.945000e-08	0.000000e+00	9.999503e-01	9.999171e-01	
414	3.955000e-08	0.000000e+00	9.999528e-01	9.999214e-01	
415	3.965000e-08	0.000000e+00	9.999553e-01	9.999255e-01	
416	3.975000e-08	0.000000e+00	9.999576e-01	9.999294e-01	
417	3.985000e-08	0.000000e+00	9.999598e-01	9.999330e-01	
418	3.995000e-08	0.000000e+00	9.999619e-01	9.999365e-01	
419	4.005000e-08	0.000000e+00	9.999639e-01	9.999398e-01	
420	4.015000e-08	0.000000e+00	9.999658e-01	9.999429e-01	
421	4.025000e-08	0.000000e+00	9.999675e-01	9.999459e-01	
422	4.035000e-08	0.000000e+00	9.999692e-01	9.999487e-01	
423	4.045000e-08	0.000000e+00	9.999708e-01	9.999514e-01	
424	4.055000e-08	0.000000e+00	9.999723e-01	9.999539e-01	
425	4.065000e-08	0.000000e+00	9.999738e-01	9.999563e-01	
426	4.075000e-08	0.000000e+00	9.999751e-01	9.999586e-01	
427	4.085000e-08	0.000000e+00	9.999764e-01	9.999607e-01	
428	4.095000e-08	0.000000e+00	9.999777e-01	9.999628e-01	
429	4.105000e-08	0.000000e+00	9.999788e-01	9.999647e-01	
430	4.115000e-08	0.000000e+00	9.999799e-01	9.999665e-01	
431	4.125000e-08	0.000000e+00	9.999810e-01	9.999683e-01	
432	4.135000e-08	0.000000e+00	9.999819e-01	9.999699e-01	
433	4.145000e-08	0.000000e+00	9.999829e-01	9.999715e-01	
434	4.155000e-08	0.000000e+00	9.999838e-01	9.999730e-01	
435	4.165000e-08	0.000000e+00	9.999846e-01	9.999744e-01	
436	4.175000e-08	0.000000e+00	9.999854e-01	9.999757e-01	
437	4.185000e-08	0.000000e+00	9.999862e-01	9.999770e-01	
438	4.195000e-08	0.000000e+00	9.999869e-01	9.999782e-01	
439	4.205000e-08	0.000000e+00	9.999876e-01	9.999793e-01	
440	4.215000e-08	0.000000e+00	9.999882e-01	9.999804e-01	
441	4.225000e-08	0.000000e+00	9.999888e-01	9.999814e-01	
442	4.235000e-08	0.000000e+00	9.999894e-01	9.999823e-01	
443	4.245000e-08	0.000000e+00	9.999900e-01	9.999833e-01	
444	4.255000e-08	0.000000e+00	9.999905e-01	9.999841e-01	
445	4.265000e-08	0.000000e+00	9.999910e-01	9.999850e-01	
446	4.275000e-08	0.000000e+00	9.999914e-01	9.999857e-01	
447	4.285000e-08	0.000000e+00	9.999919e-01	9.999865e-01	
448	4.295000e-08	0.000000e+00	9.999923e-01	9.999872e-01	
449	4.305000e-08	0.000000e+00	9.999927e-01	9.999878e-01	
450	4.315000e-08	0.000000e+00	9.999931e-01	9.999885e-01	
451	4.325000e-08	0.000000e+00	9.999934e-01	9.999891e-01	
452	4.335000e-08	0.000000e+00	9.999938e-01	9.999896e-01	
453	4.345000e-08	0.000000e+00	9.999941e-01	9.999902e-01	
454	4.355000e-08	0.000000e+00	9.999944e-01	9.999907e-01	
455	4.365000e-08	0.000000e+00	9.999947e-01	9.999912e-01	
456	4.375000e-08	0.000000e+00	9.999950e-01	9.999916e-01	
457	4.385000e-08	0.000000e+00	9.999952e-01	9.999921e-01	
458	4.395000e-08	0.000000e+00	9.999955e-01	9.999925e-01	
459	4.405000e-08	0.000000e+00	9.999957e-01	9.999929e-01	
460	4.415000e-08	0.000000e+00	9.999959e-01	9.999932e-01	

Index   time            v(in)           v(out)          v(load)         
--------------------------------------------------------------------------------
461	4.425000e-08	0.000000e+00	9.999962e-01	9.999936e-01	
462	4.435000e-08	0.000000e+00	9.999964e-01	9.999939e-01	
463	4.445000e-08	0.000000e+00	9.999965e-01	9.999942e-01	
464	4.455000e-08	0.000000e+00	9.999967e-01	9.999945e-01	
465	4.465000e-08	0.000000e+00	9.999969e-01	9.999948e-01	
466	4.475000e-08	0.000000e+00	9.999971e-01	9.999951e-01	
467	4.485000e-08	0.000000e+00	9.999972e-01	9.999953e-01	
468	4.495000e-08	0.000000e+00	9.999974e-01	9.999956e-01	
469	4.500000e-08	1.323489e-14	9.999974e-01	9.999957e-01	
470	4.501000e-08	2.000000e-02	9.999974e-01	9.999957e-01	
471	4.503000e-08	6.000000e-02	9.999974e-01	9.999958e-01	
472	4.507000e-08	1.400000e-01	9.999973e-01	9.999959e-01	
473	4.515000e-08	3.000000e-01	9.999970e-01	9.999960e-01	
474	4.525000e-08	5.000000e-01	9.944187e-01	9.996475e-01	
475	4.535000e-08	7.000000e-01	9.434497e-01	9.958083e-01	
476	4.545000e-08	9.000000e-01	8.379624e-01	9.826705e-01	
477	4.550000e-08	1.000000e+00	7.632929e-01	9.709258e-01	
478	4.551000e-08	1.000000e+00	7.607751e-01	9.681607e-01	
479	4.553000e-08	1.000000e+00	7.550774e-01	9.626282e-01	
480	4.557000e-08	1.000000e+00	7.441205e-01	9.515617e-01	
481	4.565000e-08	1.000000e+00	7.222241e-01	9.294464e-01	
482	4.575000e-08	1.000000e+00	6.948861e-01	9.018350e-01	
483	4.585000e-08	1.000000e+00	6.675841e-01	8.742600e-01	
484	4.595000e-08	1.000000e+00	6.403182e-01	8.467214e-01	
485	4.605000e-08	1.000000e+00	6.130882e-01	8.192191e-01	
486	4.615000e-08	1.000000e+00	5.860122e-01	7.917605e-01	
487	4.625000e-08	1.000000e+00	5.597278e-01	7.643992e-01	
488	4.635000e-08	1.000000e+00	5.343437e-01	7.372288e-01	
489	4.645000e-08	1.000000e+00	5.098675e-01	7.103384e-01	
490	4.655000e-08	1.000000e+00	4.862998e-01	6.838065e-01	
491	4.665000e-08	1.000000e+00	4.636351e-01	6.577016e-01	
492	4.675000e-08	1.000000e+00	4.418633e-01	6.320826e-01	
493	4.685000e-08	1.000000e+00	4.209705e-01	6.069994e-01	
494	4.695000e-08	1.000000e+00	4.009393e-01	5.824938e-01	
495	4.705000e-08	1.000000e+00	3.817502e-01	5.586002e-01	
496	4.715000e-08	1.000000e+00	3.633815e-01	5.353459e-01	
497	4.725000e-08	1.000000e+00	3.458101e-01	5.127521e-01	
498	4.735000e-08	1.000000e+00	3.290121e-01	4.908345e-01	
499	4.745000e-08	1.000000e+00	3.129624e-01	4.696036e-01	
500	4.755000e-08	1.000000e+00	2.976359e-01	4.490655e-01	
501	4.765000e-08	1.000000e+00	2.830069e-01	4.292225e-01	
502	4.775000e-08	1.000000e+00	2.690499e-01	4.100733e-01	
503	4.785000e-08	1.000000e+00	2.557396e-01	3.916134e-01	
504	4.795000e-08	1.000000e+00	2.430506e-01	3.738361e-01	
505	4.805000e-08	1.000000e+00	2.309583e-01	3.567322e-01	
506	4.815000e-08	1.000000e+00	2.194383e-01	3.402904e-01	
507	4.825000e-08	1.000000e+00	2.084668e-01	3.244982e-01	
508	4.835000e-08	1.000000e+00	1.980206e-01	3.093414e-01	
509	4.845000e-08	1.000000e+00	1.880773e-01	2.948048e-01	
510	4.855000e-08	1.000000e+00	1.786147e-01	2.808725e-01	
511	4.865000e-08	1.000000e+00	1.696118e-01	2.675276e-01	
512	4.875000e-08	1.000000e+00	1.610480e-01	2.547529e-01	
513	4.885000e-08	1.000000e+00	1.529035e-01	2.425307e-01	
514	4.895000e-08	1.000000e+00	1.451592e-01	2.308433e-01	
515	4.905000e-08	1.000000e+00	1.377967e-01	2.196727e-01	
516	4.915000e-08	1.000000e+00	1.307983e-01	2.090008e-01	
517	4.925000e-08	1.000000e+00	1.241469e-01	1.988097e-01	
518	4.935000e-08	1.000000e+00	1.178264e-01	1.890819e-01	

Index   time            v(in)           v(out)          v(load)         
--------------------------------------------------------------------------------
519	4.945000e-08	1.000000e+00	1.118209e-01	1.797996e-01	
520	4.955000e-08	1.000000e+00	1.061156e-01	1.709457e-01	
521	4.965000e-08	1.000000e+00	1.006960e-01	1.625032e-01	
522	4.975000e-08	1.000000e+00	9.554842e-02	1.544556e-01	
523	4.985000e-08	1.000000e+00	9.065971e-02	1.467866e-01	
524	4.995000e-08	1.000000e+00	8.601730e-02	1.394806e-01	
525	5.005000e-08	1.000000e+00	8.160917e-02	1.325222e-01	
526	5.015000e-08	1.000000e+00	7.742387e-02	1.258965e-01	
527	5.025000e-08	1.000000e+00	7.345045e-02	1.195891e-01	
528	5.035000e-08	1.000000e+00	6.967848e-02	1.135860e-01	
529	5.045000e-08	1.000000e+00	6.609800e-02	1.078738e-01	
530	5.055000e-08	1.000000e+00	6.269952e-02	1.024394e-01	
531	5.065000e-08	1.000000e+00	5.947399e-02	9.727031e-02	
532	5.075000e-08	1.000000e+00	5.641281e-02	9.235445e-02	
533	5.085000e-08	1.000000e+00	5.350775e-02	8.768018e-02	
534	5.095000e-08	1.000000e+00	5.075101e-02	8.323633e-02	
535	5.105000e-08	1.000000e+00	4.813515e-02	7.901217e-02	
536	5.115000e-08	1.000000e+00	4.565308e-02	7.499741e-02	
537	5.125000e-08	1.000000e+00	4.329807e-02	7.118218e-02	
538	5.135000e-08	1.000000e+00	4.106371e-02	6.755702e-02	
539	5.145000e-08	1.000000e+00	3.894391e-02	6.411287e-02	
540	5.155000e-08	1.000000e+00	3.693287e-02	6.084106e-02	
541	5.165000e-08	1.000000e+00	3.502508e-02	5.773330e-02	
542	5.175000e-08	1.000000e+00	3.321529e-02	5.478166e-02	
543	5.185000e-08	1.000000e+00	3.149853e-02	5.197857e-02	
544	5.195000e-08	1.000000e+00	2.987008e-02	4.931678e-02	
545	5.205000e-08	1.000000e+00	2.832542e-02	4.678940e-02	
546	5.215000e-08	1.000000e+00	2.686028e-02	4.438984e-02	
547	5.225000e-08	1.000000e+00	2.547062e-02	4.211179e-02	
548	5.235000e-08	1.000000e+00	2.415257e-02	3.994926e-02	
549	5.245000e-08	1.000000e+00	2.290248e-02	3.789655e-02	
550	5.255000e-08	1.000000e+00	2.171686e-02	3.594819e-02	
551	5.265000e-08	1.000000e+00	2.059241e-02	3.409899e-02	
552	5.275000e-08	1.000000e+00	1.952600e-02	3.234402e-02	
553	5.285000e-08	1.000000e+00	1.851465e-02	3.067856e-02	
554	5.295000e-08	1.000000e+00	1.755553e-02	2.909812e-02	
555	5.305000e-08	1.000000e+00	1.664597e-02	2.759845e-02	
556	5.315000e-08	1.000000e+00	1.578341e-02	2.617548e-02	
557	5.325000e-08	1.000000e+00	1.496544e-02	2.482535e-02	
558	5.335000e-08	1.000000e+00	1.418977e-02	2.354438e-02	
559	5.345000e-08	1.000000e+00	1.345421e-02	2.232908e-02	
560	5.355000e-08	1.000000e+00	1.275670e-02	2.117613e-02	
561	5.365000e-08	1.000000e+00	1.209529e-02	2.008236e-02	
562	5.375000e-08	1.000000e+00	1.146810e-02	1.904478e-02	
563	5.385000e-08	1.000000e+00	1.087338e-02	1.806052e-02	
564	5.395000e-08	1.000000e+00	1.030945e-02	1.712688e-02	
565	5.405000e-08	1.000000e+00	9.774724e-03	1.624129e-02	
566	5.415000e-08	1.000000e+00	9.267691e-03	1.540128e-02	
567	5.425000e-08	1.000000e+00	8.786922e-03	1.460453e-02	
568	5.435000e-08	1.000000e+00	8.331059e-03	1.384884e-02	
569	5.445000e-08	1.000000e+00	7.898817e-03	1.313210e-02	
570	5.455000e-08	1.000000e+00	7.488975e-03	1.245232e-02	
571	5.465000e-08	1.000000e+00	7.100374e-03	1.180762e-02	
572	5.475000e-08	1.000000e+00	6.731915e-03	1.119618e-02	
573	5.485000e-08	1.000000e+00	6.382558e-03	1.061632e-02	
574	5.495000e-08	1.000000e+00	6.051313e-03	1.006639e-02	
575	5.505000e-08	1.000000e+00	5.737244e-03	9.544879e-03	
576	5.515000e-08	1.000000e+00	5.439462e-03	9.050313e-03	

Index   time            v(in)           v(out)          v(load)         
--------------------------------------------------------------------------------
577	5.525000e-08	1.000000e+00	5.157122e-03	8.581310e-03	
578	5.535000e-08	1.000000e+00	4.889426e-03	8.136556e-03	
579	5.545000e-08	1.000000e+00	4.635616e-03	7.714802e-03	
580	5.555000e-08	1.000000e+00	4.394972e-03	7.314863e-03	
581	5.565000e-08	1.000000e+00	4.166812e-03	6.935617e-03	
582	5.575000e-08	1.000000e+00	3.950489e-03	6.575996e-03	
583	5.585000e-08	1.000000e+00	3.745390e-03	6.234989e-03	
584	5.595000e-08	1.000000e+00	3.550933e-03	5.911635e-03	
585	5.605000e-08	1.000000e+00	3.366567e-03	5.605025e-03	
586	5.615000e-08	1.000000e+00	3.191768e-03	5.314293e-03	
587	5.625000e-08	1.000000e+00	3.026041e-03	5.038619e-03	
588	5.635000e-08	1.000000e+00	2.868916e-03	4.777227e-03	
589	5.645000e-08	1.000000e+00	2.719945e-03	4.529377e-03	
590	5.655000e-08	1.000000e+00	2.578706e-03	4.294371e-03	
591	5.665000e-08	1.000000e+00	2.444799e-03	4.071543e-03	
592	5.675000e-08	1.000000e+00	2.317843e-03	3.860266e-03	
593	5.685000e-08	1.000000e+00	2.197477e-03	3.659940e-03	
594	5.695000e-08	1.000000e+00	2.083360e-03	3.470000e-03	
595	5.705000e-08	1.000000e+00	1.975168e-03	3.289908e-03	
596	5.715000e-08	1.000000e+00	1.872592e-03	3.119154e-03	
597	5.725000e-08	1.000000e+00	1.775341e-03	2.957256e-03	
598	5.735000e-08	1.000000e+00	1.683140e-03	2.803754e-03	
599	5.745000e-08	1.000000e+00	1.595727e-03	2.658214e-03	
600	5.755000e-08	1.000000e+00	1.512851e-03	2.520223e-03	
601	5.765000e-08	1.000000e+00	1.434280e-03	2.389391e-03	
602	5.775000e-08	1.000000e+00	1.359788e-03	2.265346e-03	
603	5.785000e-08	1.000000e+00	1.289164e-03	2.147738e-03	
604	5.795000e-08	1.000000e+00	1.222207e-03	2.036231e-03	
605	5.805000e-08	1.000000e+00	1.158727e-03	1.930511e-03	
606	5.815000e-08	1.000000e+00	1.098544e-03	1.830276e-03	
607	5.825000e-08	1.000000e+00	1.041486e-03	1.735244e-03	
608	5.835000e-08	1.000000e+00	9.873916e-04	1.645143e-03	
609	5.845000e-08	1.000000e+00	9.361061e-04	1.559719e-03	
610	5.855000e-08	1.000000e+00	8.874841e-04	1.478728e-03	
611	5.865000e-08	1.000000e+00	8.413871e-04	1.401942e-03	
612	5.875000e-08	1.000000e+00	7.976842e-04	1.329141e-03	
613	5.885000e-08	1.000000e+00	7.562511e-04	1.260119e-03	
614	5.895000e-08	1.000000e+00	7.169698e-04	1.194681e-03	
615	5.905000e-08	1.000000e+00	6.797286e-04	1.132639e-03	
616	5.915000e-08	1.000000e+00	6.444217e-04	1.073819e-03	
617	5.925000e-08	1.000000e+00	6.109485e-04	1.018052e-03	
618	5.935000e-08	1.000000e+00	5.792138e-04	9.651807e-04	
619	5.945000e-08	1.000000e+00	5.491274e-04	9.150544e-04	
620	5.955000e-08	1.000000e+00	5.206037e-04	8.675308e-04	
621	5.965000e-08	1.000000e+00	4.935615e-04	8.224748e-04	
622	5.975000e-08	1.000000e+00	4.679239e-04	7.797583e-04	
623	5.985000e-08	1.000000e+00	4.436179e-04	7.392598e-04	
624	5.995000e-08	1.000000e+00	4.205743e-04	7.008644e-04	
625	6.000000e-08	1.000000e+00	4.095073e-04	6.824241e-04	

--------------------------------------------------------------------------
 * =====================================================================
               Transient Analysis Fri Aug 28 22:21:52  2026

Legend:  + = v(in)            * = v(out)           = = v(load)          
--------------------------------------------------------------------------
 time       v(in)    0.00e+00                 1.00e+00                 2.00e+00 
----------------------|------------------------|------------------------|
 0.000e+00  0.000e+00 +                        X                        . 
 1.000e-10  0.000e+00 +                        X                        . 
 2.000e-10  0.000e+00 +                        X                        . 
 3.000e-10  0.000e+00 +                        X                        . 
 4.000e-10  0.000e+00 +                        X                        . 
 5.000e-10  0.000e+00 +                        X                        . 
 6.000e-10  0.000e+00 +                        X                        . 
 7.000e-10  0.000e+00 +                        X                        . 
 8.000e-10  0.000e+00 +                        X                        . 
 9.000e-10  0.000e+00 +                        X                        . 
 1.000e-09  0.000e+00 +                        X                        . 
 1.100e-09  0.000e+00 +                        X                        . 
 1.200e-09  0.000e+00 +                        X                        . 
 1.300e-09  0.000e+00 +                        X                        . 
 1.400e-09  0.000e+00 +                        X                        . 
 1.500e-09  0.000e+00 +                        X                        . 
 1.600e-09  0.000e+00 +                        X                        . 
 1.700e-09  0.000e+00 +                        X                        . 
 1.800e-09  0.000e+00 +                        X                        . 
 1.900e-09  0.000e+00 +                        X                        . 
 2.000e-09  0.000e+00 +                        X                        . 
 2.100e-09  0.000e+00 +                        X                        . 
 2.200e-09  0.000e+00 +                        X                        . 
 2.300e-09  0.000e+00 +                        X                        . 
 2.400e-09  0.000e+00 +                        X                        . 
 2.500e-09  0.000e+00 +                        X                        . 
 2.600e-09  0.000e+00 +                        X                        . 
 2.700e-09  0.000e+00 +                        X                        . 
 2.800e-09  0.000e+00 +                        X                        . 
 2.900e-09  0.000e+00 +                        X                        . 
 3.000e-09  0.000e+00 +                        X                        . 
 3.100e-09  0.000e+00 +                        X                        . 
 3.200e-09  0.000e+00 +                        X                        . 
 3.300e-09  0.000e+00 +                        X                        . 
 3.400e-09  0.000e+00 +                        X                        . 
 3.500e-09  0.000e+00 +                        X                        . 
 3.600e-09  0.000e+00 +                        X                        . 
 3.700e-09  0.000e+00 +                       *=                        . 
 3.800e-09  0.000e+00 +                       *=                        . 
 3.900e-09  0.000e+00 +                       *=                        . 
 4.000e-09  0.000e+00 +                       *=                        . 
 4.100e-09  0.000e+00 +                       *=                        . 
 4.200e-09  0.000e+00 +                       *=                        . 
 4.300e-09  0.000e+00 +                       *=                        . 
 4.400e-09  0.000e+00 +                       *=                        . 
 4.500e-09  0.000e+00 +                       *=                        . 
 4.600e-09  0.000e+00 +                       X.                        . 
 4.700e-09  0.000e+00 +                       X.                        . 
 4.800e-09  0.000e+00 +                       X.                        . 
 4.900e-09  0.000e+00 +                       X.                        . 
 5.000e-09  5.329e-15 +                       X.                        . 
 5.100e-09  2.000e-01 .    +                  X.                        . 
----------------------|------------------------|------------------------|
 time       v(in)    0.00e+00                 1.00e+00                 2.00e+00 

 time       v(in)    0.00e+00                 1.00e+00                 2.00e+00 
----------------------|------------------------|------------------------|
 5.200e-09  4.000e-01 .         +             X.                        . 
 5.300e-09  6.000e-01 .              +        X.                        . 
 5.400e-09  8.000e-01 .                   + * =.                        . 
 5.500e-09  1.000e+00 .                  *    =+                        . 
 5.600e-09  1.000e+00 .                 *    = +                        . 
 5.700e-09  1.000e+00 .                *    =  +                        . 
 5.800e-09  1.000e+00 .                *    =  +                        . 
 5.900e-09  1.000e+00 .               *    =   +                        . 
 6.000e-09  1.000e+00 .              *    =    +                        . 
 6.100e-09  1.000e+00 .             *     =    +                        . 
 6.200e-09  1.000e+00 .             *    =     +                        . 
 6.300e-09  1.000e+00 .            *    =      +                        . 
 6.400e-09  1.000e+00 .            *    =      +                        . 
 6.500e-09  1.000e+00 .           *    =       +                        . 
 6.600e-09  1.000e+00 .          *    =        +                        . 
 6.700e-09  1.000e+00 .          *    =        +                        . 
 6.800e-09  1.000e+00 .         *    =         +                        . 
 6.900e-09  1.000e+00 .         *   =          +                        . 
 7.000e-09  1.000e+00 .        *    =          +                        . 
 7.100e-09  1.000e+00 .        *   =           +                        . 
 7.200e-09  1.000e+00 .       *    =           +                        . 
 7.300e-09  1.000e+00 .       *   =            +                        . 
 7.400e-09  1.000e+00 .       *   =            +                        . 
 7.500e-09  1.000e+00 .      *   =             +                        . 
 7.600e-09  1.000e+00 .      *  =              +                        . 
 7.700e-09  1.000e+00 .     *   =              +                        . 
 7.800e-09  1.000e+00 .     *   =              +                        . 
 7.900e-09  1.000e+00 .     *  =               +                        . 
 8.000e-09  1.000e+00 .    *   =               +                        . 
 8.100e-09  1.000e+00 .    *  =                +                        . 
 8.200e-09  1.000e+00 .    *  =                +                        . 
 8.300e-09  1.000e+00 .    * =                 +                        . 
 8.400e-09  1.000e+00 .   *  =                 +                        . 
 8.500e-09  1.000e+00 .   *  =                 +                        . 
 8.600e-09  1.000e+00 .   * =                  +                        . 
 8.700e-09  1.000e+00 .   * =                  +                        . 
 8.800e-09  1.000e+00 .  *  =                  +                        . 
 8.900e-09  1.000e+00 .  * =                   +                        . 
 9.000e-09  1.000e+00 .  * =                   +                        . 
 9.100e-09  1.000e+00 .  * =                   +                        . 
 9.200e-09  1.000e+00 .  * =                   +                        . 
 9.300e-09  1.000e+00 .  *=                    +                        . 
 9.400e-09  1.000e+00 . * =                    +                        . 
 9.500e-09  1.000e+00 . * =                    +                        . 
 9.600e-09  1.000e+00 . * =                    +                        . 
 9.700e-09  1.000e+00 . *=                     +                        . 
 9.800e-09  1.000e+00 . *=                     +                        . 
 9.900e-09  1.000e+00 . *=                     +                        . 
 1.000e-08  1.000e+00 . *=                     +                        . 
 1.010e-08  1.000e+00 .* =                     +                        . 
 1.020e-08  1.000e+00 .* =                     +                        . 
 1.030e-08  1.000e+00 .*=                      +                        . 
 1.040e-08  1.000e+00 .*=                      +                        . 
 1.050e-08  1.000e+00 .*=                      +                        . 
 1.060e-08  1.000e+00 .*=                      +                        . 
----------------------|------------------------|------------------------|
 time       v(in)    0.00e+00                 1.00e+00                 2.00e+00 

 time       v(in)    0.00e+00                 1.00e+00                 2.00e+00 
----------------------|------------------------|------------------------|
 1.070e-08  1.000e+00 .*=                      +                        . 
 1.080e-08  1.000e+00 .*=                      +                        . 
 1.090e-08  1.000e+00 .*=                      +                        . 
 1.100e-08  1.000e+00 .*=                      +                        . 
 1.110e-08  1.000e+00 .X                       +                        . 
 1.120e-08  1.000e+00 .X                       +                        . 
 1.130e-08  1.000e+00 .X                       +                        . 
 1.140e-08  1.000e+00 .X                       +                        . 
 1.150e-08  1.000e+00 *=                       +                        . 
 1.160e-08  1.000e+00 *=                       +                        . 
 1.170e-08  1.000e+00 *=                       +                        . 
 1.180e-08  1.000e+00 *=                       +                        . 
 1.190e-08  1.000e+00 *=                       +                        . 
 1.200e-08  1.000e+00 *=                       +                        . 
 1.210e-08  1.000e+00 *=                       +                        . 
 1.220e-08  1.000e+00 *=                       +                        . 
 1.230e-08  1.000e+00 *=                       +                        . 
 1.240e-08  1.000e+00 X                        +                        . 
 1.250e-08  1.000e+00 X                        +                        . 
 1.260e-08  1.000e+00 X                        +                        . 
 1.270e-08  1.000e+00 X                        +                        . 
 1.280e-08  1.000e+00 X                        +                        . 
 1.290e-08  1.000e+00 X                        +                        . 
 1.300e-08  1.000e+00 X                        +                        . 
 1.310e-08  1.000e+00 X                        +                        . 
 1.320e-08  1.000e+00 X                        +                        . 
 1.330e-08  1.000e+00 X                        +                        . 
 1.340e-08  1.000e+00 X                        +                        . 
 1.350e-08  1.000e+00 X                        +                        . 
 1.360e-08  1.000e+00 X                        +                        . 
 1.370e-08  1.000e+00 X                        +                        . 
 1.380e-08  1.000e+00 X                        +                        . 
 1.390e-08  1.000e+00 X                        +                        . 
 1.400e-08  1.000e+00 X                        +                        . 
 1.410e-08  1.000e+00 X                        +                        . 
 1.420e-08  1.000e+00 X                        +                        . 
 1.430e-08  1.000e+00 X                        +                        . 
 1.440e-08  1.000e+00 X                        +                        . 
 1.450e-08  1.000e+00 X                        +                        . 
 1.460e-08  1.000e+00 X                        +                        . 
 1.470e-08  1.000e+00 X                        +                        . 
 1.480e-08  1.000e+00 X                        +                        . 
 1.490e-08  1.000e+00 X                        +                        . 
 1.500e-08  1.000e+00 X                        +                        . 
 1.510e-08  1.000e+00 X                        +                        . 
 1.520e-08  1.000e+00 X                        +                        . 
 1.530e-08  1.000e+00 X                        +                        . 
 1.540e-08  1.000e+00 X                        +                        . 
 1.550e-08  1.000e+00 X                        +                        . 
 1.560e-08  1.000e+00 X                        +                        . 
 1.570e-08  1.000e+00 X                        +                        . 
 1.580e-08  1.000e+00 X                        +                        . 
 1.590e-08  1.000e+00 X                        +                        . 
 1.600e-08  1.000e+00 X                        +                        . 
 1.610e-08  1.000e+00 X                        +                        . 
----------------------|------------------------|------------------------|
 time       v(in)    0.00e+00                 1.00e+00                 2.00e+00 

 time       v(in)    0.00e+00                 1.00e+00                 2.00e+00 
----------------------|------------------------|------------------------|
 1.620e-08  1.000e+00 X                        +                        . 
 1.630e-08  1.000e+00 X                        +                        . 
 1.640e-08  1.000e+00 X                        +                        . 
 1.650e-08  1.000e+00 X                        +                        . 
 1.660e-08  1.000e+00 X                        +                        . 
 1.670e-08  1.000e+00 X                        +                        . 
 1.680e-08  1.000e+00 X                        +                        . 
 1.690e-08  1.000e+00 X                        +                        . 
 1.700e-08  1.000e+00 X                        +                        . 
 1.710e-08  1.000e+00 X                        +                        . 
 1.720e-08  1.000e+00 X                        +                        . 
 1.730e-08  1.000e+00 X                        +                        . 
 1.740e-08  1.000e+00 X                        +                        . 
 1.750e-08  1.000e+00 X                        +                        . 
 1.760e-08  1.000e+00 X                        +                        . 
 1.770e-08  1.000e+00 X                        +                        . 
 1.780e-08  1.000e+00 X                        +                        . 
 1.790e-08  1.000e+00 X                        +                        . 
 1.800e-08  1.000e+00 X                        +                        . 
 1.810e-08  1.000e+00 X                        +                        . 
 1.820e-08  1.000e+00 X                        +                        . 
 1.830e-08  1.000e+00 X                        +                        . 
 1.840e-08  1.000e+00 X                        +                        . 
 1.850e-08  1.000e+00 X                        +                        . 
 1.860e-08  1.000e+00 X                        +                        . 
 1.870e-08  1.000e+00 X                        +                        . 
 1.880e-08  1.000e+00 X                        +                        . 
 1.890e-08  1.000e+00 X                        +                        . 
 1.900e-08  1.000e+00 X                        +                        . 
 1.910e-08  1.000e+00 X                        +                        . 
 1.920e-08  1.000e+00 X                        +                        . 
 1.930e-08  1.000e+00 X                        +                        . 
 1.940e-08  1.000e+00 X                        +                        . 
 1.950e-08  1.000e+00 X                        +                        . 
 1.960e-08  1.000e+00 X                        +                        . 
 1.970e-08  1.000e+00 X                        +                        . 
 1.980e-08  1.000e+00 X                        +                        . 
 1.990e-08  1.000e+00 X                        +                        . 
 2.000e-08  1.000e+00 X                        +                        . 
 2.010e-08  1.000e+00 X                        +                        . 
 2.020e-08  1.000e+00 X                        +                        . 
 2.030e-08  1.000e+00 X                        +                        . 
 2.040e-08  1.000e+00 X                        +                        . 
 2.050e-08  1.000e+00 X                        +                        . 
 2.060e-08  8.000e-01 X                   +    .                        . 
 2.070e-08  6.000e-01 X             +          .                        . 
 2.080e-08  4.000e-01 X        +               .                        . 
 2.090e-08  2.000e-01 = *  +                   .                        . 
 2.100e-08  7.105e-15 X    *                   .                        . 
 2.110e-08  0.000e+00 +=    *                  .                        . 
 2.120e-08  0.000e+00 + =    *                 .                        . 
 2.130e-08  0.000e+00 + =    *                 .                        . 
 2.140e-08  0.000e+00 +  =    *                .                        . 
 2.150e-08  0.000e+00 +   =    *               .                        . 
 2.160e-08  0.000e+00 +   =     *              .                        . 
----------------------|------------------------|------------------------|
 time       v(in)    0.00e+00                 1.00e+00                 2.00e+00 

 time       v(in)    0.00e+00                 1.00e+00                 2.00e+00 
----------------------|------------------------|------------------------|
 2.170e-08  0.000e+00 +    =    *              .                        . 
 2.180e-08  0.000e+00 +     =    *             .                        . 
 2.190e-08  0.000e+00 +     =    *             .                        . 
 2.200e-08  0.000e+00 +      =    *            .                        . 
 2.210e-08  0.000e+00 +       =    *           .                        . 
 2.220e-08  0.000e+00 +       =    *           .                        . 
 2.230e-08  0.000e+00 +        =    *          .                        . 
 2.240e-08  0.000e+00 +         =   *          .                        . 
 2.250e-08  0.000e+00 +         =    *         .                        . 
 2.260e-08  0.000e+00 +          =   *         .                        . 
 2.270e-08  0.000e+00 +          =    *        .                        . 
 2.280e-08  0.000e+00 +           =   *        .                        . 
 2.290e-08  0.000e+00 +            =  *        .                        . 
 2.300e-08  0.000e+00 +            =   *       .                        . 
 2.310e-08  0.000e+00 +             =  *       .                        . 
 2.320e-08  0.000e+00 +             =   *      .                        . 
 2.330e-08  0.000e+00 +             =   *      .                        . 
 2.340e-08  0.000e+00 +              =  *      .                        . 
 2.350e-08  0.000e+00 +              =   *     .                        . 
 2.360e-08  0.000e+00 +               =  *     .                        . 
 2.370e-08  0.000e+00 +               =  *     .                        . 
 2.380e-08  0.000e+00 +                = *     .                        . 
 2.390e-08  0.000e+00 +                =  *    .                        . 
 2.400e-08  0.000e+00 +                =  *    .                        . 
 2.410e-08  0.000e+00 +                 = *    .                        . 
 2.420e-08  0.000e+00 +                 = *    .                        . 
 2.430e-08  0.000e+00 +                 =  *   .                        . 
 2.440e-08  0.000e+00 +                  = *   .                        . 
 2.450e-08  0.000e+00 +                  = *   .                        . 
 2.460e-08  0.000e+00 +                  = *   .                        . 
 2.470e-08  0.000e+00 +                  = *   .                        . 
 2.480e-08  0.000e+00 +                   =*   .                        . 
 2.490e-08  0.000e+00 +                   = *  .                        . 
 2.500e-08  0.000e+00 +                   = *  .                        . 
 2.510e-08  0.000e+00 +                   = *  .                        . 
 2.520e-08  0.000e+00 +                    =*  .                        . 
 2.530e-08  0.000e+00 +                    =*  .                        . 
 2.540e-08  0.000e+00 +                    =*  .                        . 
 2.550e-08  0.000e+00 +                    =*  .                        . 
 2.560e-08  0.000e+00 +                    = * .                        . 
 2.570e-08  0.000e+00 +                    = * .                        . 
 2.580e-08  0.000e+00 +                     =* .                        . 
 2.590e-08  0.000e+00 +                     =* .                        . 
 2.600e-08  0.000e+00 +                     =* .                        . 
 2.610e-08  0.000e+00 +                     =* .                        . 
 2.620e-08  0.000e+00 +                     =* .                        . 
 2.630e-08  0.000e+00 +                     =* .                        . 
 2.640e-08  0.000e+00 +                     =* .                        . 
 2.650e-08  0.000e+00 +                     =* .                        . 
 2.660e-08  0.000e+00 +                      X .                        . 
 2.670e-08  0.000e+00 +                      X .                        . 
 2.680e-08  0.000e+00 +                      X .                        . 
 2.690e-08  0.000e+00 +                      =*.                        . 
 2.700e-08  0.000e+00 +                      =*.                        . 
 2.710e-08  0.000e+00 +                      =*.                        . 
----------------------|------------------------|------------------------|
 time       v(in)    0.00e+00                 1.00e+00                 2.00e+00 

 time       v(in)    0.00e+00                 1.00e+00                 2.00e+00 
----------------------|------------------------|------------------------|
 2.720e-08  0.000e+00 +                      =*.                        . 
 2.730e-08  0.000e+00 +                      =*.                        . 
 2.740e-08  0.000e+00 +                      =*.                        . 
 2.750e-08  0.000e+00 +                      =*.                        . 
 2.760e-08  0.000e+00 +                      =*.                        . 
 2.770e-08  0.000e+00 +                      =*.                        . 
 2.780e-08  0.000e+00 +                      =*.                        . 
 2.790e-08  0.000e+00 +                       X.                        . 
 2.800e-08  0.000e+00 +                       X.                        . 
 2.810e-08  0.000e+00 +                       X.                        . 
 2.820e-08  0.000e+00 +                       X.                        . 
 2.830e-08  0.000e+00 +                       X.                        . 
 2.840e-08  0.000e+00 +                       X.                        . 
 2.850e-08  0.000e+00 +                       X.                        . 
 2.860e-08  0.000e+00 +                       X.                        . 
 2.870e-08  0.000e+00 +                       X.                        . 
 2.880e-08  0.000e+00 +                       X.                        . 
 2.890e-08  0.000e+00 +                       X.                        . 
 2.900e-08  0.000e+00 +                       X.                        . 
 2.910e-08  0.000e+00 +                       X.                        . 
 2.920e-08  0.000e+00 +                       X.                        . 
 2.930e-08  0.000e+00 +                       X.                        . 
 2.940e-08  0.000e+00 +                       X.                        . 
 2.950e-08  0.000e+00 +                       X.                        . 
 2.960e-08  0.000e+00 +                       X.                        . 
 2.970e-08  0.000e+00 +                       X.                        . 
 2.980e-08  0.000e+00 +                       X.                        . 
 2.990e-08  0.000e+00 +                       X.                        . 
 3.000e-08  0.000e+00 +                       X.                        . 
 3.010e-08  0.000e+00 +                       X.                        . 
 3.020e-08  0.000e+00 +                       X.                        . 
 3.030e-08  0.000e+00 +                       X.                        . 
 3.040e-08  0.000e+00 +                       X.                        . 
 3.050e-08  0.000e+00 +                       X.                        . 
 3.060e-08  0.000e+00 +                       X.                        . 
 3.070e-08  0.000e+00 +                       X.                        . 
 3.080e-08  0.000e+00 +                       X.                        . 
 3.090e-08  0.000e+00 +                       X.                        . 
 3.100e-08  0.000e+00 +                       X.                        . 
 3.110e-08  0.000e+00 +                       X.                        . 
 3.120e-08  0.000e+00 +                       X.                        . 
 3.130e-08  0.000e+00 +                       X.                        . 
 3.140e-08  0.000e+00 +                       X.                        . 
 3.150e-08  0.000e+00 +                       X.                        . 
 3.160e-08  0.000e+00 +                       X.                        . 
 3.170e-08  0.000e+00 +                       X.                        . 
 3.180e-08  0.000e+00 +                       X.                        . 
 3.190e-08  0.000e+00 +                       X.                        . 
 3.200e-08  0.000e+00 +                       X.                        . 
 3.210e-08  0.000e+00 +                       X.                        . 
 3.220e-08  0.000e+00 +                       X.                        . 
 3.230e-08  0.000e+00 +                       X.                        . 
 3.240e-08  0.000e+00 +                       X.                        . 
 3.250e-08  0.000e+00 +                       X.                        . 
 3.260e-08  0.000e+00 +                       X.                        . 
----------------------|------------------------|------------------------|
 time       v(in)    0.00e+00                 1.00e+00                 2.00e+00 

 time       v(in)    0.00e+00                 1.00e+00                 2.00e+00 
----------------------|------------------------|------------------------|
 3.270e-08  0.000e+00 +                       X.                        . 
 3.280e-08  0.000e+00 +                       X.                        . 
 3.290e-08  0.000e+00 +                       X.                        . 
 3.300e-08  0.000e+00 +                       X.                        . 
 3.310e-08  0.000e+00 +                       X.                        . 
 3.320e-08  0.000e+00 +                       X.                        . 
 3.330e-08  0.000e+00 +                       X.                        . 
 3.340e-08  0.000e+00 +                       X.                        . 
 3.350e-08  0.000e+00 +                       X.                        . 
 3.360e-08  0.000e+00 +                       X.                        . 
 3.370e-08  0.000e+00 +                       X.                        . 
 3.380e-08  0.000e+00 +                       X.                        . 
 3.390e-08  0.000e+00 +                       X.                        . 
 3.400e-08  0.000e+00 +                       X.                        . 
 3.410e-08  0.000e+00 +                       X.                        . 
 3.420e-08  0.000e+00 +                       X.                        . 
 3.430e-08  0.000e+00 +                       X.                        . 
 3.440e-08  0.000e+00 +                       X.                        . 
 3.450e-08  0.000e+00 +                       X.                        . 
 3.460e-08  0.000e+00 +                       X.                        . 
 3.470e-08  0.000e+00 +                       X.                        . 
 3.480e-08  0.000e+00 +                       X.                        . 
 3.490e-08  0.000e+00 +                       X.                        . 
 3.500e-08  0.000e+00 +                       X.                        . 
 3.510e-08  0.000e+00 +                       X.                        . 
 3.520e-08  0.000e+00 +                       X.                        . 
 3.530e-08  0.000e+00 +                       X.                        . 
 3.540e-08  0.000e+00 +                       X.                        . 
 3.550e-08  0.000e+00 +                       X.                        . 
 3.560e-08  0.000e+00 +                       X.                        . 
 3.570e-08  0.000e+00 +                       X.                        . 
 3.580e-08  0.000e+00 +                       X.                        . 
 3.590e-08  0.000e+00 +                       X.                        . 
 3.600e-08  0.000e+00 +                       X.                        . 
 3.610e-08  0.000e+00 +                       X.                        . 
 3.620e-08  0.000e+00 +                       X.                        . 
 3.630e-08  0.000e+00 +                       X.                        . 
 3.640e-08  0.000e+00 +                       X.                        . 
 3.650e-08  0.000e+00 +                       X.                        . 
 3.660e-08  0.000e+00 +                       X.                        . 
 3.670e-08  0.000e+00 +                       X.                        . 
 3.680e-08  0.000e+00 +                       X.                        . 
 3.690e-08  0.000e+00 +                       X.                        . 
 3.700e-08  0.000e+00 +                       X.                        . 
 3.710e-08  0.000e+00 +                       X.                        . 
 3.720e-08  0.000e+00 +                       X.                        . 
 3.730e-08  0.000e+00 +                       X.                        . 
 3.740e-08  0.000e+00 +                       X.                        . 
 3.750e-08  0.000e+00 +                       X.                        . 
 3.760e-08  0.000e+00 +                       X.                        . 
 3.770e-08  0.000e+00 +                       X.                        . 
 3.780e-08  0.000e+00 +                       X.                        . 
 3.790e-08  0.000e+00 +                       X.                        . 
 3.800e-08  0.000e+00 +                       X.                        . 
 3.810e-08  0.000e+00 +                       X.                        . 
----------------------|------------------------|------------------------|
 time       v(in)    0.00e+00                 1.00e+00                 2.00e+00 

 time       v(in)    0.00e+00                 1.00e+00                 2.00e+00 
----------------------|------------------------|------------------------|
 3.820e-08  0.000e+00 +                       X.                        . 
 3.830e-08  0.000e+00 +                       X.                        . 
 3.840e-08  0.000e+00 +                       X.                        . 
 3.850e-08  0.000e+00 +                       X.                        . 
 3.860e-08  0.000e+00 +                       X.                        . 
 3.870e-08  0.000e+00 +                       X.                        . 
 3.880e-08  0.000e+00 +                       X.                        . 
 3.890e-08  0.000e+00 +                       X.                        . 
 3.900e-08  0.000e+00 +                       X.                        . 
 3.910e-08  0.000e+00 +                       X.                        . 
 3.920e-08  0.000e+00 +                       X.                        . 
 3.930e-08  0.000e+00 +                       X.                        . 
 3.940e-08  0.000e+00 +                       X.                        . 
 3.950e-08  0.000e+00 +                       X.                        . 
 3.960e-08  0.000e+00 +                       X.                        . 
 3.970e-08  0.000e+00 +                       X.                        . 
 3.980e-08  0.000e+00 +                       X.                        . 
 3.990e-08  0.000e+00 +                       X.                        . 
 4.000e-08  0.000e+00 +                       X.                        . 
 4.010e-08  0.000e+00 +                       X.                        . 
 4.020e-08  0.000e+00 +                       X.                        . 
 4.030e-08  0.000e+00 +                       X.                        . 
 4.040e-08  0.000e+00 +                       X.                        . 
 4.050e-08  0.000e+00 +                       X.                        . 
 4.060e-08  0.000e+00 +                       X.                        . 
 4.070e-08  0.000e+00 +                       X.                        . 
 4.080e-08  0.000e+00 +                       X.                        . 
 4.090e-08  0.000e+00 +                       X.                        . 
 4.100e-08  0.000e+00 +                       X.                        . 
 4.110e-08  0.000e+00 +                       X.                        . 
 4.120e-08  0.000e+00 +                       X.                        . 
 4.130e-08  0.000e+00 +                       X.                        . 
 4.140e-08  0.000e+00 +                       X.                        . 
 4.150e-08  0.000e+00 +                       X.                        . 
 4.160e-08  0.000e+00 +                       X.                        . 
 4.170e-08  0.000e+00 +                       X.                        . 
 4.180e-08  0.000e+00 +                       X.                        . 
 4.190e-08  0.000e+00 +                       X.                        . 
 4.200e-08  0.000e+00 +                       X.                        . 
 4.210e-08  0.000e+00 +                       X.                        . 
 4.220e-08  0.000e+00 +                       X.                        . 
 4.230e-08  0.000e+00 +                       X.                        . 
 4.240e-08  0.000e+00 +                       X.                        . 
 4.250e-08  0.000e+00 +                       X.                        . 
 4.260e-08  0.000e+00 +                       X.                        . 
 4.270e-08  0.000e+00 +                       X.                        . 
 4.280e-08  0.000e+00 +                       X.                        . 
 4.290e-08  0.000e+00 +                       X.                        . 
 4.300e-08  0.000e+00 +                       X.                        . 
 4.310e-08  0.000e+00 +                       X.                        . 
 4.320e-08  0.000e+00 +                       X.                        . 
 4.330e-08  0.000e+00 +                       X.                        . 
 4.340e-08  0.000e+00 +                       X.                        . 
 4.350e-08  0.000e+00 +                       X.                        . 
 4.360e-08  0.000e+00 +                       X.                        . 
----------------------|------------------------|------------------------|
 time       v(in)    0.00e+00                 1.00e+00                 2.00e+00 

 time       v(in)    0.00e+00                 1.00e+00                 2.00e+00 
----------------------|------------------------|------------------------|
 4.370e-08  0.000e+00 +                       X.                        . 
 4.380e-08  0.000e+00 +                       X.                        . 
 4.390e-08  0.000e+00 +                       X.                        . 
 4.400e-08  0.000e+00 +                       X.                        . 
 4.410e-08  0.000e+00 +                       X.                        . 
 4.420e-08  0.000e+00 +                       X.                        . 
 4.430e-08  0.000e+00 +                       X.                        . 
 4.440e-08  0.000e+00 +                       X.                        . 
 4.450e-08  0.000e+00 +                       X.                        . 
 4.460e-08  0.000e+00 +                       X.                        . 
 4.470e-08  0.000e+00 +                       X.                        . 
 4.480e-08  0.000e+00 +                       X.                        . 
 4.490e-08  0.000e+00 +                       X.                        . 
 4.500e-08  4.263e-13 +                       X.                        . 
 4.510e-08  2.000e-01 .    +                  X.                        . 
 4.520e-08  4.000e-01 .         +             X.                        . 
 4.530e-08  6.000e-01 .              +        X.                        . 
 4.540e-08  8.000e-01 .                   + * =.                        . 
 4.550e-08  1.000e+00 .                  *    X.                        . 
 4.560e-08  1.000e+00 .                 *    = +                        . 
 4.570e-08  1.000e+00 .                *    =  +                        . 
 4.580e-08  1.000e+00 .                *    =  +                        . 
 4.590e-08  1.000e+00 .               *    =   +                        . 
 4.600e-08  1.000e+00 .              *    =    +                        . 
 4.610e-08  1.000e+00 .             *     =    +                        . 
 4.620e-08  1.000e+00 .             *    =     +                        . 
 4.630e-08  1.000e+00 .            *    =      +                        . 
 4.640e-08  1.000e+00 .            *    =      +                        . 
 4.650e-08  1.000e+00 .           *    =       +                        . 
 4.660e-08  1.000e+00 .          *    =        +                        . 
 4.670e-08  1.000e+00 .          *    =        +                        . 
 4.680e-08  1.000e+00 .         *    =         +                        . 
 4.690e-08  1.000e+00 .         *   =          +                        . 
 4.700e-08  1.000e+00 .        *    =          +                        . 
 4.710e-08  1.000e+00 .        *   =           +                        . 
 4.720e-08  1.000e+00 .       *    =           +                        . 
 4.730e-08  1.000e+00 .       *   =            +                        . 
 4.740e-08  1.000e+00 .       *   =            +                        . 
 4.750e-08  1.000e+00 .      *   =             +                        . 
 4.760e-08  1.000e+00 .      *  =              +                        . 
 4.770e-08  1.000e+00 .     *   =              +                        . 
 4.780e-08  1.000e+00 .     *   =              +                        . 
 4.790e-08  1.000e+00 .     *  =               +                        . 
 4.800e-08  1.000e+00 .    *   =               +                        . 
 4.810e-08  1.000e+00 .    *  =                +                        . 
 4.820e-08  1.000e+00 .    *  =                +                        . 
 4.830e-08  1.000e+00 .    * =                 +                        . 
 4.840e-08  1.000e+00 .   *  =                 +                        . 
 4.850e-08  1.000e+00 .   *  =                 +                        . 
 4.860e-08  1.000e+00 .   * =                  +                        . 
 4.870e-08  1.000e+00 .   * =                  +                        . 
 4.880e-08  1.000e+00 .  *  =                  +                        . 
 4.890e-08  1.000e+00 .  * =                   +                        . 
 4.900e-08  1.000e+00 .  * =                   +                        . 
 4.910e-08  1.000e+00 .  * =                   +                        . 
----------------------|------------------------|------------------------|
 time       v(in)    0.00e+00                 1.00e+00                 2.00e+00 

 time       v(in)    0.00e+00                 1.00e+00                 2.00e+00 
----------------------|------------------------|------------------------|
 4.920e-08  1.000e+00 .  * =                   +                        . 
 4.930e-08  1.000e+00 .  *=                    +                        . 
 4.940e-08  1.000e+00 . * =                    +                        . 
 4.950e-08  1.000e+00 . * =                    +                        . 
 4.960e-08  1.000e+00 . * =                    +                        . 
 4.970e-08  1.000e+00 . *=                     +                        . 
 4.980e-08  1.000e+00 . *=                     +                        . 
 4.990e-08  1.000e+00 . *=                     +                        . 
 5.000e-08  1.000e+00 . *=                     +                        . 
 5.010e-08  1.000e+00 .* =                     +                        . 
 5.020e-08  1.000e+00 .* =                     +                        . 
 5.030e-08  1.000e+00 .*=                      +                        . 
 5.040e-08  1.000e+00 .*=                      +                        . 
 5.050e-08  1.000e+00 .*=                      +                        . 
 5.060e-08  1.000e+00 .*=                      +                        . 
 5.070e-08  1.000e+00 .*=                      +                        . 
 5.080e-08  1.000e+00 .*=                      +                        . 
 5.090e-08  1.000e+00 .*=                      +                        . 
 5.100e-08  1.000e+00 .*=                      +                        . 
 5.110e-08  1.000e+00 .X                       +                        . 
 5.120e-08  1.000e+00 .X                       +                        . 
 5.130e-08  1.000e+00 .X                       +                        . 
 5.140e-08  1.000e+00 .X                       +                        . 
 5.150e-08  1.000e+00 *=                       +                        . 
 5.160e-08  1.000e+00 *=                       +                        . 
 5.170e-08  1.000e+00 *=                       +                        . 
 5.180e-08  1.000e+00 *=                       +                        . 
 5.190e-08  1.000e+00 *=                       +                        . 
 5.200e-08  1.000e+00 *=                       +                        . 
 5.210e-08  1.000e+00 *=                       +                        . 
 5.220e-08  1.000e+00 *=                       +                        . 
 5.230e-08  1.000e+00 *=                       +                        . 
 5.240e-08  1.000e+00 X                        +                        . 
 5.250e-08  1.000e+00 X                        +                        . 
 5.260e-08  1.000e+00 X                        +                        . 
 5.270e-08  1.000e+00 X                        +                        . 
 5.280e-08  1.000e+00 X                        +                        . 
 5.290e-08  1.000e+00 X                        +                        . 
 5.300e-08  1.000e+00 X                        +                        . 
 5.310e-08  1.000e+00 X                        +                        . 
 5.320e-08  1.000e+00 X                        +                        . 
 5.330e-08  1.000e+00 X                        +                        . 
 5.340e-08  1.000e+00 X                        +                        . 
 5.350e-08  1.000e+00 X                        +                        . 
 5.360e-08  1.000e+00 X                        +                        . 
 5.370e-08  1.000e+00 X                        +                        . 
 5.380e-08  1.000e+00 X                        +                        . 
 5.390e-08  1.000e+00 X                        +                        . 
 5.400e-08  1.000e+00 X                        +                        . 
 5.410e-08  1.000e+00 X                        +                        . 
 5.420e-08  1.000e+00 X                        +                        . 
 5.430e-08  1.000e+00 X                        +                        . 
 5.440e-08  1.000e+00 X                        +                        . 
 5.450e-08  1.000e+00 X                        +                        . 
 5.460e-08  1.000e+00 X                        +                        . 
----------------------|------------------------|------------------------|
 time       v(in)    0.00e+00                 1.00e+00                 2.00e+00 

 time       v(in)    0.00e+00                 1.00e+00                 2.00e+00 
----------------------|------------------------|------------------------|
 5.470e-08  1.000e+00 X                        +                        . 
 5.480e-08  1.000e+00 X                        +                        . 
 5.490e-08  1.000e+00 X                        +                        . 
 5.500e-08  1.000e+00 X                        +                        . 
 5.510e-08  1.000e+00 X                        +                        . 
 5.520e-08  1.000e+00 X                        +                        . 
 5.530e-08  1.000e+00 X                        +                        . 
 5.540e-08  1.000e+00 X                        +                        . 
 5.550e-08  1.000e+00 X                        +                        . 
 5.560e-08  1.000e+00 X                        +                        . 
 5.570e-08  1.000e+00 X                        +                        . 
 5.580e-08  1.000e+00 X                        +                        . 
 5.590e-08  1.000e+00 X                        +                        . 
 5.600e-08  1.000e+00 X                        +                        . 
 5.610e-08  1.000e+00 X                        +                        . 
 5.620e-08  1.000e+00 X                        +                        . 
 5.630e-08  1.000e+00 X                        +                        . 
 5.640e-08  1.000e+00 X                        +                        . 
 5.650e-08  1.000e+00 X                        +                        . 
 5.660e-08  1.000e+00 X                        +                        . 
 5.670e-08  1.000e+00 X                        +                        . 
 5.680e-08  1.000e+00 X                        +                        . 
 5.690e-08  1.000e+00 X                        +                        . 
 5.700e-08  1.000e+00 X                        +                        . 
 5.710e-08  1.000e+00 X                        +                        . 
 5.720e-08  1.000e+00 X                        +                        . 
 5.730e-08  1.000e+00 X                        +                        . 
 5.740e-08  1.000e+00 X                        +                        . 
 5.750e-08  1.000e+00 X                        +                        . 
 5.760e-08  1.000e+00 X                        +                        . 
 5.770e-08  1.000e+00 X                        +                        . 
 5.780e-08  1.000e+00 X                        +                        . 
 5.790e-08  1.000e+00 X                        +                        . 
 5.800e-08  1.000e+00 X                        +                        . 
 5.810e-08  1.000e+00 X                        +                        . 
 5.820e-08  1.000e+00 X                        +                        . 
 5.830e-08  1.000e+00 X                        +                        . 
 5.840e-08  1.000e+00 X                        +                        . 
 5.850e-08  1.000e+00 X                        +                        . 
 5.860e-08  1.000e+00 X                        +                        . 
 5.870e-08  1.000e+00 X                        +                        . 
 5.880e-08  1.000e+00 X                        +                        . 
 5.890e-08  1.000e+00 X                        +                        . 
 5.900e-08  1.000e+00 X                        +                        . 
 5.910e-08  1.000e+00 X                        +                        . 
 5.920e-08  1.000e+00 X                        +                        . 
 5.930e-08  1.000e+00 X                        +                        . 
 5.940e-08  1.000e+00 X                        +                        . 
 5.950e-08  1.000e+00 X                        +                        . 
 5.960e-08  1.000e+00 X                        +                        . 
 5.970e-08  1.000e+00 X                        +                        . 
 5.980e-08  1.000e+00 X                        +                        . 
 5.990e-08  1.000e+00 X                        +                        . 
 6.000e-08  1.000e+00 X                        +                        . 
----------------------|------------------------|------------------------|
 time       v(in)    0.00e+00                 1.00e+00                 2.00e+00 


Total analysis time (seconds) = 0.0230212

Total elapsed time (seconds) = 0.030 

Total DRAM available = 62177.336 MB.
DRAM currently available = 13578.891 MB.
Maximum ngspice program size =   23.496 MB.
Current ngspice program size =   13.551 MB.

Shared ngspice pages =   11.539 MB.
Text (code) pages =    7.578 MB.
Stack = 0 bytes.
Library pages =    2.090 MB.

