
Note: No compatibility mode selected!


Circuit: * =====================================================================

Doing analysis at TEMP = 27.000000 and TNOM = 27.000000

Using SPARSE 1.3 as Direct Linear Solver

Initial Transient Solution
--------------------------

Node                                   Voltage
----                                   -------
vdd_bt1                                      1
in_bt1                                       0
out_bt1                                      1
line_bt1                                     1
pw_bt1                                1.01e-12
vdd_bt2                                   0.65
in_bt2                                       0
out_bt2                                   0.65
line_bt2                                  0.65
pw_bt2                                4.29e-13
vdd1                                         1
vss1                                         0
in1                                          0
out1                                         1
l1                                           1
pg1                                   1.01e-12
vdd2                                         1
vss2                                         0
a2                                           1
in2                                          0
out2                                         1
xg2.mid                               0.599698
l2                                           1
pg2                                2.22939e-12
vdd3                                         1
vss3                                         0
a3                                           0
in3                                          0
xg3.mid                                      1
out3                                         1
l3                                           1
pg3                                   2.02e-12
vdd4                                         1
vss4                                        -1
in4                                          1
xg4.ra                                0.755947
xg4.rb                             0.000100097
out4                                 -0.988892
l4                                   -0.987161
ra4                               -0.000100096
rb4                                  -0.743581
pg4                                1.73084e-05
vdd5                                         1
vss5                                        -1
a5                                           1
in5                                          1
xg5.raa                               0.755947
xg5.rba                            0.000100097
xg5.rab                               0.755947
xg5.rbb                            0.000100097
out5                                 -0.988889
xg5.mid                              -0.994488
l5                                   -0.987158
ra5                               -0.000100096
rb5                                  -0.743578
pg5                                1.73084e-05
vdd6                                         1
vss6                                        -1
a6                                          -1
in6                                         -1
xg6.raa                           -0.000100097
xg6.rba                              -0.755947
xg6.rab                           -0.000100097
xg6.rbb                              -0.755947
xg6.midp                              0.989035
out6                                  0.977709
l6                                       0.976
ra6                                   0.732837
rb6                                0.000100095
pg6                                1.70894e-05
bpg6#branch                                  0
vddg6#branch                      -1.70894e-05
vssg6#branch                       3.97542e-12
bpg5#branch                                  0
vddg5#branch                      -3.99778e-12
vssg5#branch                       1.73084e-05
bpg4#branch                                  0
vddg4#branch                      -1.99889e-12
vssg4#branch                       1.73084e-05
bpg3#branch                                  0
vddg3#branch                         -2.02e-12
vssg3#branch                          2.02e-12
bpg2#branch                                  0
vddg2#branch                      -2.22939e-12
vssg2#branch                        2.2294e-12
bpg1#branch                                  0
vddg1#branch                         -1.01e-12
vssg1#branch                          1.01e-12
bp_bt2#branch                                0
vdd_bt2#branch                        -6.6e-13
bp_bt1#branch                                0
vdd_bt1#branch                       -1.01e-12
vin6#branch                        7.56047e-06
va6#branch                         7.56047e-06
vin5#branch                       -7.56047e-06
va5#branch                        -7.56047e-06
vin4#branch                       -7.56047e-06
vin3#branch                                  0
va3#branch                                   0
vin2#branch                                  0
va2#branch                                   0
vin1#branch                                  0
vin_bt2#branch                               0
vin_bt1#branch                               0


No. of Data Rows : 7059

  Measurements for Transient Analysis

ecyc_bt1            =   1.02321e-12 from=  0.00000e+00 to=  3.50000e-08
ecyc_bt2            =   4.32327e-13 from=  0.00000e+00 to=  3.50000e-08
ebit_bt1            =  5.11606e-13
ebit_bt2            =  2.16163e-13
vhi_bt1             =  3.100502e-08
vlo_bt1             =  1.000000e+00
vhi_bt2             =  8.770898e-04
vlo_bt2             =  6.499764e-01
egate_1             =   1.38777e-14 from=  9.50000e-08 to=  1.35000e-07
egate_2             =   2.27245e-14 from=  9.50000e-08 to=  1.35000e-07
egate_3             =   1.73082e-14 from=  9.50000e-08 to=  1.35000e-07
egate_4             =   7.37484e-13 from=  9.50000e-08 to=  1.35000e-07
egate_5             =   8.67514e-13 from=  9.50000e-08 to=  1.35000e-07
egate_6             =   8.21636e-13 from=  9.50000e-08 to=  1.35000e-07
ept_1               =  6.93883e-15
ept_2               =  1.13622e-14
ept_3               =  8.65409e-15
ept_4               =  3.68742e-13
ept_5               =  4.33757e-13
ept_6               =  4.10818e-13
vw_1_r              =  7.575000e-10
vw_1_f              =  1.000000e+00
vw_2_r              =  1.515000e-09
vw_2_f              =  9.999997e-01
vw_3_r              =  7.574999e-10
vw_3_f              =  1.000000e+00
vw_4_r              =  9.760126e-01
vw_4_f              =  -9.871610e-01
vw_5_r              =  9.760126e-01
vw_5_f              =  -9.871579e-01
vw_6_r              =  -9.871610e-01
vw_6_f              =  9.760002e-01
vra_4               =  7.328485e-01
vrb_4               =  1.000947e-04
vra_5               =  7.328485e-01
vrb_5               =  1.000947e-04
vra_6               =  -1.000959e-04
vrb_6               =  -7.435806e-01


Total analysis time (seconds) = 0.453532

Total elapsed time (seconds) = 0.460 

Total DRAM available = 61921.320 MB.
DRAM currently available = 33288.152 MB.
Maximum ngspice program size =   24.980 MB.
Current ngspice program size =   14.375 MB.

Shared ngspice pages =   10.844 MB.
Text (code) pages =    7.578 MB.
Stack = 0 bytes.
Library pages =    3.574 MB.

