
Note: No compatibility mode selected!


Circuit: * =====================================================================

Doing analysis at TEMP = 27.000000 and TNOM = 27.000000

Using SPARSE 1.3 as Direct Linear Solver

Initial Transient Solution
--------------------------

Node                                   Voltage
----                                   -------
na1                                     0.0001
s1                                           0
nb1                                     0.0001
na2                                     0.0001
s2                                           0
nb2                                    -0.0001
na3                                    -0.0001
s3                                           0
nb3                                    -0.0001
na4                                     0.0001
s4                                           0
nb4                                          0
pw1                                      2e-10
pw2                                      2e-10
pw3                                      2e-10
pw4                                      1e-10
bpw4#branch                                  0
bpw3#branch                                  0
bpw2#branch                                  0
bpw1#branch                                  0
vs4#branch                               1e-06
vs3#branch                              -2e-06
vs2#branch                                   0
vs1#branch                               2e-06


No. of Data Rows : 1008

  Measurements for Transient Analysis

iout_1              =  2.000000e-06
iout_2              =  0.000000e+00
iout_3              =  -2.000000e-06
iout_4              =  1.000000e-06
vsum_1              =  0.000000e+00
vsum_2              =  0.000000e+00
vsum_3              =  0.000000e+00
vsum_4              =  0.000000e+00
vwire_a1            =  1.000000e-04
vwire_b1            =  1.000000e-04
ewire_1             =   2.00000e-16 from=  0.00000e+00 to=  1.00000e-06
ewire_2             =   2.00000e-16 from=  0.00000e+00 to=  1.00000e-06
ewire_3             =   2.00000e-16 from=  0.00000e+00 to=  1.00000e-06
ewire_4             =   1.00000e-16 from=  0.00000e+00 to=  1.00000e-06
pwire_1             =  2.000000e-10 from=  0.000000e+00 to=  1.000000e-06
pwire_2             =  2.000000e-10 from=  0.000000e+00 to=  1.000000e-06
pwire_3             =  2.000000e-10 from=  0.000000e+00 to=  1.000000e-06
pwire_4             =  1.000000e-10 from=  0.000000e+00 to=  1.000000e-06


Total analysis time (seconds) = 0.0411272

Total elapsed time (seconds) = 0.048 

Total DRAM available = 62177.324 MB.
DRAM currently available = 37306.285 MB.
Maximum ngspice program size =   23.629 MB.
Current ngspice program size =   12.816 MB.

Shared ngspice pages =   10.707 MB.
Text (code) pages =    7.578 MB.
Stack = 0 bytes.
Library pages =    2.223 MB.

