
Note: No compatibility mode selected!


Circuit: * =====================================================================

Doing analysis at TEMP = 27.000000 and TNOM = 27.000000

Using SPARSE 1.3 as Direct Linear Solver

No. of Data Rows : 201

Initial Transient Solution
--------------------------

Node                                   Voltage
----                                   -------
vdd1                                         1
vdd3                                         1
indc                                         0
outdc1                                       1
outdc3                                       1
inref                                        0
gref                                         0
vddref                                       1
outref                                       1
pwref                                 1.01e-12
piref                                        0
inp0                                         0
gp0                                          0
vddp0                                        1
outp0                                        1
pwp0                                  1.01e-12
pip0                                         0
inp25                                    0.125
gp25                                     0.125
vddp25                                       1
outp25                                       1
pwp25                                 1.01e-12
pip25                                        0
inp50                                     0.25
gp50                                      0.25
vddp50                                       1
outp50                                       1
pwp50                                 1.01e-12
pip50                                        0
inp75                                    0.375
gp75                                     0.375
vddp75                                       1
outp75                                       1
pwp75                                 1.01e-12
pip75                                        0
inp90                                     0.45
gp90                                      0.45
vddp90                                       1
outp90                                0.990987
pwp90                              2.91542e-06
pip90                             -4.87891e-20
inp95                                    0.475
gp95                                     0.475
vddp95                                       1
outp95                                0.973661
pwp95                              6.55427e-06
pip95                                        0
inp98                                     0.49
gp98                                      0.49
vddp98                                       1
outp98                                0.950301
pwp98                              9.42764e-06
pip98                                        0
bpi_p98#branch                               0
vp98#branch                                  0
bpw_p98#branch                               0
vddp98#branch                     -9.42764e-06
bpi_p95#branch                               0
vp95#branch                                  0
bpw_p95#branch                               0
vddp95#branch                     -6.55427e-06
bpi_p90#branch                               0
vp90#branch                         1.0842e-19
bpw_p90#branch                               0
vddp90#branch                     -2.91542e-06
bpi_p75#branch                               0
vp75#branch                                  0
bpw_p75#branch                               0
vddp75#branch                        -1.01e-12
bpi_p50#branch                               0
vp50#branch                                  0
bpw_p50#branch                               0
vddp50#branch                        -1.01e-12
bpi_p25#branch                               0
vp25#branch                                  0
bpw_p25#branch                               0
vddp25#branch                        -1.01e-12
bpi_p0#branch                                0
vp0#branch                                   0
bpw_p0#branch                                0
vddp0#branch                         -1.01e-12
bpi_ref#branch                               0
vref#branch                                  0
bpw_ref#branch                               0
vddref#branch                        -1.01e-12
vsweep#branch                                0
vdd3#branch                        -1.0717e-12
vdd1#branch                          -1.01e-12

 Reference value :  2.41414e-08 Reference value :  4.98964e-08 Reference value :  7.54925e-08
No. of Data Rows : 20020

  Measurements for Transient Analysis

es_ref              =   -6.75554e-15 from=  4.90000e-08 to=  5.30000e-08
ein_ref             =   8.54004e-15 from=  4.90000e-08 to=  5.30000e-08
tpd_ref             =  1.280178e-10 targ=  5.023608e-08 trig=  5.010806e-08
tf_ref              =  1.336555e-10 targ=  5.031692e-08 trig=  5.018326e-08
es_p0               =   2.62535e-15 from=  4.90000e-08 to=  5.30000e-08
ein_p0              =   2.97286e-15 from=  4.90000e-08 to=  5.30000e-08
tpd_p0              =  1.154211e-09 targ=  5.134423e-08 trig=  5.019002e-08
tf_p0               =  1.764434e-09 targ=  5.224115e-08 trig=  5.047672e-08
es_p25              =   3.99701e-15 from=  4.90000e-08 to=  5.30000e-08
ein_p25             =   2.75932e-15 from=  4.90000e-08 to=  5.30000e-08
tpd_p25             =  1.145133e-09 targ=  5.132988e-08 trig=  5.018474e-08
tf_p25              =  1.764431e-09 targ=  5.222680e-08 trig=  5.046236e-08
es_p50              =   5.34422e-15 from=  4.90000e-08 to=  5.30000e-08
ein_p50             =   2.31792e-15 from=  4.90000e-08 to=  5.30000e-08
tpd_p50             =  1.134350e-09 targ=  5.130941e-08 trig=  5.017506e-08
tf_p50              =  1.764433e-09 targ=  5.220633e-08 trig=  5.044190e-08
es_p75              =   6.70144e-15 from=  4.90000e-08 to=  5.30000e-08
ein_p75             =   1.63183e-15 from=  4.90000e-08 to=  5.30000e-08
tpd_p75             =  1.121974e-09 targ=  5.127347e-08 trig=  5.015150e-08
tf_p75              =  1.764435e-09 targ=  5.217039e-08 trig=  5.040596e-08
es_p90              =   1.08039e-14 from=  4.90000e-08 to=  5.30000e-08
ein_p90             =   1.07085e-15 from=  4.90000e-08 to=  5.30000e-08
tpd_p90             =  1.107838e-09 targ=  5.121670e-08 trig=  5.010886e-08
tf_p90              =  1.764433e-09 targ=  5.211362e-08 trig=  5.034919e-08
es_p95              =   1.50744e-14 from=  4.90000e-08 to=  5.30000e-08
ein_p95             =   8.21308e-16 from=  4.90000e-08 to=  5.30000e-08
tpd_p95             =  1.088585e-09 targ=  5.116396e-08 trig=  5.007537e-08
tf_p95              =  1.764435e-09 targ=  5.206088e-08 trig=  5.029644e-08
es_p98              =   1.83219e-14 from=  4.90000e-08 to=  5.30000e-08
ein_p98             =   6.35520e-16 from=  4.90000e-08 to=  5.30000e-08
tpd_p98             =  1.057587e-09 targ=  5.109912e-08 trig=  5.004153e-08
tf_p98              =  1.764435e-09 targ=  5.199604e-08 trig=  5.023161e-08
et_ref              =  1.78450e-15
et_p0               =  5.59821e-15
et_p25              =  6.75632e-15
et_p50              =  7.66214e-15
et_p75              =  8.33327e-15
et_p90              =  1.18747e-14
et_p95              =  1.58957e-14
et_p98              =  1.89574e-14
dsav_p0             =  -3.81370e-15
dsav_p25            =  -4.97182e-15
dsav_p50            =  -5.87763e-15
dsav_p75            =  -6.54876e-15
dsav_p90            =  -1.00902e-14
dsav_p95            =  -1.41112e-14
dsav_p98            =  -1.71729e-14
eq_ref              =   4.34299e-20 from=  5.00000e-09 to=  4.80000e-08
eq_p0               =   4.34298e-20 from=  5.00000e-09 to=  4.80000e-08
eq_p25              =   4.34299e-20 from=  5.00000e-09 to=  4.80000e-08
eq_p50              =   4.34299e-20 from=  5.00000e-09 to=  4.80000e-08
eq_p75              =   4.34300e-20 from=  5.00000e-09 to=  4.80000e-08
eq_p90              =   1.25363e-13 from=  5.00000e-09 to=  4.80000e-08
eq_p95              =   2.81834e-13 from=  5.00000e-09 to=  4.80000e-08
eq_p98              =   4.05388e-13 from=  5.00000e-09 to=  4.80000e-08
esav_ref_p0         =  5.56719e-15
esav_ref_p25        =  5.78073e-15
esav_ref_p50        =  6.22212e-15
esav_ref_p75        =  6.90821e-15
esav_ref_p90        =  7.46920e-15
esav_ref_p95        =  7.71873e-15
esav_ref_p98        =  7.90452e-15

    * =====================================================================
    DC transfer characteristic  Sun Aug 30 10:32:33  2026
--------------------------------------------------------------------------------
Index   v-sweep         v(indc)         v(outdc1)       vdd1#branch     
--------------------------------------------------------------------------------
0	0.000000e+00	0.000000e+00	1.000000e+00	-1.01000e-12	
1	5.000000e-03	5.000000e-03	1.000000e+00	-1.01000e-12	
2	1.000000e-02	1.000000e-02	1.000000e+00	-1.01000e-12	
3	1.500000e-02	1.500000e-02	1.000000e+00	-1.01000e-12	
4	2.000000e-02	2.000000e-02	1.000000e+00	-1.01000e-12	
5	2.500000e-02	2.500000e-02	1.000000e+00	-1.01000e-12	
6	3.000000e-02	3.000000e-02	1.000000e+00	-1.01000e-12	
7	3.500000e-02	3.500000e-02	1.000000e+00	-1.01000e-12	
8	4.000000e-02	4.000000e-02	1.000000e+00	-1.01000e-12	
9	4.500000e-02	4.500000e-02	1.000000e+00	-1.01000e-12	
10	5.000000e-02	5.000000e-02	1.000000e+00	-1.01000e-12	
11	5.500000e-02	5.500000e-02	1.000000e+00	-1.01000e-12	
12	6.000000e-02	6.000000e-02	1.000000e+00	-1.01000e-12	
13	6.500000e-02	6.500000e-02	1.000000e+00	-1.01000e-12	
14	7.000000e-02	7.000000e-02	1.000000e+00	-1.01000e-12	
15	7.500000e-02	7.500000e-02	1.000000e+00	-1.01000e-12	
16	8.000000e-02	8.000000e-02	1.000000e+00	-1.01000e-12	
17	8.500000e-02	8.500000e-02	1.000000e+00	-1.01000e-12	
18	9.000000e-02	9.000000e-02	1.000000e+00	-1.01000e-12	
19	9.500000e-02	9.500000e-02	1.000000e+00	-1.01000e-12	
20	1.000000e-01	1.000000e-01	1.000000e+00	-1.01000e-12	
21	1.050000e-01	1.050000e-01	1.000000e+00	-1.01000e-12	
22	1.100000e-01	1.100000e-01	1.000000e+00	-1.01000e-12	
23	1.150000e-01	1.150000e-01	1.000000e+00	-1.01000e-12	
24	1.200000e-01	1.200000e-01	1.000000e+00	-1.01000e-12	
25	1.250000e-01	1.250000e-01	1.000000e+00	-1.01000e-12	
26	1.300000e-01	1.300000e-01	1.000000e+00	-1.01000e-12	
27	1.350000e-01	1.350000e-01	1.000000e+00	-1.01000e-12	
28	1.400000e-01	1.400000e-01	1.000000e+00	-1.01000e-12	
29	1.450000e-01	1.450000e-01	1.000000e+00	-1.01000e-12	
30	1.500000e-01	1.500000e-01	1.000000e+00	-1.01000e-12	
31	1.550000e-01	1.550000e-01	1.000000e+00	-1.01000e-12	
32	1.600000e-01	1.600000e-01	1.000000e+00	-1.01000e-12	
33	1.650000e-01	1.650000e-01	1.000000e+00	-1.01000e-12	
34	1.700000e-01	1.700000e-01	1.000000e+00	-1.01000e-12	
35	1.750000e-01	1.750000e-01	1.000000e+00	-1.01000e-12	
36	1.800000e-01	1.800000e-01	1.000000e+00	-1.01000e-12	
37	1.850000e-01	1.850000e-01	1.000000e+00	-1.01000e-12	
38	1.900000e-01	1.900000e-01	1.000000e+00	-1.01000e-12	
39	1.950000e-01	1.950000e-01	1.000000e+00	-1.01000e-12	
40	2.000000e-01	2.000000e-01	1.000000e+00	-1.01000e-12	
41	2.050000e-01	2.050000e-01	1.000000e+00	-1.01000e-12	
42	2.100000e-01	2.100000e-01	1.000000e+00	-1.01000e-12	
43	2.150000e-01	2.150000e-01	1.000000e+00	-1.01000e-12	
44	2.200000e-01	2.200000e-01	1.000000e+00	-1.01000e-12	
45	2.250000e-01	2.250000e-01	1.000000e+00	-1.01000e-12	
46	2.300000e-01	2.300000e-01	1.000000e+00	-1.01000e-12	
47	2.350000e-01	2.350000e-01	1.000000e+00	-1.01000e-12	
48	2.400000e-01	2.400000e-01	1.000000e+00	-1.01000e-12	
49	2.450000e-01	2.450000e-01	1.000000e+00	-1.01000e-12	
50	2.500000e-01	2.500000e-01	1.000000e+00	-1.01000e-12	
51	2.550000e-01	2.550000e-01	1.000000e+00	-1.01000e-12	
52	2.600000e-01	2.600000e-01	1.000000e+00	-1.01000e-12	
53	2.650000e-01	2.650000e-01	1.000000e+00	-1.01000e-12	
54	2.700000e-01	2.700000e-01	1.000000e+00	-1.01000e-12	

Index   v-sweep         v(indc)         v(outdc1)       vdd1#branch     
--------------------------------------------------------------------------------
55	2.750000e-01	2.750000e-01	1.000000e+00	-1.01000e-12	
56	2.800000e-01	2.800000e-01	1.000000e+00	-1.01000e-12	
57	2.850000e-01	2.850000e-01	1.000000e+00	-1.01000e-12	
58	2.900000e-01	2.900000e-01	1.000000e+00	-1.01000e-12	
59	2.950000e-01	2.950000e-01	1.000000e+00	-1.01000e-12	
60	3.000000e-01	3.000000e-01	1.000000e+00	-1.01000e-12	
61	3.050000e-01	3.050000e-01	1.000000e+00	-1.01000e-12	
62	3.100000e-01	3.100000e-01	1.000000e+00	-1.01000e-12	
63	3.150000e-01	3.150000e-01	1.000000e+00	-1.01000e-12	
64	3.200000e-01	3.200000e-01	1.000000e+00	-1.01000e-12	
65	3.250000e-01	3.250000e-01	1.000000e+00	-1.01000e-12	
66	3.300000e-01	3.300000e-01	1.000000e+00	-1.01000e-12	
67	3.350000e-01	3.350000e-01	1.000000e+00	-1.01000e-12	
68	3.400000e-01	3.400000e-01	1.000000e+00	-1.01000e-12	
69	3.450000e-01	3.450000e-01	1.000000e+00	-1.01000e-12	
70	3.500000e-01	3.500000e-01	1.000000e+00	-1.01000e-12	
71	3.550000e-01	3.550000e-01	1.000000e+00	-1.01000e-12	
72	3.600000e-01	3.600000e-01	1.000000e+00	-1.01000e-12	
73	3.650000e-01	3.650000e-01	1.000000e+00	-1.01000e-12	
74	3.700000e-01	3.700000e-01	1.000000e+00	-1.01000e-12	
75	3.750000e-01	3.750000e-01	1.000000e+00	-1.01000e-12	
76	3.800000e-01	3.800000e-01	1.000000e+00	-1.01000e-12	
77	3.850000e-01	3.850000e-01	1.000000e+00	-1.01000e-12	
78	3.900000e-01	3.900000e-01	1.000000e+00	-1.01000e-12	
79	3.950000e-01	3.950000e-01	1.000000e+00	-1.01000e-12	
80	4.000000e-01	4.000000e-01	1.000000e+00	-1.01000e-12	
81	4.050000e-01	4.050000e-01	9.999327e-01	-2.91676e-08	
82	4.100000e-01	4.100000e-01	9.997235e-01	-1.16666e-07	
83	4.150000e-01	4.150000e-01	9.993605e-01	-2.62493e-07	
84	4.200000e-01	4.200000e-01	9.988297e-01	-4.66642e-07	
85	4.250000e-01	4.250000e-01	9.981153e-01	-7.29102e-07	
86	4.300000e-01	4.300000e-01	9.971984e-01	-1.04986e-06	
87	4.350000e-01	4.350000e-01	9.960568e-01	-1.42890e-06	
88	4.400000e-01	4.400000e-01	9.946639e-01	-1.86619e-06	
89	4.450000e-01	4.450000e-01	9.929874e-01	-2.36171e-06	
90	4.500000e-01	4.500000e-01	9.909873e-01	-2.91542e-06	
91	4.550000e-01	4.550000e-01	9.886129e-01	-3.52725e-06	
92	4.600000e-01	4.600000e-01	9.857992e-01	-4.19716e-06	
93	4.650000e-01	4.650000e-01	9.824590e-01	-4.92505e-06	
94	4.700000e-01	4.700000e-01	9.784722e-01	-5.71081e-06	
95	4.750000e-01	4.750000e-01	9.736640e-01	-6.55427e-06	
96	4.800000e-01	4.800000e-01	9.677627e-01	-7.45521e-06	
97	4.850000e-01	4.850000e-01	9.603027e-01	-8.41323e-06	
98	4.900000e-01	4.900000e-01	9.503514e-01	-9.42766e-06	
99	4.950000e-01	4.950000e-01	9.354114e-01	-1.04968e-05	
100	5.000000e-01	5.000000e-01	5.000000e-01	-1.13889e-05	
101	5.050000e-01	5.050000e-01	6.489283e-02	-1.04966e-05	
102	5.100000e-01	5.100000e-01	4.969941e-02	-9.42764e-06	
103	5.150000e-01	5.150000e-01	3.971303e-02	-8.41323e-06	
104	5.200000e-01	5.200000e-01	3.224398e-02	-7.45520e-06	
105	5.250000e-01	5.250000e-01	2.632734e-02	-6.55427e-06	
106	5.300000e-01	5.300000e-01	2.152409e-02	-5.71081e-06	
107	5.350000e-01	5.350000e-01	1.753937e-02	-4.92505e-06	
108	5.400000e-01	5.400000e-01	1.419997e-02	-4.19716e-06	
109	5.450000e-01	5.450000e-01	1.138656e-02	-3.52725e-06	
110	5.500000e-01	5.500000e-01	9.012420e-03	-2.91542e-06	
111	5.550000e-01	5.550000e-01	7.012359e-03	-2.36171e-06	
112	5.600000e-01	5.600000e-01	5.335922e-03	-1.86619e-06	

Index   v-sweep         v(indc)         v(outdc1)       vdd1#branch     
--------------------------------------------------------------------------------
113	5.650000e-01	5.650000e-01	3.943106e-03	-1.42890e-06	
114	5.700000e-01	5.700000e-01	2.801556e-03	-1.04986e-06	
115	5.750000e-01	5.750000e-01	1.884664e-03	-7.29102e-07	
116	5.800000e-01	5.800000e-01	1.170228e-03	-4.66642e-07	
117	5.850000e-01	5.850000e-01	6.394919e-04	-2.62493e-07	
118	5.900000e-01	5.900000e-01	2.764392e-04	-1.16666e-07	
119	5.950000e-01	5.950000e-01	6.725974e-05	-2.91676e-08	
120	6.000000e-01	6.000000e-01	-4.90528e-08	-1.01000e-12	
121	6.050000e-01	6.050000e-01	-9.07286e-09	-1.01000e-12	
122	6.100000e-01	6.100000e-01	2.164284e-09	-1.01000e-12	
123	6.150000e-01	6.150000e-01	2.113953e-09	-1.01000e-12	
124	6.200000e-01	6.200000e-01	2.065909e-09	-1.01000e-12	
125	6.250000e-01	6.250000e-01	2.020000e-09	-1.01000e-12	
126	6.300000e-01	6.300000e-01	1.976087e-09	-1.01000e-12	
127	6.350000e-01	6.350000e-01	1.934043e-09	-1.01000e-12	
128	6.400000e-01	6.400000e-01	1.893750e-09	-1.01000e-12	
129	6.450000e-01	6.450000e-01	1.855102e-09	-1.01000e-12	
130	6.500000e-01	6.500000e-01	1.818000e-09	-1.01000e-12	
131	6.550000e-01	6.550000e-01	1.782353e-09	-1.01000e-12	
132	6.600000e-01	6.600000e-01	1.748077e-09	-1.01000e-12	
133	6.650000e-01	6.650000e-01	1.715094e-09	-1.01000e-12	
134	6.700000e-01	6.700000e-01	1.683333e-09	-1.01000e-12	
135	6.750000e-01	6.750000e-01	1.652727e-09	-1.01000e-12	
136	6.800000e-01	6.800000e-01	1.623214e-09	-1.01000e-12	
137	6.850000e-01	6.850000e-01	1.594737e-09	-1.01000e-12	
138	6.900000e-01	6.900000e-01	1.567241e-09	-1.01000e-12	
139	6.950000e-01	6.950000e-01	1.540678e-09	-1.01000e-12	
140	7.000000e-01	7.000000e-01	1.515000e-09	-1.01000e-12	
141	7.050000e-01	7.050000e-01	1.490164e-09	-1.01000e-12	
142	7.100000e-01	7.100000e-01	1.466129e-09	-1.01000e-12	
143	7.150000e-01	7.150000e-01	1.442857e-09	-1.01000e-12	
144	7.200000e-01	7.200000e-01	1.420312e-09	-1.01000e-12	
145	7.250000e-01	7.250000e-01	1.398462e-09	-1.01000e-12	
146	7.300000e-01	7.300000e-01	1.377273e-09	-1.01000e-12	
147	7.350000e-01	7.350000e-01	1.356716e-09	-1.01000e-12	
148	7.400000e-01	7.400000e-01	1.336765e-09	-1.01000e-12	
149	7.450000e-01	7.450000e-01	1.317391e-09	-1.01000e-12	
150	7.500000e-01	7.500000e-01	1.298571e-09	-1.01000e-12	
151	7.550000e-01	7.550000e-01	1.280282e-09	-1.01000e-12	
152	7.600000e-01	7.600000e-01	1.262500e-09	-1.01000e-12	
153	7.650000e-01	7.650000e-01	1.245205e-09	-1.01000e-12	
154	7.700000e-01	7.700000e-01	1.228378e-09	-1.01000e-12	
155	7.750000e-01	7.750000e-01	1.212000e-09	-1.01000e-12	
156	7.800000e-01	7.800000e-01	1.196053e-09	-1.01000e-12	
157	7.850000e-01	7.850000e-01	1.180519e-09	-1.01000e-12	
158	7.900000e-01	7.900000e-01	1.165385e-09	-1.01000e-12	
159	7.950000e-01	7.950000e-01	1.150633e-09	-1.01000e-12	
160	8.000000e-01	8.000000e-01	1.136250e-09	-1.01000e-12	
161	8.050000e-01	8.050000e-01	1.122222e-09	-1.01000e-12	
162	8.100000e-01	8.100000e-01	1.108537e-09	-1.01000e-12	
163	8.150000e-01	8.150000e-01	1.095181e-09	-1.01000e-12	
164	8.200000e-01	8.200000e-01	1.082143e-09	-1.01000e-12	
165	8.250000e-01	8.250000e-01	1.069412e-09	-1.01000e-12	
166	8.300000e-01	8.300000e-01	1.056977e-09	-1.01000e-12	
167	8.350000e-01	8.350000e-01	1.044828e-09	-1.01000e-12	
168	8.400000e-01	8.400000e-01	1.032955e-09	-1.01000e-12	
169	8.450000e-01	8.450000e-01	1.021348e-09	-1.01000e-12	
170	8.500000e-01	8.500000e-01	1.010000e-09	-1.01000e-12	

Index   v-sweep         v(indc)         v(outdc1)       vdd1#branch     
--------------------------------------------------------------------------------
171	8.550000e-01	8.550000e-01	9.989011e-10	-1.01000e-12	
172	8.600000e-01	8.600000e-01	9.880435e-10	-1.01000e-12	
173	8.650000e-01	8.650000e-01	9.774194e-10	-1.01000e-12	
174	8.700000e-01	8.700000e-01	9.670213e-10	-1.01000e-12	
175	8.750000e-01	8.750000e-01	9.568421e-10	-1.01000e-12	
176	8.800000e-01	8.800000e-01	9.468750e-10	-1.01000e-12	
177	8.850000e-01	8.850000e-01	9.371134e-10	-1.01000e-12	
178	8.900000e-01	8.900000e-01	9.275510e-10	-1.01000e-12	
179	8.950000e-01	8.950000e-01	9.181818e-10	-1.01000e-12	
180	9.000000e-01	9.000000e-01	9.090000e-10	-1.01000e-12	
181	9.050000e-01	9.050000e-01	9.000000e-10	-1.01000e-12	
182	9.100000e-01	9.100000e-01	8.911765e-10	-1.01000e-12	
183	9.150000e-01	9.150000e-01	8.825243e-10	-1.01000e-12	
184	9.200000e-01	9.200000e-01	8.740385e-10	-1.01000e-12	
185	9.250000e-01	9.250000e-01	8.657143e-10	-1.01000e-12	
186	9.300000e-01	9.300000e-01	8.575472e-10	-1.01000e-12	
187	9.350000e-01	9.350000e-01	8.495327e-10	-1.01000e-12	
188	9.400000e-01	9.400000e-01	8.416667e-10	-1.01000e-12	
189	9.450000e-01	9.450000e-01	8.339450e-10	-1.01000e-12	
190	9.500000e-01	9.500000e-01	8.263636e-10	-1.01000e-12	
191	9.550000e-01	9.550000e-01	8.189189e-10	-1.01000e-12	
192	9.600000e-01	9.600000e-01	8.116071e-10	-1.01000e-12	
193	9.650000e-01	9.650000e-01	8.044248e-10	-1.01000e-12	
194	9.700000e-01	9.700000e-01	7.973684e-10	-1.01000e-12	
195	9.750000e-01	9.750000e-01	7.904348e-10	-1.01000e-12	
196	9.800000e-01	9.800000e-01	7.836207e-10	-1.01000e-12	
197	9.850000e-01	9.850000e-01	7.769231e-10	-1.01000e-12	
198	9.900000e-01	9.900000e-01	7.703390e-10	-1.01000e-12	
199	9.950000e-01	9.950000e-01	7.638655e-10	-1.01000e-12	
200	1.000000e+00	1.000000e+00	7.575000e-10	-1.01000e-12	

    * =====================================================================
    DC transfer characteristic  Sun Aug 30 10:32:33  2026
--------------------------------------------------------------------------------
Index   v-sweep         v(outdc3)       vdd3#branch     
--------------------------------------------------------------------------------
0	0.000000e+00	1.000000e+00	-1.07170e-12	
1	5.000000e-03	1.000000e+00	-1.08352e-12	
2	1.000000e-02	1.000000e+00	-1.10051e-12	
3	1.500000e-02	1.000000e+00	-1.11961e-12	
4	2.000000e-02	1.000000e+00	-1.14275e-12	
5	2.500000e-02	1.000000e+00	-1.17078e-12	
6	3.000000e-02	1.000000e+00	-1.20472e-12	
7	3.500000e-02	1.000000e+00	-1.24582e-12	
8	4.000000e-02	1.000000e+00	-1.29561e-12	
9	4.500000e-02	1.000000e+00	-1.35590e-12	
10	5.000000e-02	1.000000e+00	-1.42892e-12	
11	5.500000e-02	1.000000e+00	-1.51736e-12	
12	6.000000e-02	1.000000e+00	-1.62447e-12	
13	6.500000e-02	1.000000e+00	-1.75419e-12	
14	7.000000e-02	1.000000e+00	-1.91129e-12	
15	7.500000e-02	1.000000e+00	-2.10156e-12	
16	8.000000e-02	1.000000e+00	-2.33200e-12	
17	8.500000e-02	1.000000e+00	-2.61108e-12	
18	9.000000e-02	1.000000e+00	-2.94908e-12	
19	9.500000e-02	1.000000e+00	-3.35843e-12	
20	1.000000e-01	1.000000e+00	-3.85420e-12	
21	1.050000e-01	1.000000e+00	-4.45463e-12	
22	1.100000e-01	1.000000e+00	-5.18182e-12	
23	1.150000e-01	1.000000e+00	-6.06252e-12	
24	1.200000e-01	1.000000e+00	-7.12914e-12	
25	1.250000e-01	1.000000e+00	-8.42093e-12	
26	1.300000e-01	1.000000e+00	-9.98543e-12	
27	1.350000e-01	1.000000e+00	-1.18802e-11	
28	1.400000e-01	1.000000e+00	-1.41750e-11	
29	1.450000e-01	1.000000e+00	-1.69542e-11	
30	1.500000e-01	1.000000e+00	-2.03201e-11	
31	1.550000e-01	1.000000e+00	-2.43966e-11	
32	1.600000e-01	1.000000e+00	-2.93337e-11	
33	1.650000e-01	1.000000e+00	-3.53130e-11	
34	1.700000e-01	1.000000e+00	-4.25546e-11	
35	1.750000e-01	9.999999e-01	-5.13250e-11	
36	1.800000e-01	9.999999e-01	-6.19468e-11	
37	1.850000e-01	9.999999e-01	-7.48110e-11	
38	1.900000e-01	9.999999e-01	-9.03909e-11	
39	1.950000e-01	9.999999e-01	-1.09260e-10	
40	2.000000e-01	9.999999e-01	-1.32112e-10	
41	2.050000e-01	9.999998e-01	-1.59789e-10	
42	2.100000e-01	9.999998e-01	-1.93308e-10	
43	2.150000e-01	9.999997e-01	-2.33903e-10	
44	2.200000e-01	9.999997e-01	-2.83069e-10	
45	2.250000e-01	9.999996e-01	-3.42613e-10	
46	2.300000e-01	9.999995e-01	-4.14728e-10	
47	2.350000e-01	9.999994e-01	-5.02067e-10	
48	2.400000e-01	9.999992e-01	-6.07843e-10	
49	2.450000e-01	9.999991e-01	-7.35950e-10	
50	2.500000e-01	9.999989e-01	-8.91101e-10	
51	2.550000e-01	9.999986e-01	-1.07901e-09	
52	2.600000e-01	9.999983e-01	-1.30658e-09	
53	2.650000e-01	9.999979e-01	-1.58219e-09	
54	2.700000e-01	9.999974e-01	-1.91599e-09	

Index   v-sweep         v(outdc3)       vdd3#branch     
--------------------------------------------------------------------------------
55	2.750000e-01	9.999968e-01	-2.32025e-09	
56	2.800000e-01	9.999960e-01	-2.80986e-09	
57	2.850000e-01	9.999951e-01	-3.40283e-09	
58	2.900000e-01	9.999940e-01	-4.12098e-09	
59	2.950000e-01	9.999926e-01	-4.99073e-09	
60	3.000000e-01	9.999909e-01	-6.04410e-09	
61	3.050000e-01	9.999888e-01	-7.31983e-09	
62	3.100000e-01	9.999862e-01	-8.86489e-09	
63	3.150000e-01	9.999830e-01	-1.07361e-08	
64	3.200000e-01	9.999791e-01	-1.30024e-08	
65	3.250000e-01	9.999742e-01	-1.57470e-08	
66	3.300000e-01	9.999682e-01	-1.90711e-08	
67	3.350000e-01	9.999608e-01	-2.30970e-08	
68	3.400000e-01	9.999516e-01	-2.79727e-08	
69	3.450000e-01	9.999402e-01	-3.38777e-08	
70	3.500000e-01	9.999261e-01	-4.10293e-08	
71	3.550000e-01	9.999087e-01	-4.96907e-08	
72	3.600000e-01	9.998871e-01	-6.01805e-08	
73	3.650000e-01	9.998604e-01	-7.28848e-08	
74	3.700000e-01	9.998272e-01	-8.82711e-08	
75	3.750000e-01	9.997861e-01	-1.06905e-07	
76	3.800000e-01	9.997350e-01	-1.29474e-07	
77	3.850000e-01	9.996716e-01	-1.56806e-07	
78	3.900000e-01	9.995927e-01	-1.89909e-07	
79	3.950000e-01	9.994945e-01	-2.30000e-07	
80	4.000000e-01	9.993723e-01	-2.78554e-07	
81	4.050000e-01	9.992199e-01	-3.37359e-07	
82	4.100000e-01	9.990298e-01	-4.08577e-07	
83	4.150000e-01	9.987924e-01	-4.94830e-07	
84	4.200000e-01	9.984955e-01	-5.99292e-07	
85	4.250000e-01	9.981236e-01	-7.25807e-07	
86	4.300000e-01	9.973325e-01	-1.00000e-06	
87	4.350000e-01	9.962454e-01	-1.36111e-06	
88	4.400000e-01	9.949195e-01	-1.77778e-06	
89	4.450000e-01	9.933242e-01	-2.25000e-06	
90	4.500000e-01	9.914217e-01	-2.77778e-06	
91	4.550000e-01	9.891645e-01	-3.36111e-06	
92	4.600000e-01	9.864918e-01	-4.00000e-06	
93	4.650000e-01	9.833226e-01	-4.69445e-06	
94	4.700000e-01	9.795462e-01	-5.44445e-06	
95	4.750000e-01	9.750029e-01	-6.25000e-06	
96	4.800000e-01	9.694484e-01	-7.11111e-06	
97	4.850000e-01	9.624727e-01	-8.02778e-06	
98	4.900000e-01	9.532842e-01	-9.00000e-06	
99	4.950000e-01	9.399162e-01	-1.00278e-05	
100	5.000000e-01	9.016591e-01	-1.11111e-05	
101	5.050000e-01	6.027119e-02	-1.00278e-05	
102	5.100000e-01	4.675425e-02	-9.00000e-06	
103	5.150000e-01	3.754026e-02	-8.02778e-06	
104	5.200000e-01	3.055728e-02	-7.11111e-06	
105	5.250000e-01	2.498998e-02	-6.25000e-06	
106	5.300000e-01	2.045067e-02	-5.44445e-06	
107	5.350000e-01	1.667594e-02	-4.69445e-06	
108	5.400000e-01	1.350744e-02	-4.00000e-06	
109	5.450000e-01	1.083501e-02	-3.36111e-06	
110	5.500000e-01	8.578037e-03	-2.77778e-06	
111	5.550000e-01	6.675610e-03	-2.25000e-06	
112	5.600000e-01	5.080365e-03	-1.77778e-06	

Index   v-sweep         v(outdc3)       vdd3#branch     
--------------------------------------------------------------------------------
113	5.650000e-01	3.754623e-03	-1.36111e-06	
114	5.700000e-01	2.667827e-03	-1.00000e-06	
115	5.750000e-01	1.876169e-03	-7.25807e-07	
116	5.800000e-01	1.504025e-03	-5.99292e-07	
117	5.850000e-01	1.207567e-03	-4.94830e-07	
118	5.900000e-01	9.701504e-04	-4.08577e-07	
119	5.950000e-01	7.800746e-04	-3.37359e-07	
120	6.000000e-01	6.277285e-04	-2.78554e-07	
121	6.050000e-01	5.054988e-04	-2.30000e-07	
122	6.100000e-01	4.073415e-04	-1.89909e-07	
123	6.150000e-01	3.284493e-04	-1.56806e-07	
124	6.200000e-01	2.649917e-04	-1.29474e-07	
125	6.250000e-01	2.139123e-04	-1.06905e-07	
126	6.300000e-01	1.727689e-04	-8.82711e-08	
127	6.350000e-01	1.396080e-04	-7.28848e-08	
128	6.400000e-01	1.128649e-04	-6.01805e-08	
129	6.450000e-01	9.128552e-05	-4.96907e-08	
130	6.500000e-01	7.386363e-05	-4.10293e-08	
131	6.550000e-01	5.979117e-05	-3.38777e-08	
132	6.600000e-01	4.841877e-05	-2.79727e-08	
133	6.650000e-01	3.922417e-05	-2.30970e-08	
134	6.700000e-01	3.178710e-05	-1.90711e-08	
135	6.750000e-01	2.576909e-05	-1.57470e-08	
136	6.800000e-01	2.089744e-05	-1.30024e-08	
137	6.850000e-01	1.695226e-05	-1.07361e-08	
138	6.900000e-01	1.375619e-05	-8.86489e-09	
139	6.950000e-01	1.116606e-05	-7.31983e-09	
140	7.000000e-01	9.066283e-06	-6.04410e-09	
141	7.050000e-01	7.363465e-06	-4.99073e-09	
142	7.100000e-01	5.982124e-06	-4.12098e-09	
143	7.150000e-01	4.861225e-06	-3.40283e-09	
144	7.200000e-01	3.951395e-06	-2.80986e-09	
145	7.250000e-01	3.212676e-06	-2.32025e-09	
146	7.300000e-01	2.612723e-06	-1.91599e-09	
147	7.350000e-01	2.125338e-06	-1.58219e-09	
148	7.400000e-01	1.729298e-06	-1.30658e-09	
149	7.450000e-01	1.407401e-06	-1.07901e-09	
150	7.500000e-01	1.145703e-06	-8.91101e-10	
151	7.550000e-01	9.328955e-07	-7.35950e-10	
152	7.600000e-01	7.598049e-07	-6.07843e-10	
153	7.650000e-01	6.189869e-07	-5.02067e-10	
154	7.700000e-01	5.043993e-07	-4.14728e-10	
155	7.750000e-01	4.111361e-07	-3.42613e-10	
156	7.800000e-01	3.352131e-07	-2.83069e-10	
157	7.850000e-01	2.733936e-07	-2.33903e-10	
158	7.900000e-01	2.230477e-07	-1.93308e-10	
159	7.950000e-01	1.820378e-07	-1.59789e-10	
160	8.000000e-01	1.486262e-07	-1.32112e-10	
161	8.050000e-01	1.213998e-07	-1.09260e-10	
162	8.100000e-01	9.920954e-08	-9.03909e-11	
163	8.150000e-01	8.112038e-08	-7.48110e-11	
164	8.200000e-01	6.637161e-08	-6.19468e-11	
165	8.250000e-01	5.434411e-08	-5.13250e-11	
166	8.300000e-01	4.453392e-08	-4.25546e-11	
167	8.350000e-01	3.653072e-08	-3.53130e-11	
168	8.400000e-01	3.000038e-08	-2.93337e-11	
169	8.450000e-01	2.467074e-08	-2.43966e-11	
170	8.500000e-01	2.032012e-08	-2.03201e-11	

Index   v-sweep         v(outdc3)       vdd3#branch     
--------------------------------------------------------------------------------
171	8.550000e-01	1.676789e-08	-1.69542e-11	
172	8.600000e-01	1.386683e-08	-1.41750e-11	
173	8.650000e-01	1.149697e-08	-1.18802e-11	
174	8.700000e-01	9.560517e-09	-9.98543e-12	
175	8.750000e-01	7.977724e-09	-8.42093e-12	
176	8.800000e-01	6.683568e-09	-7.12914e-12	
177	8.850000e-01	5.625016e-09	-6.06252e-12	
178	8.900000e-01	4.758813e-09	-5.18182e-12	
179	8.950000e-01	4.049666e-09	-4.45463e-12	
180	9.000000e-01	3.468782e-09	-3.85420e-12	
181	9.050000e-01	2.992662e-09	-3.35843e-12	
182	9.100000e-01	2.602128e-09	-2.94908e-12	
183	9.150000e-01	2.281526e-09	-2.61108e-12	
184	9.200000e-01	2.018075e-09	-2.33200e-12	
185	9.250000e-01	1.801338e-09	-2.10156e-12	
186	9.300000e-01	1.622795e-09	-1.91129e-12	
187	9.350000e-01	1.475486e-09	-1.75419e-12	
188	9.400000e-01	1.353725e-09	-1.62447e-12	
189	9.450000e-01	1.252868e-09	-1.51736e-12	
190	9.500000e-01	1.169120e-09	-1.42892e-12	
191	9.550000e-01	1.099380e-09	-1.35590e-12	
192	9.600000e-01	1.041114e-09	-1.29561e-12	
193	9.650000e-01	9.922492e-10	-1.24582e-12	
194	9.700000e-01	9.510929e-10	-1.20472e-12	
195	9.750000e-01	9.162600e-10	-1.17078e-12	
196	9.800000e-01	8.866178e-10	-1.14275e-12	
197	9.850000e-01	8.612399e-10	-1.11961e-12	
198	9.900000e-01	8.393686e-10	-1.10051e-12	
199	9.950000e-01	8.203837e-10	-1.08473e-12	
200	1.000000e+00	8.037776e-10	-1.07170e-12	


Total analysis time (seconds) = 0.980937

Total elapsed time (seconds) = 0.991 

Total DRAM available = 62177.324 MB.
DRAM currently available = 42036.035 MB.
Maximum ngspice program size =   28.910 MB.
Current ngspice program size =   18.352 MB.

Shared ngspice pages =   10.891 MB.
Text (code) pages =    7.578 MB.
Stack = 0 bytes.
Library pages =    7.504 MB.

