
Note: No compatibility mode selected!


Circuit: * =====================================================================

Doing analysis at TEMP = 27.000000 and TNOM = 27.000000

Using SPARSE 1.3 as Direct Linear Solver

Initial Transient Solution
--------------------------

Node                                   Voltage
----                                   -------
vdd                                          1
vss                                         -1
vddsa                                        1
pwpsup                                6.06e-12
pwpsa                                3.658e-12
drv1                                         0
gp1                                          1
gn1                                         -1
cell1                                        0
xc1.x                                        0
ra1                                          0
rb1                                          0
pwpl1                                        0
pwpg1                                        0
qg1                                          0
ipk1                                  3.03e-12
clk1                                         1
outap1                             9.14501e-10
xsaa1.cs                              0.400333
outapb1                            9.14501e-10
outbp1                             9.14501e-10
xsab1.cs                              0.400333
outbpb1                            9.14501e-10
pwpclk1                                      0
vdiffa1                           -7.39145e-20
vdiffb1                            7.39145e-20
drv2                                         0
gp2                                          1
gn2                                         -1
cell2                                        0
xc2.x                                        0
ra2                                          0
rb2                                          0
pwpl2                                        0
pwpg2                                        0
qg2                                          0
clk2                                         1
outap2                             9.14501e-10
xsaa2.cs                              0.400333
outapb2                            9.14501e-10
outbp2                             9.14501e-10
xsab2.cs                              0.400333
outbpb2                            9.14501e-10
pwpclk2                                      0
vdiffa2                                      0
vdiffb2                                      0
drv3                                         0
gp3                                          1
gn3                                         -1
cell3                                        0
xc3.x                                        0
ra3                                          0
rb3                                          0
pwpl3                                        0
clk3                                         1
outap3                             9.14501e-10
xsaa3.cs                              0.400333
outapb3                            9.14501e-10
outbp3                             9.14501e-10
xsab3.cs                              0.400333
outbpb3                            9.14501e-10
pwpclk3                                      0
vdiffa3                                      0
vdiffb3                                      0
bdb3#branch                                  0
bda3#branch                                  0
bpclk3#branch                                0
vclk3#branch                                 0
bpl3#branch                                  0
vs3#branch                                   0
bdb2#branch                                  0
bda2#branch                                  0
bpclk2#branch                                0
vclk2#branch                                 0
bqg2#branch                                  0
vgn2#branch                                  0
bpg2#branch                                  0
bpl2#branch                                  0
vs2#branch                                   0
bdb1#branch                                  0
bda1#branch                                  0
bpclk1#branch                                0
vclk1#branch                                 0
bipk1#branch                                 0
vdd#branch                           -3.03e-12
bqg1#branch                                  0
vgp1#branch                                  0
bpg1#branch                                  0
bpl1#branch                                  0
vs1#branch                                   0
bpsa#branch                                  0
vddsa#branch                        -3.658e-12
bpsup#branch                                 0
vss#branch                            3.03e-12
vgn3#branch                                  0
vgp3#branch                                  0
vgp2#branch                                  0
vgn1#branch                                  0

 Reference value :  6.60056e-08 Reference value :  1.36426e-07 Reference value :  2.02690e-07
No. of Data Rows : 11562

  Measurements for Transient Analysis

epush_drv           =   1.13071e-12 from=  1.59000e-07 to=  1.64000e-07
epush_cell          =   5.21023e-13 from=  1.59000e-07 to=  1.64000e-07
epush_gts           =   -3.85635e-16 from=  1.59000e-07 to=  1.64000e-07
qg_push             =   -2.33675e-14 from=  1.61100e-07 to=  1.62200e-07
epush_rec           =   4.83704e-14 from=  1.58000e-07 to=  1.68000e-07
epush_clk           =   -5.60780e-16 from=  1.58000e-07 to=  1.68000e-07
ipk_push            =  1.262094e-03 at=  1.602000e-07
raila_push          =  2.500599e-01 at=  1.612300e-07
railb_push          =  9.144095e-02 at=  1.607100e-07
line_push           =  6.983190e-01 at=  1.612060e-07
demuxa_push         =  7.515121e-01
demuxb_push         =  6.540308e-01
da_push             =  6.265226e-01
db_push             =  1.192887e-01
epull_drv           =   1.13028e-12 from=  1.79000e-07 to=  1.84000e-07
epull_cell          =   5.20939e-13 from=  1.79000e-07 to=  1.84000e-07
qg_pull             =   1.16590e-14 from=  1.81100e-07 to=  1.82200e-07
epull_rec           =   5.13663e-14 from=  1.78000e-07 to=  1.88000e-07
ipk_pull            =  1.204404e-03 at=  1.802000e-07
raila_pull          =  2.525968e-02 at=  1.818100e-07
railb_pull          =  -2.499975e-01 at=  1.812300e-07
demuxa_pull         =  6.938838e-01
demuxb_pull         =  6.894456e-01
da_pull             =  2.665095e-01
db_pull             =  4.226953e-01
enull_drv           =   4.24200e-20 from=  1.99000e-07 to=  2.06000e-07
enull_rec           =   5.14968e-14 from=  1.98000e-07 to=  2.08000e-07
raila_null          =  8.644155e-04 at=  2.015300e-07
railb_null          =  8.641266e-04 at=  2.015300e-07
demuxa_null         =  6.042005e-01
demuxb_null         =  6.001655e-01
da_null             =  4.035238e-03
db_null             =  -4.034902e-03


Total analysis time (seconds) = 0.832484

Total elapsed time (seconds) = 0.838 

Total DRAM available = 62177.336 MB.
DRAM currently available = 12140.215 MB.
Maximum ngspice program size =   26.453 MB.
Current ngspice program size =   16.500 MB.

Shared ngspice pages =   11.500 MB.
Text (code) pages =    7.578 MB.
Stack = 0 bytes.
Library pages =    5.047 MB.

