
Note: No compatibility mode selected!


Circuit: * =====================================================================

Doing analysis at TEMP = 27.000000 and TNOM = 27.000000

Using SPARSE 1.3 as Direct Linear Solver

Initial Transient Solution
--------------------------

Node                                   Voltage
----                                   -------
vdd                                          1
vss                                         -1
ppush                                1.313e-11
ppull                                1.313e-11
gp1                                          1
gn1                                         -1
dl1                                1.01202e-06
x1                                    1.01e-06
dl1b                              -1.01202e-06
x1b                                  -1.01e-06
gp2                                          1
gn2                                         -1
dl2                                1.01101e-06
x2                                    1.01e-06
dl2b                              -1.01101e-06
x2b                                  -1.01e-06
gp3                                          1
gn3                                         -1
dl3                                 1.0105e-06
x3                                    1.01e-06
dl3b                               -1.0105e-06
x3b                                  -1.01e-06
gp4                                          1
gn4                                         -1
dl4                                1.01025e-06
x4                                    1.01e-06
dl4b                              -1.01025e-06
x4b                                  -1.01e-06
gp5                                          1
gn5                                         -1
dl5                                1.01013e-06
x5                                    1.01e-06
dl5b                              -1.01013e-06
x5b                                  -1.01e-06
gp6                                          1
gn6                                         -1
dl6                                1.01006e-06
x6                                    1.01e-06
dl6b                              -1.01006e-06
x6b                                  -1.01e-06
gp7                                          1
gn7                                         -1
dl7                                1.01025e-06
x7                                    1.01e-06
dl7b                              -1.01025e-06
x7b                                  -1.01e-06
gp8                                          1
gn8                                         -1
dl8                                1.01017e-06
x8                                    1.01e-06
dl8b                              -1.01017e-06
x8b                                  -1.01e-06
gp9                                          1
gn9                                         -1
dl9                                1.01013e-06
x9                                    1.01e-06
dl9b                              -1.01013e-06
x9b                                  -1.01e-06
gp10                                         1
gn10                                        -1
dl10                               1.01025e-06
x10                                   1.01e-06
dl10b                              -1.0105e-06
x10b                                 -1.01e-06
gp11                                         1
gn11                                        -1
dl11                               1.01013e-06
x11                                   1.01e-06
dl11b                              -1.0105e-06
x11b                                 -1.01e-06
gp12                                         1
gn12                                        -1
dl12                                1.0105e-06
x12                                   1.01e-06
dl12b                             -1.01025e-06
x12b                                 -1.01e-06
gp13                                         1
gn13                                        -1
dl13                                1.0105e-06
x13                                   1.01e-06
dl13b                             -1.01013e-06
x13b                                 -1.01e-06
bppull#branch                                0
vss#branch                           1.313e-11
bppush#branch                                0
vdd#branch                          -1.313e-11
vgn13#branch                                 0
vgp13#branch                                 0
vgn12#branch                                 0
vgp12#branch                                 0
vgn11#branch                                 0
vgp11#branch                                 0
vgn10#branch                                 0
vgp10#branch                                 0
vgn9#branch                                  0
vgp9#branch                                  0
vgn8#branch                                  0
vgp8#branch                                  0
vgn7#branch                                  0
vgp7#branch                                  0
vgn6#branch                                  0
vgp6#branch                                  0
vgn5#branch                                  0
vgp5#branch                                  0
vgn4#branch                                  0
vgp4#branch                                  0
vgn3#branch                                  0
vgp3#branch                                  0
vgn2#branch                                  0
vgp2#branch                                  0
vgn1#branch                                  0
vgp1#branch                                  0

 Reference value :  7.36700e-08 Reference value :  1.52750e-07 Reference value :  2.40970e-07 Reference value :  3.29730e-07 Reference value :  4.14030e-07 Reference value :  5.00950e-07 Reference value :  5.88710e-07 Reference value :  6.77730e-07 Reference value :  7.62670e-07 Reference value :  8.48510e-07 Reference value :  9.35110e-07
No. of Data Rows : 47857

  Measurements for Transient Analysis

epush1              =   5.97412e-13 from=  4.90000e-08 to=  7.10000e-08
epull1              =   5.96735e-13 from=  7.40000e-08 to=  9.60000e-08
epush2              =   8.48344e-13 from=  1.19000e-07 to=  1.41000e-07
epull2              =   8.46049e-13 from=  1.44000e-07 to=  1.66000e-07
epush3              =   1.34828e-12 from=  1.89000e-07 to=  2.11000e-07
epull3              =   1.34804e-12 from=  2.14000e-07 to=  2.36000e-07
epush4              =   2.34778e-12 from=  2.59000e-07 to=  2.81000e-07
epull4              =   2.34684e-12 from=  2.84000e-07 to=  3.06000e-07
epush5              =   4.34539e-12 from=  3.29000e-07 to=  3.51000e-07
epull5              =   4.34535e-12 from=  3.54000e-07 to=  3.76000e-07
epush6              =   8.32633e-12 from=  3.99000e-07 to=  4.21000e-07
epull6              =   8.34448e-12 from=  4.24000e-07 to=  4.46000e-07
epush7              =   2.46762e-12 from=  4.69000e-07 to=  4.91000e-07
epull7              =   2.46673e-12 from=  4.94000e-07 to=  5.16000e-07
epush8              =   3.58601e-12 from=  5.39000e-07 to=  5.61000e-07
epull8              =   3.58544e-12 from=  5.64000e-07 to=  5.86000e-07
epush9              =   4.70491e-12 from=  6.09000e-07 to=  6.31000e-07
epull9              =   4.70513e-12 from=  6.34000e-07 to=  6.56000e-07
epush10             =   2.34778e-12 from=  6.79000e-07 to=  7.01000e-07
epull10             =   1.34804e-12 from=  7.04000e-07 to=  7.26000e-07
epush11             =   4.34539e-12 from=  7.49000e-07 to=  7.71000e-07
epull11             =   1.34804e-12 from=  7.74000e-07 to=  7.96000e-07
epush12             =   1.34828e-12 from=  8.19000e-07 to=  8.41000e-07
epull12             =   2.34684e-12 from=  8.44000e-07 to=  8.66000e-07
epush13             =   1.34828e-12 from=  8.89000e-07 to=  9.11000e-07
epull13             =   4.34535e-12 from=  9.14000e-07 to=  9.36000e-07
tdp1                =  2.880707e-09 targ=  5.315359e-08 trig=  5.027289e-08
tdn1                =  2.696832e-09 targ=  7.794660e-08 trig=  7.524976e-08
tdp2                =  2.341001e-09 targ=  1.226048e-07 trig=  1.202638e-07
tdn2                =  2.064520e-09 targ=  1.472971e-07 trig=  1.452326e-07
tdp3                =  2.360943e-09 targ=  1.926465e-07 trig=  1.902856e-07
tdn3                =  1.879703e-09 targ=  2.171199e-07 trig=  2.152402e-07
tdp4                =  3.008603e-09 targ=  2.633720e-07 trig=  2.603634e-07
tdn4                =  2.070533e-09 targ=  2.873401e-07 trig=  2.852696e-07
tdp5                =  4.685525e-09 targ=  3.352224e-07 trig=  3.305369e-07
tdn5                =  2.796076e-09 targ=  3.581454e-07 trig=  3.553493e-07
tdp6                =  8.246564e-09 targ=  4.091306e-07 trig=  4.008840e-07
tdn6                =  4.505955e-09 targ=  4.300288e-07 trig=  4.255229e-07
tdp7                =  3.163902e-09 targ=  4.735379e-07 trig=  4.703739e-07
tdn7                =  2.177457e-09 targ=  4.974529e-07 trig=  4.952754e-07
tdp8                =  4.100099e-09 targ=  5.445712e-07 trig=  5.404711e-07
tdn8                =  2.582207e-09 targ=  5.678994e-07 trig=  5.653172e-07
tdp9                =  5.075385e-09 targ=  6.156437e-07 trig=  6.105683e-07
tdn9                =  3.028803e-09 targ=  6.383939e-07 trig=  6.353651e-07
tdp10               =  3.008603e-09 targ=  6.833720e-07 trig=  6.803634e-07
tdn10               =  1.879703e-09 targ=  7.071199e-07 trig=  7.052402e-07
tdp11               =  4.685525e-09 targ=  7.552224e-07 trig=  7.505369e-07
tdn11               =  1.879703e-09 targ=  7.771199e-07 trig=  7.752402e-07
tdp12               =  2.360943e-09 targ=  8.226465e-07 trig=  8.202856e-07
tdn12               =  2.070533e-09 targ=  8.473401e-07 trig=  8.452696e-07
tdp13               =  2.360943e-09 targ=  8.926465e-07 trig=  8.902856e-07
tdn13               =  2.796076e-09 targ=  9.181454e-07 trig=  9.153493e-07
vp1                 =  9.977322e-01 at=  6.999000e-08
vn1                 =  -9.978681e-01 at=  9.499000e-08
vp3                 =  9.992278e-01 at=  2.099900e-07
vn3                 =  -9.993640e-01 at=  2.349900e-07
vp6                 =  9.975129e-01 at=  4.199900e-07
vn6                 =  -9.997888e-01 at=  4.449900e-07


Total analysis time (seconds) = 2.77457

Total elapsed time (seconds) = 2.797 

Total DRAM available = 62177.324 MB.
DRAM currently available = 42139.539 MB.
Maximum ngspice program size =   34.520 MB.
Current ngspice program size =   23.852 MB.

Shared ngspice pages =   10.781 MB.
Text (code) pages =    7.578 MB.
Stack = 0 bytes.
Library pages =   13.113 MB.

