
 /----------------------------------------------------------------------------\
 |  yosys -- Yosys Open SYnthesis Suite                                       |
 |  Copyright (C) 2012 - 2025  Claire Xenia Wolf <claire@yosyshq.com>         |
 |  Distributed under an ISC-like license, type "license" to see terms        |
 \----------------------------------------------------------------------------/
 Yosys 0.52 (git sha1 fee39a3284c90249e1d9684cf6944ffbbcbb8f90)

-- Executing script file `design_prep.ys' --

1. Executing RTLIL frontend.
Input filename: design.il

2. Executing SCC pass (detecting logic loops).
Found 0 SCCs in module tadd1_wrapper.
Found 0 SCCs in module tadd1_verify.
Found 0 SCCs.

3. Executing SIMPLEMAP pass (map simple cells to gate primitives).

4. Executing MEMORY_NORDFF pass (extracting $dff cells from memories).

5. Executing ASYNC2SYNC pass.

6. Executing OPT_CLEAN pass (remove unused cells and wires).
Finding unused cells or wires in module \tadd1_wrapper..
Finding unused cells or wires in module \tadd1_verify..
Removed 33 unused cells and 33 unused wires.
<suppressed ~34 debug messages>

7. Executing FORMALFF pass.

8. Executing OPT_CLEAN pass (remove unused cells and wires).
Finding unused cells or wires in module \tadd1_verify..
Finding unused cells or wires in module \tadd1_wrapper..
Removed 36 unused cells and 37 unused wires.
<suppressed ~49 debug messages>

9. Executing CHECK pass (checking for obvious problems).
Checking module tadd1_verify...
Checking module tadd1_wrapper...
Found and reported 0 problems.

10. Executing SETUNDEF pass (replace undef values with defined constants).

11. Executing OPT pass (performing simple optimizations).

11.1. Executing OPT_EXPR pass (perform const folding).
Optimizing module tadd1_verify.
Optimizing module tadd1_wrapper.

11.2. Executing OPT_MERGE pass (detect identical cells).
Finding identical cells in module `\tadd1_verify'.
Finding identical cells in module `\tadd1_wrapper'.
Removed a total of 0 cells.

11.3. Executing OPT_DFF pass (perform DFF optimizations).

11.4. Executing OPT_CLEAN pass (remove unused cells and wires).
Finding unused cells or wires in module \tadd1_verify..
Finding unused cells or wires in module \tadd1_wrapper..
Removed 13 unused cells and 26 unused wires.
<suppressed ~27 debug messages>

11.5. Finished fast OPT passes.

12. Executing OPT_CLEAN pass (remove unused cells and wires).
Finding unused cells or wires in module \tadd1_verify..
Finding unused cells or wires in module \tadd1_wrapper..

13. Executing RTLIL backend.
Output filename: ../model/design_prep.il

End of script. Logfile hash: 6d4957e3fc, CPU: user 0.03s system 0.01s, MEM: 15.75 MB peak
Yosys 0.52 (git sha1 fee39a3284c90249e1d9684cf6944ffbbcbb8f90)
Time spent: 32% 4x opt_clean (0 sec), 18% 2x read_rtlil (0 sec), ...
